<html>
<body>
<pre>
<h1>µVision Build Log</h1>
<h2>Tool Versions:</h2>
IDE-Version: ¦ÌVision V5.26.2.0
Copyright (C) 2018 ARM Ltd and ARM Germany GmbH. All rights reserved.
License Information: raspi,  , LIC=IK1BF-6Q24W-VE0HA-19IAT-U4XUB-WTSET
 
Tool Versions:
Toolchain:       MDK-ARM Plus  Version: 5.26.2.0
Toolchain Path:  D:\1.Work\Flushbonading\keil\ARM\ARMCC\Bin
C Compiler:      Armcc.exe V5.06 update 6 (build 750)
Assembler:       Armasm.exe V5.06 update 6 (build 750)
Linker/Locator:  ArmLink.exe V5.06 update 6 (build 750)
Library Manager: ArmAr.exe V5.06 update 6 (build 750)
Hex Converter:   FromElf.exe V5.06 update 6 (build 750)
CPU DLL:         SARMCM3.DLL V5.26.2.0
Dialog DLL:      DCM.DLL V1.17.2.0
Target DLL:      CMSIS_AGDI.dll V1.30.6.0
Dialog DLL:      TCM.DLL V1.36.1.0
 
<h2>Project:</h2>
E:\Desktop\Quadruped_F767\MDK-ARM\Quadruped_F767.uvprojx
Project File Date:  06/07/2025

<h2>Output:</h2>
*** Using Compiler 'V5.06 update 6 (build 750)', folder: 'D:\1.Work\Flushbonading\keil\ARM\ARMCC\Bin'
Build target 'Quadruped_F767'
compiling robot_params.c...
..\My\Src\robot_params.c(141): warning:  #1035-D: single-precision operand implicitly converted to double-precision
                  .calf_zero_pos = MOTOR_HR_CALF_ANGLE_ZERO_POS
..\My\Src\robot_params.c: 1 warning, 0 errors
linking...
Program Size: Code=42072 RO-data=1544 RW-data=1576 ZI-data=20936  
FromELF: creating hex file...
"Quadruped_F767\Quadruped_F767.axf" - 0 Error(s), 1 Warning(s).

<h2>Software Packages used:</h2>

Package Vendor: ARM
                http://www.keil.com/pack/ARM.CMSIS.5.9.0.pack
                ARM.CMSIS.5.9.0
                CMSIS (Common Microcontroller Software Interface Standard)
   * Component: CORE Version: 5.6.0

Package Vendor: Keil
                https://www.keil.com/pack/Keil.STM32F7xx_DFP.2.15.2.pack
                Keil.STM32F7xx_DFP.2.15.2
                STMicroelectronics STM32F7 Series Device Support, Drivers and Examples

<h2>Collection of Component include folders:</h2>
  .\RTE\_Quadruped_F767
  D:\1.Work\Flushbonading\keil\ARM\PACK\ARM\CMSIS\5.9.0\CMSIS\Core\Include
  D:\1.Work\Flushbonading\keil\ARM\PACK\Keil\STM32F7xx_DFP\2.15.2\Drivers\CMSIS\Device\ST\STM32F7xx\Include

<h2>Collection of Component Files used:</h2>

   * Component: ARM::CMSIS:CORE:5.6.0
      Include file:  CMSIS\Core\Include\tz_context.h
Build Time Elapsed:  00:00:07
</pre>
</body>
</html>
