<!doctype html public "-//w3c//dtd html 4.0 transitional//en">
<html><head>
<title>Static Call Graph - [Quadruped_F767\Quadruped_F767.axf]</title></head>
<body><HR>
<H1>Static Call Graph for image Quadruped_F767\Quadruped_F767.axf</H1><HR>
<BR><P>#&#060CALLGRAPH&#062# ARM Linker, 5060750: Last Updated: Thu Jun 12 13:57:24 2025
<BR><P>
<H3>Maximum Stack Usage =        768 bytes + Unknown(Cycles, Untraceable Function Pointers)</H3><H3>
Call chain for Maximum Stack Depth:</H3>
stand_run &rArr; leg_foot_to_motor_force_pos_vel &rArr; leg_inverse_kinematics_force_pos_vel &rArr; leg_inverse_kinematics &rArr; __hardfp_sin &rArr; __ieee754_rem_pio2 &rArr; __aeabi_dsub &rArr; __aeabi_dadd &rArr; _double_epilogue &rArr; _double_round
<P>
<H3>
Mutually Recursive functions
</H3> <LI><a href="#[1d]">ADC_IRQHandler</a>&nbsp;&nbsp;&nbsp;&rArr;&nbsp;&nbsp;&nbsp;<a href="#[1d]">ADC_IRQHandler</a><BR>
 <LI><a href="#[5]">BusFault_Handler</a>&nbsp;&nbsp;&nbsp;&rArr;&nbsp;&nbsp;&nbsp;<a href="#[5]">BusFault_Handler</a><BR>
 <LI><a href="#[3]">HardFault_Handler</a>&nbsp;&nbsp;&nbsp;&rArr;&nbsp;&nbsp;&nbsp;<a href="#[3]">HardFault_Handler</a><BR>
 <LI><a href="#[4]">MemManage_Handler</a>&nbsp;&nbsp;&nbsp;&rArr;&nbsp;&nbsp;&nbsp;<a href="#[4]">MemManage_Handler</a><BR>
 <LI><a href="#[2]">NMI_Handler</a>&nbsp;&nbsp;&nbsp;&rArr;&nbsp;&nbsp;&nbsp;<a href="#[2]">NMI_Handler</a><BR>
 <LI><a href="#[f4]">UART_EndRxTransfer</a>&nbsp;&nbsp;&nbsp;&rArr;&nbsp;&nbsp;&nbsp;<a href="#[f4]">UART_EndRxTransfer</a><BR>
 <LI><a href="#[f3]">UART_EndTxTransfer</a>&nbsp;&nbsp;&nbsp;&rArr;&nbsp;&nbsp;&nbsp;<a href="#[f3]">UART_EndTxTransfer</a><BR>
 <LI><a href="#[6]">UsageFault_Handler</a>&nbsp;&nbsp;&nbsp;&rArr;&nbsp;&nbsp;&nbsp;<a href="#[6]">UsageFault_Handler</a><BR>
</UL>
<P>
<H3>
Function Pointers
</H3><UL>
 <LI><a href="#[1d]">ADC_IRQHandler</a> from startup_stm32f767xx.o(.text) referenced from startup_stm32f767xx.o(RESET)
 <LI><a href="#[5]">BusFault_Handler</a> from stm32f7xx_it.o(i.BusFault_Handler) referenced from startup_stm32f767xx.o(RESET)
 <LI><a href="#[1f]">CAN1_RX0_IRQHandler</a> from stm32f7xx_it.o(i.CAN1_RX0_IRQHandler) referenced from startup_stm32f767xx.o(RESET)
 <LI><a href="#[20]">CAN1_RX1_IRQHandler</a> from startup_stm32f767xx.o(.text) referenced from startup_stm32f767xx.o(RESET)
 <LI><a href="#[21]">CAN1_SCE_IRQHandler</a> from startup_stm32f767xx.o(.text) referenced from startup_stm32f767xx.o(RESET)
 <LI><a href="#[1e]">CAN1_TX_IRQHandler</a> from startup_stm32f767xx.o(.text) referenced from startup_stm32f767xx.o(RESET)
 <LI><a href="#[4b]">CAN2_RX0_IRQHandler</a> from stm32f7xx_it.o(i.CAN2_RX0_IRQHandler) referenced from startup_stm32f767xx.o(RESET)
 <LI><a href="#[4c]">CAN2_RX1_IRQHandler</a> from startup_stm32f767xx.o(.text) referenced from startup_stm32f767xx.o(RESET)
 <LI><a href="#[4d]">CAN2_SCE_IRQHandler</a> from startup_stm32f767xx.o(.text) referenced from startup_stm32f767xx.o(RESET)
 <LI><a href="#[4a]">CAN2_TX_IRQHandler</a> from startup_stm32f767xx.o(.text) referenced from startup_stm32f767xx.o(RESET)
 <LI><a href="#[72]">CAN3_RX0_IRQHandler</a> from stm32f7xx_it.o(i.CAN3_RX0_IRQHandler) referenced from startup_stm32f767xx.o(RESET)
 <LI><a href="#[73]">CAN3_RX1_IRQHandler</a> from startup_stm32f767xx.o(.text) referenced from startup_stm32f767xx.o(RESET)
 <LI><a href="#[74]">CAN3_SCE_IRQHandler</a> from startup_stm32f767xx.o(.text) referenced from startup_stm32f767xx.o(RESET)
 <LI><a href="#[71]">CAN3_TX_IRQHandler</a> from startup_stm32f767xx.o(.text) referenced from startup_stm32f767xx.o(RESET)
 <LI><a href="#[68]">CEC_IRQHandler</a> from startup_stm32f767xx.o(.text) referenced from startup_stm32f767xx.o(RESET)
 <LI><a href="#[59]">DCMI_IRQHandler</a> from startup_stm32f767xx.o(.text) referenced from startup_stm32f767xx.o(RESET)
 <LI><a href="#[6c]">DFSDM1_FLT0_IRQHandler</a> from startup_stm32f767xx.o(.text) referenced from startup_stm32f767xx.o(RESET)
 <LI><a href="#[6d]">DFSDM1_FLT1_IRQHandler</a> from startup_stm32f767xx.o(.text) referenced from startup_stm32f767xx.o(RESET)
 <LI><a href="#[6e]">DFSDM1_FLT2_IRQHandler</a> from startup_stm32f767xx.o(.text) referenced from startup_stm32f767xx.o(RESET)
 <LI><a href="#[6f]">DFSDM1_FLT3_IRQHandler</a> from startup_stm32f767xx.o(.text) referenced from startup_stm32f767xx.o(RESET)
 <LI><a href="#[16]">DMA1_Stream0_IRQHandler</a> from startup_stm32f767xx.o(.text) referenced from startup_stm32f767xx.o(RESET)
 <LI><a href="#[17]">DMA1_Stream1_IRQHandler</a> from startup_stm32f767xx.o(.text) referenced from startup_stm32f767xx.o(RESET)
 <LI><a href="#[18]">DMA1_Stream2_IRQHandler</a> from startup_stm32f767xx.o(.text) referenced from startup_stm32f767xx.o(RESET)
 <LI><a href="#[19]">DMA1_Stream3_IRQHandler</a> from startup_stm32f767xx.o(.text) referenced from startup_stm32f767xx.o(RESET)
 <LI><a href="#[1a]">DMA1_Stream4_IRQHandler</a> from stm32f7xx_it.o(i.DMA1_Stream4_IRQHandler) referenced from startup_stm32f767xx.o(RESET)
 <LI><a href="#[1b]">DMA1_Stream5_IRQHandler</a> from stm32f7xx_it.o(i.DMA1_Stream5_IRQHandler) referenced from startup_stm32f767xx.o(RESET)
 <LI><a href="#[1c]">DMA1_Stream6_IRQHandler</a> from startup_stm32f767xx.o(.text) referenced from startup_stm32f767xx.o(RESET)
 <LI><a href="#[3a]">DMA1_Stream7_IRQHandler</a> from startup_stm32f767xx.o(.text) referenced from startup_stm32f767xx.o(RESET)
 <LI><a href="#[64]">DMA2D_IRQHandler</a> from startup_stm32f767xx.o(.text) referenced from startup_stm32f767xx.o(RESET)
 <LI><a href="#[43]">DMA2_Stream0_IRQHandler</a> from startup_stm32f767xx.o(.text) referenced from startup_stm32f767xx.o(RESET)
 <LI><a href="#[44]">DMA2_Stream1_IRQHandler</a> from stm32f7xx_it.o(i.DMA2_Stream1_IRQHandler) referenced from startup_stm32f767xx.o(RESET)
 <LI><a href="#[45]">DMA2_Stream2_IRQHandler</a> from stm32f7xx_it.o(i.DMA2_Stream2_IRQHandler) referenced from startup_stm32f767xx.o(RESET)
 <LI><a href="#[46]">DMA2_Stream3_IRQHandler</a> from startup_stm32f767xx.o(.text) referenced from startup_stm32f767xx.o(RESET)
 <LI><a href="#[47]">DMA2_Stream4_IRQHandler</a> from startup_stm32f767xx.o(.text) referenced from startup_stm32f767xx.o(RESET)
 <LI><a href="#[4f]">DMA2_Stream5_IRQHandler</a> from startup_stm32f767xx.o(.text) referenced from startup_stm32f767xx.o(RESET)
 <LI><a href="#[50]">DMA2_Stream6_IRQHandler</a> from startup_stm32f767xx.o(.text) referenced from startup_stm32f767xx.o(RESET)
 <LI><a href="#[51]">DMA2_Stream7_IRQHandler</a> from startup_stm32f767xx.o(.text) referenced from startup_stm32f767xx.o(RESET)
 <LI><a href="#[8]">DebugMon_Handler</a> from stm32f7xx_it.o(i.DebugMon_Handler) referenced from startup_stm32f767xx.o(RESET)
 <LI><a href="#[48]">ETH_IRQHandler</a> from startup_stm32f767xx.o(.text) referenced from startup_stm32f767xx.o(RESET)
 <LI><a href="#[49]">ETH_WKUP_IRQHandler</a> from startup_stm32f767xx.o(.text) referenced from startup_stm32f767xx.o(RESET)
 <LI><a href="#[11]">EXTI0_IRQHandler</a> from startup_stm32f767xx.o(.text) referenced from startup_stm32f767xx.o(RESET)
 <LI><a href="#[33]">EXTI15_10_IRQHandler</a> from startup_stm32f767xx.o(.text) referenced from startup_stm32f767xx.o(RESET)
 <LI><a href="#[12]">EXTI1_IRQHandler</a> from startup_stm32f767xx.o(.text) referenced from startup_stm32f767xx.o(RESET)
 <LI><a href="#[13]">EXTI2_IRQHandler</a> from startup_stm32f767xx.o(.text) referenced from startup_stm32f767xx.o(RESET)
 <LI><a href="#[14]">EXTI3_IRQHandler</a> from startup_stm32f767xx.o(.text) referenced from startup_stm32f767xx.o(RESET)
 <LI><a href="#[15]">EXTI4_IRQHandler</a> from startup_stm32f767xx.o(.text) referenced from startup_stm32f767xx.o(RESET)
 <LI><a href="#[22]">EXTI9_5_IRQHandler</a> from startup_stm32f767xx.o(.text) referenced from startup_stm32f767xx.o(RESET)
 <LI><a href="#[f]">FLASH_IRQHandler</a> from startup_stm32f767xx.o(.text) referenced from startup_stm32f767xx.o(RESET)
 <LI><a href="#[3b]">FMC_IRQHandler</a> from startup_stm32f767xx.o(.text) referenced from startup_stm32f767xx.o(RESET)
 <LI><a href="#[5b]">FPU_IRQHandler</a> from startup_stm32f767xx.o(.text) referenced from startup_stm32f767xx.o(RESET)
 <LI><a href="#[3]">HardFault_Handler</a> from stm32f7xx_it.o(i.HardFault_Handler) referenced from startup_stm32f767xx.o(RESET)
 <LI><a href="#[2b]">I2C1_ER_IRQHandler</a> from startup_stm32f767xx.o(.text) referenced from startup_stm32f767xx.o(RESET)
 <LI><a href="#[2a]">I2C1_EV_IRQHandler</a> from startup_stm32f767xx.o(.text) referenced from startup_stm32f767xx.o(RESET)
 <LI><a href="#[2d]">I2C2_ER_IRQHandler</a> from startup_stm32f767xx.o(.text) referenced from startup_stm32f767xx.o(RESET)
 <LI><a href="#[2c]">I2C2_EV_IRQHandler</a> from startup_stm32f767xx.o(.text) referenced from startup_stm32f767xx.o(RESET)
 <LI><a href="#[54]">I2C3_ER_IRQHandler</a> from startup_stm32f767xx.o(.text) referenced from startup_stm32f767xx.o(RESET)
 <LI><a href="#[53]">I2C3_EV_IRQHandler</a> from startup_stm32f767xx.o(.text) referenced from startup_stm32f767xx.o(RESET)
 <LI><a href="#[6a]">I2C4_ER_IRQHandler</a> from startup_stm32f767xx.o(.text) referenced from startup_stm32f767xx.o(RESET)
 <LI><a href="#[69]">I2C4_EV_IRQHandler</a> from startup_stm32f767xx.o(.text) referenced from startup_stm32f767xx.o(RESET)
 <LI><a href="#[75]">JPEG_IRQHandler</a> from startup_stm32f767xx.o(.text) referenced from startup_stm32f767xx.o(RESET)
 <LI><a href="#[67]">LPTIM1_IRQHandler</a> from startup_stm32f767xx.o(.text) referenced from startup_stm32f767xx.o(RESET)
 <LI><a href="#[63]">LTDC_ER_IRQHandler</a> from startup_stm32f767xx.o(.text) referenced from startup_stm32f767xx.o(RESET)
 <LI><a href="#[62]">LTDC_IRQHandler</a> from startup_stm32f767xx.o(.text) referenced from startup_stm32f767xx.o(RESET)
 <LI><a href="#[76]">MDIOS_IRQHandler</a> from startup_stm32f767xx.o(.text) referenced from startup_stm32f767xx.o(RESET)
 <LI><a href="#[4]">MemManage_Handler</a> from stm32f7xx_it.o(i.MemManage_Handler) referenced from startup_stm32f767xx.o(RESET)
 <LI><a href="#[2]">NMI_Handler</a> from stm32f7xx_it.o(i.NMI_Handler) referenced from startup_stm32f767xx.o(RESET)
 <LI><a href="#[4e]">OTG_FS_IRQHandler</a> from startup_stm32f767xx.o(.text) referenced from startup_stm32f767xx.o(RESET)
 <LI><a href="#[35]">OTG_FS_WKUP_IRQHandler</a> from startup_stm32f767xx.o(.text) referenced from startup_stm32f767xx.o(RESET)
 <LI><a href="#[56]">OTG_HS_EP1_IN_IRQHandler</a> from startup_stm32f767xx.o(.text) referenced from startup_stm32f767xx.o(RESET)
 <LI><a href="#[55]">OTG_HS_EP1_OUT_IRQHandler</a> from startup_stm32f767xx.o(.text) referenced from startup_stm32f767xx.o(RESET)
 <LI><a href="#[58]">OTG_HS_IRQHandler</a> from startup_stm32f767xx.o(.text) referenced from startup_stm32f767xx.o(RESET)
 <LI><a href="#[57]">OTG_HS_WKUP_IRQHandler</a> from startup_stm32f767xx.o(.text) referenced from startup_stm32f767xx.o(RESET)
 <LI><a href="#[c]">PVD_IRQHandler</a> from startup_stm32f767xx.o(.text) referenced from startup_stm32f767xx.o(RESET)
 <LI><a href="#[9]">PendSV_Handler</a> from stm32f7xx_it.o(i.PendSV_Handler) referenced from startup_stm32f767xx.o(RESET)
 <LI><a href="#[66]">QUADSPI_IRQHandler</a> from startup_stm32f767xx.o(.text) referenced from startup_stm32f767xx.o(RESET)
 <LI><a href="#[10]">RCC_IRQHandler</a> from startup_stm32f767xx.o(.text) referenced from startup_stm32f767xx.o(RESET)
 <LI><a href="#[5a]">RNG_IRQHandler</a> from startup_stm32f767xx.o(.text) referenced from startup_stm32f767xx.o(RESET)
 <LI><a href="#[34]">RTC_Alarm_IRQHandler</a> from startup_stm32f767xx.o(.text) referenced from startup_stm32f767xx.o(RESET)
 <LI><a href="#[e]">RTC_WKUP_IRQHandler</a> from startup_stm32f767xx.o(.text) referenced from startup_stm32f767xx.o(RESET)
 <LI><a href="#[1]">Reset_Handler</a> from startup_stm32f767xx.o(.text) referenced from startup_stm32f767xx.o(RESET)
 <LI><a href="#[61]">SAI1_IRQHandler</a> from startup_stm32f767xx.o(.text) referenced from startup_stm32f767xx.o(RESET)
 <LI><a href="#[65]">SAI2_IRQHandler</a> from startup_stm32f767xx.o(.text) referenced from startup_stm32f767xx.o(RESET)
 <LI><a href="#[3c]">SDMMC1_IRQHandler</a> from startup_stm32f767xx.o(.text) referenced from startup_stm32f767xx.o(RESET)
 <LI><a href="#[70]">SDMMC2_IRQHandler</a> from startup_stm32f767xx.o(.text) referenced from startup_stm32f767xx.o(RESET)
 <LI><a href="#[6b]">SPDIF_RX_IRQHandler</a> from startup_stm32f767xx.o(.text) referenced from startup_stm32f767xx.o(RESET)
 <LI><a href="#[2e]">SPI1_IRQHandler</a> from startup_stm32f767xx.o(.text) referenced from startup_stm32f767xx.o(RESET)
 <LI><a href="#[2f]">SPI2_IRQHandler</a> from startup_stm32f767xx.o(.text) referenced from startup_stm32f767xx.o(RESET)
 <LI><a href="#[3e]">SPI3_IRQHandler</a> from startup_stm32f767xx.o(.text) referenced from startup_stm32f767xx.o(RESET)
 <LI><a href="#[5e]">SPI4_IRQHandler</a> from startup_stm32f767xx.o(.text) referenced from startup_stm32f767xx.o(RESET)
 <LI><a href="#[5f]">SPI5_IRQHandler</a> from startup_stm32f767xx.o(.text) referenced from startup_stm32f767xx.o(RESET)
 <LI><a href="#[60]">SPI6_IRQHandler</a> from startup_stm32f767xx.o(.text) referenced from startup_stm32f767xx.o(RESET)
 <LI><a href="#[7]">SVC_Handler</a> from stm32f7xx_it.o(i.SVC_Handler) referenced from startup_stm32f767xx.o(RESET)
 <LI><a href="#[a]">SysTick_Handler</a> from stm32f7xx_it.o(i.SysTick_Handler) referenced from startup_stm32f767xx.o(RESET)
 <LI><a href="#[78]">SystemInit</a> from system_stm32f7xx.o(i.SystemInit) referenced from startup_stm32f767xx.o(.text)
 <LI><a href="#[d]">TAMP_STAMP_IRQHandler</a> from startup_stm32f767xx.o(.text) referenced from startup_stm32f767xx.o(RESET)
 <LI><a href="#[23]">TIM1_BRK_TIM9_IRQHandler</a> from stm32f7xx_it.o(i.TIM1_BRK_TIM9_IRQHandler) referenced from startup_stm32f767xx.o(RESET)
 <LI><a href="#[26]">TIM1_CC_IRQHandler</a> from startup_stm32f767xx.o(.text) referenced from startup_stm32f767xx.o(RESET)
 <LI><a href="#[25]">TIM1_TRG_COM_TIM11_IRQHandler</a> from startup_stm32f767xx.o(.text) referenced from startup_stm32f767xx.o(RESET)
 <LI><a href="#[24]">TIM1_UP_TIM10_IRQHandler</a> from stm32f7xx_it.o(i.TIM1_UP_TIM10_IRQHandler) referenced from startup_stm32f767xx.o(RESET)
 <LI><a href="#[27]">TIM2_IRQHandler</a> from stm32f7xx_it.o(i.TIM2_IRQHandler) referenced from startup_stm32f767xx.o(RESET)
 <LI><a href="#[28]">TIM3_IRQHandler</a> from stm32f7xx_it.o(i.TIM3_IRQHandler) referenced from startup_stm32f767xx.o(RESET)
 <LI><a href="#[29]">TIM4_IRQHandler</a> from stm32f7xx_it.o(i.TIM4_IRQHandler) referenced from startup_stm32f767xx.o(RESET)
 <LI><a href="#[3d]">TIM5_IRQHandler</a> from stm32f7xx_it.o(i.TIM5_IRQHandler) referenced from startup_stm32f767xx.o(RESET)
 <LI><a href="#[41]">TIM6_DAC_IRQHandler</a> from stm32f7xx_it.o(i.TIM6_DAC_IRQHandler) referenced from startup_stm32f767xx.o(RESET)
 <LI><a href="#[42]">TIM7_IRQHandler</a> from stm32f7xx_it.o(i.TIM7_IRQHandler) referenced from startup_stm32f767xx.o(RESET)
 <LI><a href="#[36]">TIM8_BRK_TIM12_IRQHandler</a> from startup_stm32f767xx.o(.text) referenced from startup_stm32f767xx.o(RESET)
 <LI><a href="#[39]">TIM8_CC_IRQHandler</a> from startup_stm32f767xx.o(.text) referenced from startup_stm32f767xx.o(RESET)
 <LI><a href="#[38]">TIM8_TRG_COM_TIM14_IRQHandler</a> from startup_stm32f767xx.o(.text) referenced from startup_stm32f767xx.o(RESET)
 <LI><a href="#[37]">TIM8_UP_TIM13_IRQHandler</a> from startup_stm32f767xx.o(.text) referenced from startup_stm32f767xx.o(RESET)
 <LI><a href="#[3f]">UART4_IRQHandler</a> from stm32f7xx_it.o(i.UART4_IRQHandler) referenced from startup_stm32f767xx.o(RESET)
 <LI><a href="#[40]">UART5_IRQHandler</a> from startup_stm32f767xx.o(.text) referenced from startup_stm32f767xx.o(RESET)
 <LI><a href="#[5c]">UART7_IRQHandler</a> from startup_stm32f767xx.o(.text) referenced from startup_stm32f767xx.o(RESET)
 <LI><a href="#[5d]">UART8_IRQHandler</a> from startup_stm32f767xx.o(.text) referenced from startup_stm32f767xx.o(RESET)
 <LI><a href="#[7a]">UART_DMAAbortOnError</a> from stm32f7xx_hal_uart.o(i.UART_DMAAbortOnError) referenced from stm32f7xx_hal_uart.o(i.HAL_UART_IRQHandler)
 <LI><a href="#[7d]">UART_DMAError</a> from stm32f7xx_hal_uart.o(i.UART_DMAError) referenced from stm32f7xx_hal_uart.o(i.HAL_UART_Transmit_DMA)
 <LI><a href="#[7d]">UART_DMAError</a> from stm32f7xx_hal_uart.o(i.UART_DMAError) referenced from stm32f7xx_hal_uart.o(i.UART_Start_Receive_DMA)
 <LI><a href="#[7e]">UART_DMAReceiveCplt</a> from stm32f7xx_hal_uart.o(i.UART_DMAReceiveCplt) referenced from stm32f7xx_hal_uart.o(i.UART_Start_Receive_DMA)
 <LI><a href="#[7f]">UART_DMARxHalfCplt</a> from stm32f7xx_hal_uart.o(i.UART_DMARxHalfCplt) referenced from stm32f7xx_hal_uart.o(i.UART_Start_Receive_DMA)
 <LI><a href="#[7b]">UART_DMATransmitCplt</a> from stm32f7xx_hal_uart.o(i.UART_DMATransmitCplt) referenced from stm32f7xx_hal_uart.o(i.HAL_UART_Transmit_DMA)
 <LI><a href="#[7c]">UART_DMATxHalfCplt</a> from stm32f7xx_hal_uart.o(i.UART_DMATxHalfCplt) referenced from stm32f7xx_hal_uart.o(i.HAL_UART_Transmit_DMA)
 <LI><a href="#[30]">USART1_IRQHandler</a> from stm32f7xx_it.o(i.USART1_IRQHandler) referenced from startup_stm32f767xx.o(RESET)
 <LI><a href="#[31]">USART2_IRQHandler</a> from stm32f7xx_it.o(i.USART2_IRQHandler) referenced from startup_stm32f767xx.o(RESET)
 <LI><a href="#[32]">USART3_IRQHandler</a> from startup_stm32f767xx.o(.text) referenced from startup_stm32f767xx.o(RESET)
 <LI><a href="#[52]">USART6_IRQHandler</a> from stm32f7xx_it.o(i.USART6_IRQHandler) referenced from startup_stm32f767xx.o(RESET)
 <LI><a href="#[6]">UsageFault_Handler</a> from stm32f7xx_it.o(i.UsageFault_Handler) referenced from startup_stm32f767xx.o(RESET)
 <LI><a href="#[b]">WWDG_IRQHandler</a> from startup_stm32f767xx.o(.text) referenced from startup_stm32f767xx.o(RESET)
 <LI><a href="#[79]">__main</a> from entry.o(.ARM.Collect$$$$00000000) referenced from startup_stm32f767xx.o(.text)
 <LI><a href="#[81]">default_checker</a> from fsm.o(i.default_checker) referenced from fsm.o(i.fsm_init)
 <LI><a href="#[80]">default_handler</a> from fsm.o(i.default_handler) referenced from fsm.o(i.fsm_init)
 <LI><a href="#[77]">main</a> from main.o(i.main) referenced from entry9a.o(.ARM.Collect$$$$0000000B)
 <LI><a href="#[82]">passive_check_transition</a> from passive_state.o(i.passive_check_transition) referenced from passive_state.o(i.register_passive_state)
 <LI><a href="#[85]">passive_enter</a> from passive_state.o(i.passive_enter) referenced from passive_state.o(i.register_passive_state)
 <LI><a href="#[83]">passive_exit</a> from passive_state.o(i.passive_exit) referenced from passive_state.o(i.register_passive_state)
 <LI><a href="#[84]">passive_run</a> from passive_state.o(i.passive_run) referenced from passive_state.o(i.register_passive_state)
 <LI><a href="#[86]">stand_check_transition</a> from stand_state.o(i.stand_check_transition) referenced from stand_state.o(i.register_stand_state)
 <LI><a href="#[89]">stand_enter</a> from stand_state.o(i.stand_enter) referenced from stand_state.o(i.register_stand_state)
 <LI><a href="#[87]">stand_exit</a> from stand_state.o(i.stand_exit) referenced from stand_state.o(i.register_stand_state)
 <LI><a href="#[88]">stand_run</a> from stand_state.o(i.stand_run) referenced from stand_state.o(i.register_stand_state)
 <LI><a href="#[8a]">trot_check_transition</a> from trot_state.o(i.trot_check_transition) referenced from trot_state.o(i.register_trot_state)
 <LI><a href="#[8d]">trot_enter</a> from trot_state.o(i.trot_enter) referenced from trot_state.o(i.register_trot_state)
 <LI><a href="#[8b]">trot_exit</a> from trot_state.o(i.trot_exit) referenced from trot_state.o(i.register_trot_state)
 <LI><a href="#[8c]">trot_run</a> from trot_state.o(i.trot_run) referenced from trot_state.o(i.register_trot_state)
</UL>
<P>
<H3>
Global Symbols
</H3>
<P><STRONG><a name="[79]"></a>__main</STRONG> (Thumb, 0 bytes, Stack size unknown bytes, entry.o(.ARM.Collect$$$$00000000))
<BR>[Address Reference Count : 1]<UL><LI> startup_stm32f767xx.o(.text)
</UL>
<P><STRONG><a name="[1ae]"></a>_main_stk</STRONG> (Thumb, 0 bytes, Stack size unknown bytes, entry2.o(.ARM.Collect$$$$00000001))

<P><STRONG><a name="[8e]"></a>_main_scatterload</STRONG> (Thumb, 0 bytes, Stack size unknown bytes, entry5.o(.ARM.Collect$$$$00000004))
<BR><BR>[Calls]<UL><LI><a href="#[8f]">&gt;&gt;</a>&nbsp;&nbsp;&nbsp;__scatterload
</UL>

<P><STRONG><a name="[a2]"></a>__main_after_scatterload</STRONG> (Thumb, 0 bytes, Stack size unknown bytes, entry5.o(.ARM.Collect$$$$00000004))
<BR><BR>[Called By]<UL><LI><a href="#[8f]">&gt;&gt;</a>&nbsp;&nbsp;&nbsp;__scatterload
</UL>

<P><STRONG><a name="[1af]"></a>_main_clock</STRONG> (Thumb, 0 bytes, Stack size unknown bytes, entry7b.o(.ARM.Collect$$$$00000008))

<P><STRONG><a name="[1b0]"></a>_main_cpp_init</STRONG> (Thumb, 0 bytes, Stack size unknown bytes, entry8b.o(.ARM.Collect$$$$0000000A))

<P><STRONG><a name="[1b1]"></a>_main_init</STRONG> (Thumb, 0 bytes, Stack size unknown bytes, entry9a.o(.ARM.Collect$$$$0000000B))

<P><STRONG><a name="[1b2]"></a>__rt_final_cpp</STRONG> (Thumb, 0 bytes, Stack size unknown bytes, entry10a.o(.ARM.Collect$$$$0000000D))

<P><STRONG><a name="[1b3]"></a>__rt_final_exit</STRONG> (Thumb, 0 bytes, Stack size unknown bytes, entry11a.o(.ARM.Collect$$$$0000000F))

<P><STRONG><a name="[1]"></a>Reset_Handler</STRONG> (Thumb, 8 bytes, Stack size 0 bytes, startup_stm32f767xx.o(.text))
<BR>[Address Reference Count : 1]<UL><LI> startup_stm32f767xx.o(RESET)
</UL>
<P><STRONG><a name="[1d]"></a>ADC_IRQHandler</STRONG> (Thumb, 0 bytes, Stack size 0 bytes, startup_stm32f767xx.o(.text))
<BR><BR>[Calls]<UL><LI><a href="#[1d]">&gt;&gt;</a>&nbsp;&nbsp;&nbsp;ADC_IRQHandler
</UL>
<BR>[Called By]<UL><LI><a href="#[1d]">&gt;&gt;</a>&nbsp;&nbsp;&nbsp;ADC_IRQHandler
</UL>
<BR>[Address Reference Count : 1]<UL><LI> startup_stm32f767xx.o(RESET)
</UL>
<P><STRONG><a name="[20]"></a>CAN1_RX1_IRQHandler</STRONG> (Thumb, 0 bytes, Stack size 0 bytes, startup_stm32f767xx.o(.text))
<BR>[Address Reference Count : 1]<UL><LI> startup_stm32f767xx.o(RESET)
</UL>
<P><STRONG><a name="[21]"></a>CAN1_SCE_IRQHandler</STRONG> (Thumb, 0 bytes, Stack size 0 bytes, startup_stm32f767xx.o(.text))
<BR>[Address Reference Count : 1]<UL><LI> startup_stm32f767xx.o(RESET)
</UL>
<P><STRONG><a name="[1e]"></a>CAN1_TX_IRQHandler</STRONG> (Thumb, 0 bytes, Stack size 0 bytes, startup_stm32f767xx.o(.text))
<BR>[Address Reference Count : 1]<UL><LI> startup_stm32f767xx.o(RESET)
</UL>
<P><STRONG><a name="[4c]"></a>CAN2_RX1_IRQHandler</STRONG> (Thumb, 0 bytes, Stack size 0 bytes, startup_stm32f767xx.o(.text))
<BR>[Address Reference Count : 1]<UL><LI> startup_stm32f767xx.o(RESET)
</UL>
<P><STRONG><a name="[4d]"></a>CAN2_SCE_IRQHandler</STRONG> (Thumb, 0 bytes, Stack size 0 bytes, startup_stm32f767xx.o(.text))
<BR>[Address Reference Count : 1]<UL><LI> startup_stm32f767xx.o(RESET)
</UL>
<P><STRONG><a name="[4a]"></a>CAN2_TX_IRQHandler</STRONG> (Thumb, 0 bytes, Stack size 0 bytes, startup_stm32f767xx.o(.text))
<BR>[Address Reference Count : 1]<UL><LI> startup_stm32f767xx.o(RESET)
</UL>
<P><STRONG><a name="[73]"></a>CAN3_RX1_IRQHandler</STRONG> (Thumb, 0 bytes, Stack size 0 bytes, startup_stm32f767xx.o(.text))
<BR>[Address Reference Count : 1]<UL><LI> startup_stm32f767xx.o(RESET)
</UL>
<P><STRONG><a name="[74]"></a>CAN3_SCE_IRQHandler</STRONG> (Thumb, 0 bytes, Stack size 0 bytes, startup_stm32f767xx.o(.text))
<BR>[Address Reference Count : 1]<UL><LI> startup_stm32f767xx.o(RESET)
</UL>
<P><STRONG><a name="[71]"></a>CAN3_TX_IRQHandler</STRONG> (Thumb, 0 bytes, Stack size 0 bytes, startup_stm32f767xx.o(.text))
<BR>[Address Reference Count : 1]<UL><LI> startup_stm32f767xx.o(RESET)
</UL>
<P><STRONG><a name="[68]"></a>CEC_IRQHandler</STRONG> (Thumb, 0 bytes, Stack size 0 bytes, startup_stm32f767xx.o(.text))
<BR>[Address Reference Count : 1]<UL><LI> startup_stm32f767xx.o(RESET)
</UL>
<P><STRONG><a name="[59]"></a>DCMI_IRQHandler</STRONG> (Thumb, 0 bytes, Stack size 0 bytes, startup_stm32f767xx.o(.text))
<BR>[Address Reference Count : 1]<UL><LI> startup_stm32f767xx.o(RESET)
</UL>
<P><STRONG><a name="[6c]"></a>DFSDM1_FLT0_IRQHandler</STRONG> (Thumb, 0 bytes, Stack size 0 bytes, startup_stm32f767xx.o(.text))
<BR>[Address Reference Count : 1]<UL><LI> startup_stm32f767xx.o(RESET)
</UL>
<P><STRONG><a name="[6d]"></a>DFSDM1_FLT1_IRQHandler</STRONG> (Thumb, 0 bytes, Stack size 0 bytes, startup_stm32f767xx.o(.text))
<BR>[Address Reference Count : 1]<UL><LI> startup_stm32f767xx.o(RESET)
</UL>
<P><STRONG><a name="[6e]"></a>DFSDM1_FLT2_IRQHandler</STRONG> (Thumb, 0 bytes, Stack size 0 bytes, startup_stm32f767xx.o(.text))
<BR>[Address Reference Count : 1]<UL><LI> startup_stm32f767xx.o(RESET)
</UL>
<P><STRONG><a name="[6f]"></a>DFSDM1_FLT3_IRQHandler</STRONG> (Thumb, 0 bytes, Stack size 0 bytes, startup_stm32f767xx.o(.text))
<BR>[Address Reference Count : 1]<UL><LI> startup_stm32f767xx.o(RESET)
</UL>
<P><STRONG><a name="[16]"></a>DMA1_Stream0_IRQHandler</STRONG> (Thumb, 0 bytes, Stack size 0 bytes, startup_stm32f767xx.o(.text))
<BR>[Address Reference Count : 1]<UL><LI> startup_stm32f767xx.o(RESET)
</UL>
<P><STRONG><a name="[17]"></a>DMA1_Stream1_IRQHandler</STRONG> (Thumb, 0 bytes, Stack size 0 bytes, startup_stm32f767xx.o(.text))
<BR>[Address Reference Count : 1]<UL><LI> startup_stm32f767xx.o(RESET)
</UL>
<P><STRONG><a name="[18]"></a>DMA1_Stream2_IRQHandler</STRONG> (Thumb, 0 bytes, Stack size 0 bytes, startup_stm32f767xx.o(.text))
<BR>[Address Reference Count : 1]<UL><LI> startup_stm32f767xx.o(RESET)
</UL>
<P><STRONG><a name="[19]"></a>DMA1_Stream3_IRQHandler</STRONG> (Thumb, 0 bytes, Stack size 0 bytes, startup_stm32f767xx.o(.text))
<BR>[Address Reference Count : 1]<UL><LI> startup_stm32f767xx.o(RESET)
</UL>
<P><STRONG><a name="[1c]"></a>DMA1_Stream6_IRQHandler</STRONG> (Thumb, 0 bytes, Stack size 0 bytes, startup_stm32f767xx.o(.text))
<BR>[Address Reference Count : 1]<UL><LI> startup_stm32f767xx.o(RESET)
</UL>
<P><STRONG><a name="[3a]"></a>DMA1_Stream7_IRQHandler</STRONG> (Thumb, 0 bytes, Stack size 0 bytes, startup_stm32f767xx.o(.text))
<BR>[Address Reference Count : 1]<UL><LI> startup_stm32f767xx.o(RESET)
</UL>
<P><STRONG><a name="[64]"></a>DMA2D_IRQHandler</STRONG> (Thumb, 0 bytes, Stack size 0 bytes, startup_stm32f767xx.o(.text))
<BR>[Address Reference Count : 1]<UL><LI> startup_stm32f767xx.o(RESET)
</UL>
<P><STRONG><a name="[43]"></a>DMA2_Stream0_IRQHandler</STRONG> (Thumb, 0 bytes, Stack size 0 bytes, startup_stm32f767xx.o(.text))
<BR>[Address Reference Count : 1]<UL><LI> startup_stm32f767xx.o(RESET)
</UL>
<P><STRONG><a name="[46]"></a>DMA2_Stream3_IRQHandler</STRONG> (Thumb, 0 bytes, Stack size 0 bytes, startup_stm32f767xx.o(.text))
<BR>[Address Reference Count : 1]<UL><LI> startup_stm32f767xx.o(RESET)
</UL>
<P><STRONG><a name="[47]"></a>DMA2_Stream4_IRQHandler</STRONG> (Thumb, 0 bytes, Stack size 0 bytes, startup_stm32f767xx.o(.text))
<BR>[Address Reference Count : 1]<UL><LI> startup_stm32f767xx.o(RESET)
</UL>
<P><STRONG><a name="[4f]"></a>DMA2_Stream5_IRQHandler</STRONG> (Thumb, 0 bytes, Stack size 0 bytes, startup_stm32f767xx.o(.text))
<BR>[Address Reference Count : 1]<UL><LI> startup_stm32f767xx.o(RESET)
</UL>
<P><STRONG><a name="[50]"></a>DMA2_Stream6_IRQHandler</STRONG> (Thumb, 0 bytes, Stack size 0 bytes, startup_stm32f767xx.o(.text))
<BR>[Address Reference Count : 1]<UL><LI> startup_stm32f767xx.o(RESET)
</UL>
<P><STRONG><a name="[51]"></a>DMA2_Stream7_IRQHandler</STRONG> (Thumb, 0 bytes, Stack size 0 bytes, startup_stm32f767xx.o(.text))
<BR>[Address Reference Count : 1]<UL><LI> startup_stm32f767xx.o(RESET)
</UL>
<P><STRONG><a name="[48]"></a>ETH_IRQHandler</STRONG> (Thumb, 0 bytes, Stack size 0 bytes, startup_stm32f767xx.o(.text))
<BR>[Address Reference Count : 1]<UL><LI> startup_stm32f767xx.o(RESET)
</UL>
<P><STRONG><a name="[49]"></a>ETH_WKUP_IRQHandler</STRONG> (Thumb, 0 bytes, Stack size 0 bytes, startup_stm32f767xx.o(.text))
<BR>[Address Reference Count : 1]<UL><LI> startup_stm32f767xx.o(RESET)
</UL>
<P><STRONG><a name="[11]"></a>EXTI0_IRQHandler</STRONG> (Thumb, 0 bytes, Stack size 0 bytes, startup_stm32f767xx.o(.text))
<BR>[Address Reference Count : 1]<UL><LI> startup_stm32f767xx.o(RESET)
</UL>
<P><STRONG><a name="[33]"></a>EXTI15_10_IRQHandler</STRONG> (Thumb, 0 bytes, Stack size 0 bytes, startup_stm32f767xx.o(.text))
<BR>[Address Reference Count : 1]<UL><LI> startup_stm32f767xx.o(RESET)
</UL>
<P><STRONG><a name="[12]"></a>EXTI1_IRQHandler</STRONG> (Thumb, 0 bytes, Stack size 0 bytes, startup_stm32f767xx.o(.text))
<BR>[Address Reference Count : 1]<UL><LI> startup_stm32f767xx.o(RESET)
</UL>
<P><STRONG><a name="[13]"></a>EXTI2_IRQHandler</STRONG> (Thumb, 0 bytes, Stack size 0 bytes, startup_stm32f767xx.o(.text))
<BR>[Address Reference Count : 1]<UL><LI> startup_stm32f767xx.o(RESET)
</UL>
<P><STRONG><a name="[14]"></a>EXTI3_IRQHandler</STRONG> (Thumb, 0 bytes, Stack size 0 bytes, startup_stm32f767xx.o(.text))
<BR>[Address Reference Count : 1]<UL><LI> startup_stm32f767xx.o(RESET)
</UL>
<P><STRONG><a name="[15]"></a>EXTI4_IRQHandler</STRONG> (Thumb, 0 bytes, Stack size 0 bytes, startup_stm32f767xx.o(.text))
<BR>[Address Reference Count : 1]<UL><LI> startup_stm32f767xx.o(RESET)
</UL>
<P><STRONG><a name="[22]"></a>EXTI9_5_IRQHandler</STRONG> (Thumb, 0 bytes, Stack size 0 bytes, startup_stm32f767xx.o(.text))
<BR>[Address Reference Count : 1]<UL><LI> startup_stm32f767xx.o(RESET)
</UL>
<P><STRONG><a name="[f]"></a>FLASH_IRQHandler</STRONG> (Thumb, 0 bytes, Stack size 0 bytes, startup_stm32f767xx.o(.text))
<BR>[Address Reference Count : 1]<UL><LI> startup_stm32f767xx.o(RESET)
</UL>
<P><STRONG><a name="[3b]"></a>FMC_IRQHandler</STRONG> (Thumb, 0 bytes, Stack size 0 bytes, startup_stm32f767xx.o(.text))
<BR>[Address Reference Count : 1]<UL><LI> startup_stm32f767xx.o(RESET)
</UL>
<P><STRONG><a name="[5b]"></a>FPU_IRQHandler</STRONG> (Thumb, 0 bytes, Stack size 0 bytes, startup_stm32f767xx.o(.text))
<BR>[Address Reference Count : 1]<UL><LI> startup_stm32f767xx.o(RESET)
</UL>
<P><STRONG><a name="[2b]"></a>I2C1_ER_IRQHandler</STRONG> (Thumb, 0 bytes, Stack size 0 bytes, startup_stm32f767xx.o(.text))
<BR>[Address Reference Count : 1]<UL><LI> startup_stm32f767xx.o(RESET)
</UL>
<P><STRONG><a name="[2a]"></a>I2C1_EV_IRQHandler</STRONG> (Thumb, 0 bytes, Stack size 0 bytes, startup_stm32f767xx.o(.text))
<BR>[Address Reference Count : 1]<UL><LI> startup_stm32f767xx.o(RESET)
</UL>
<P><STRONG><a name="[2d]"></a>I2C2_ER_IRQHandler</STRONG> (Thumb, 0 bytes, Stack size 0 bytes, startup_stm32f767xx.o(.text))
<BR>[Address Reference Count : 1]<UL><LI> startup_stm32f767xx.o(RESET)
</UL>
<P><STRONG><a name="[2c]"></a>I2C2_EV_IRQHandler</STRONG> (Thumb, 0 bytes, Stack size 0 bytes, startup_stm32f767xx.o(.text))
<BR>[Address Reference Count : 1]<UL><LI> startup_stm32f767xx.o(RESET)
</UL>
<P><STRONG><a name="[54]"></a>I2C3_ER_IRQHandler</STRONG> (Thumb, 0 bytes, Stack size 0 bytes, startup_stm32f767xx.o(.text))
<BR>[Address Reference Count : 1]<UL><LI> startup_stm32f767xx.o(RESET)
</UL>
<P><STRONG><a name="[53]"></a>I2C3_EV_IRQHandler</STRONG> (Thumb, 0 bytes, Stack size 0 bytes, startup_stm32f767xx.o(.text))
<BR>[Address Reference Count : 1]<UL><LI> startup_stm32f767xx.o(RESET)
</UL>
<P><STRONG><a name="[6a]"></a>I2C4_ER_IRQHandler</STRONG> (Thumb, 0 bytes, Stack size 0 bytes, startup_stm32f767xx.o(.text))
<BR>[Address Reference Count : 1]<UL><LI> startup_stm32f767xx.o(RESET)
</UL>
<P><STRONG><a name="[69]"></a>I2C4_EV_IRQHandler</STRONG> (Thumb, 0 bytes, Stack size 0 bytes, startup_stm32f767xx.o(.text))
<BR>[Address Reference Count : 1]<UL><LI> startup_stm32f767xx.o(RESET)
</UL>
<P><STRONG><a name="[75]"></a>JPEG_IRQHandler</STRONG> (Thumb, 0 bytes, Stack size 0 bytes, startup_stm32f767xx.o(.text))
<BR>[Address Reference Count : 1]<UL><LI> startup_stm32f767xx.o(RESET)
</UL>
<P><STRONG><a name="[67]"></a>LPTIM1_IRQHandler</STRONG> (Thumb, 0 bytes, Stack size 0 bytes, startup_stm32f767xx.o(.text))
<BR>[Address Reference Count : 1]<UL><LI> startup_stm32f767xx.o(RESET)
</UL>
<P><STRONG><a name="[63]"></a>LTDC_ER_IRQHandler</STRONG> (Thumb, 0 bytes, Stack size 0 bytes, startup_stm32f767xx.o(.text))
<BR>[Address Reference Count : 1]<UL><LI> startup_stm32f767xx.o(RESET)
</UL>
<P><STRONG><a name="[62]"></a>LTDC_IRQHandler</STRONG> (Thumb, 0 bytes, Stack size 0 bytes, startup_stm32f767xx.o(.text))
<BR>[Address Reference Count : 1]<UL><LI> startup_stm32f767xx.o(RESET)
</UL>
<P><STRONG><a name="[76]"></a>MDIOS_IRQHandler</STRONG> (Thumb, 0 bytes, Stack size 0 bytes, startup_stm32f767xx.o(.text))
<BR>[Address Reference Count : 1]<UL><LI> startup_stm32f767xx.o(RESET)
</UL>
<P><STRONG><a name="[4e]"></a>OTG_FS_IRQHandler</STRONG> (Thumb, 0 bytes, Stack size 0 bytes, startup_stm32f767xx.o(.text))
<BR>[Address Reference Count : 1]<UL><LI> startup_stm32f767xx.o(RESET)
</UL>
<P><STRONG><a name="[35]"></a>OTG_FS_WKUP_IRQHandler</STRONG> (Thumb, 0 bytes, Stack size 0 bytes, startup_stm32f767xx.o(.text))
<BR>[Address Reference Count : 1]<UL><LI> startup_stm32f767xx.o(RESET)
</UL>
<P><STRONG><a name="[56]"></a>OTG_HS_EP1_IN_IRQHandler</STRONG> (Thumb, 0 bytes, Stack size 0 bytes, startup_stm32f767xx.o(.text))
<BR>[Address Reference Count : 1]<UL><LI> startup_stm32f767xx.o(RESET)
</UL>
<P><STRONG><a name="[55]"></a>OTG_HS_EP1_OUT_IRQHandler</STRONG> (Thumb, 0 bytes, Stack size 0 bytes, startup_stm32f767xx.o(.text))
<BR>[Address Reference Count : 1]<UL><LI> startup_stm32f767xx.o(RESET)
</UL>
<P><STRONG><a name="[58]"></a>OTG_HS_IRQHandler</STRONG> (Thumb, 0 bytes, Stack size 0 bytes, startup_stm32f767xx.o(.text))
<BR>[Address Reference Count : 1]<UL><LI> startup_stm32f767xx.o(RESET)
</UL>
<P><STRONG><a name="[57]"></a>OTG_HS_WKUP_IRQHandler</STRONG> (Thumb, 0 bytes, Stack size 0 bytes, startup_stm32f767xx.o(.text))
<BR>[Address Reference Count : 1]<UL><LI> startup_stm32f767xx.o(RESET)
</UL>
<P><STRONG><a name="[c]"></a>PVD_IRQHandler</STRONG> (Thumb, 0 bytes, Stack size 0 bytes, startup_stm32f767xx.o(.text))
<BR>[Address Reference Count : 1]<UL><LI> startup_stm32f767xx.o(RESET)
</UL>
<P><STRONG><a name="[66]"></a>QUADSPI_IRQHandler</STRONG> (Thumb, 0 bytes, Stack size 0 bytes, startup_stm32f767xx.o(.text))
<BR>[Address Reference Count : 1]<UL><LI> startup_stm32f767xx.o(RESET)
</UL>
<P><STRONG><a name="[10]"></a>RCC_IRQHandler</STRONG> (Thumb, 0 bytes, Stack size 0 bytes, startup_stm32f767xx.o(.text))
<BR>[Address Reference Count : 1]<UL><LI> startup_stm32f767xx.o(RESET)
</UL>
<P><STRONG><a name="[5a]"></a>RNG_IRQHandler</STRONG> (Thumb, 0 bytes, Stack size 0 bytes, startup_stm32f767xx.o(.text))
<BR>[Address Reference Count : 1]<UL><LI> startup_stm32f767xx.o(RESET)
</UL>
<P><STRONG><a name="[34]"></a>RTC_Alarm_IRQHandler</STRONG> (Thumb, 0 bytes, Stack size 0 bytes, startup_stm32f767xx.o(.text))
<BR>[Address Reference Count : 1]<UL><LI> startup_stm32f767xx.o(RESET)
</UL>
<P><STRONG><a name="[e]"></a>RTC_WKUP_IRQHandler</STRONG> (Thumb, 0 bytes, Stack size 0 bytes, startup_stm32f767xx.o(.text))
<BR>[Address Reference Count : 1]<UL><LI> startup_stm32f767xx.o(RESET)
</UL>
<P><STRONG><a name="[61]"></a>SAI1_IRQHandler</STRONG> (Thumb, 0 bytes, Stack size 0 bytes, startup_stm32f767xx.o(.text))
<BR>[Address Reference Count : 1]<UL><LI> startup_stm32f767xx.o(RESET)
</UL>
<P><STRONG><a name="[65]"></a>SAI2_IRQHandler</STRONG> (Thumb, 0 bytes, Stack size 0 bytes, startup_stm32f767xx.o(.text))
<BR>[Address Reference Count : 1]<UL><LI> startup_stm32f767xx.o(RESET)
</UL>
<P><STRONG><a name="[3c]"></a>SDMMC1_IRQHandler</STRONG> (Thumb, 0 bytes, Stack size 0 bytes, startup_stm32f767xx.o(.text))
<BR>[Address Reference Count : 1]<UL><LI> startup_stm32f767xx.o(RESET)
</UL>
<P><STRONG><a name="[70]"></a>SDMMC2_IRQHandler</STRONG> (Thumb, 0 bytes, Stack size 0 bytes, startup_stm32f767xx.o(.text))
<BR>[Address Reference Count : 1]<UL><LI> startup_stm32f767xx.o(RESET)
</UL>
<P><STRONG><a name="[6b]"></a>SPDIF_RX_IRQHandler</STRONG> (Thumb, 0 bytes, Stack size 0 bytes, startup_stm32f767xx.o(.text))
<BR>[Address Reference Count : 1]<UL><LI> startup_stm32f767xx.o(RESET)
</UL>
<P><STRONG><a name="[2e]"></a>SPI1_IRQHandler</STRONG> (Thumb, 0 bytes, Stack size 0 bytes, startup_stm32f767xx.o(.text))
<BR>[Address Reference Count : 1]<UL><LI> startup_stm32f767xx.o(RESET)
</UL>
<P><STRONG><a name="[2f]"></a>SPI2_IRQHandler</STRONG> (Thumb, 0 bytes, Stack size 0 bytes, startup_stm32f767xx.o(.text))
<BR>[Address Reference Count : 1]<UL><LI> startup_stm32f767xx.o(RESET)
</UL>
<P><STRONG><a name="[3e]"></a>SPI3_IRQHandler</STRONG> (Thumb, 0 bytes, Stack size 0 bytes, startup_stm32f767xx.o(.text))
<BR>[Address Reference Count : 1]<UL><LI> startup_stm32f767xx.o(RESET)
</UL>
<P><STRONG><a name="[5e]"></a>SPI4_IRQHandler</STRONG> (Thumb, 0 bytes, Stack size 0 bytes, startup_stm32f767xx.o(.text))
<BR>[Address Reference Count : 1]<UL><LI> startup_stm32f767xx.o(RESET)
</UL>
<P><STRONG><a name="[5f]"></a>SPI5_IRQHandler</STRONG> (Thumb, 0 bytes, Stack size 0 bytes, startup_stm32f767xx.o(.text))
<BR>[Address Reference Count : 1]<UL><LI> startup_stm32f767xx.o(RESET)
</UL>
<P><STRONG><a name="[60]"></a>SPI6_IRQHandler</STRONG> (Thumb, 0 bytes, Stack size 0 bytes, startup_stm32f767xx.o(.text))
<BR>[Address Reference Count : 1]<UL><LI> startup_stm32f767xx.o(RESET)
</UL>
<P><STRONG><a name="[d]"></a>TAMP_STAMP_IRQHandler</STRONG> (Thumb, 0 bytes, Stack size 0 bytes, startup_stm32f767xx.o(.text))
<BR>[Address Reference Count : 1]<UL><LI> startup_stm32f767xx.o(RESET)
</UL>
<P><STRONG><a name="[26]"></a>TIM1_CC_IRQHandler</STRONG> (Thumb, 0 bytes, Stack size 0 bytes, startup_stm32f767xx.o(.text))
<BR>[Address Reference Count : 1]<UL><LI> startup_stm32f767xx.o(RESET)
</UL>
<P><STRONG><a name="[25]"></a>TIM1_TRG_COM_TIM11_IRQHandler</STRONG> (Thumb, 0 bytes, Stack size 0 bytes, startup_stm32f767xx.o(.text))
<BR>[Address Reference Count : 1]<UL><LI> startup_stm32f767xx.o(RESET)
</UL>
<P><STRONG><a name="[36]"></a>TIM8_BRK_TIM12_IRQHandler</STRONG> (Thumb, 0 bytes, Stack size 0 bytes, startup_stm32f767xx.o(.text))
<BR>[Address Reference Count : 1]<UL><LI> startup_stm32f767xx.o(RESET)
</UL>
<P><STRONG><a name="[39]"></a>TIM8_CC_IRQHandler</STRONG> (Thumb, 0 bytes, Stack size 0 bytes, startup_stm32f767xx.o(.text))
<BR>[Address Reference Count : 1]<UL><LI> startup_stm32f767xx.o(RESET)
</UL>
<P><STRONG><a name="[38]"></a>TIM8_TRG_COM_TIM14_IRQHandler</STRONG> (Thumb, 0 bytes, Stack size 0 bytes, startup_stm32f767xx.o(.text))
<BR>[Address Reference Count : 1]<UL><LI> startup_stm32f767xx.o(RESET)
</UL>
<P><STRONG><a name="[37]"></a>TIM8_UP_TIM13_IRQHandler</STRONG> (Thumb, 0 bytes, Stack size 0 bytes, startup_stm32f767xx.o(.text))
<BR>[Address Reference Count : 1]<UL><LI> startup_stm32f767xx.o(RESET)
</UL>
<P><STRONG><a name="[40]"></a>UART5_IRQHandler</STRONG> (Thumb, 0 bytes, Stack size 0 bytes, startup_stm32f767xx.o(.text))
<BR>[Address Reference Count : 1]<UL><LI> startup_stm32f767xx.o(RESET)
</UL>
<P><STRONG><a name="[5c]"></a>UART7_IRQHandler</STRONG> (Thumb, 0 bytes, Stack size 0 bytes, startup_stm32f767xx.o(.text))
<BR>[Address Reference Count : 1]<UL><LI> startup_stm32f767xx.o(RESET)
</UL>
<P><STRONG><a name="[5d]"></a>UART8_IRQHandler</STRONG> (Thumb, 0 bytes, Stack size 0 bytes, startup_stm32f767xx.o(.text))
<BR>[Address Reference Count : 1]<UL><LI> startup_stm32f767xx.o(RESET)
</UL>
<P><STRONG><a name="[32]"></a>USART3_IRQHandler</STRONG> (Thumb, 0 bytes, Stack size 0 bytes, startup_stm32f767xx.o(.text))
<BR>[Address Reference Count : 1]<UL><LI> startup_stm32f767xx.o(RESET)
</UL>
<P><STRONG><a name="[b]"></a>WWDG_IRQHandler</STRONG> (Thumb, 0 bytes, Stack size 0 bytes, startup_stm32f767xx.o(.text))
<BR>[Address Reference Count : 1]<UL><LI> startup_stm32f767xx.o(RESET)
</UL>
<P><STRONG><a name="[16c]"></a>arm_mat_add_f32</STRONG> (Thumb, 268 bytes, Stack size 12 bytes, arm_mat_add_f32.o(.text))
<BR><BR>[Stack]<UL><LI>Max Depth = 12<LI>Call Chain = arm_mat_add_f32
</UL>
<BR>[Called By]<UL><LI><a href="#[163]">&gt;&gt;</a>&nbsp;&nbsp;&nbsp;mat_add_ptr
<LI><a href="#[e5]">&gt;&gt;</a>&nbsp;&nbsp;&nbsp;estimation_run
</UL>

<P><STRONG><a name="[16a]"></a>arm_mat_init_f32</STRONG> (Thumb, 8 bytes, Stack size 0 bytes, arm_mat_init_f32.o(.text))
<BR><BR>[Called By]<UL><LI><a href="#[14b]">&gt;&gt;</a>&nbsp;&nbsp;&nbsp;mat_mult_vec_ptr
<LI><a href="#[163]">&gt;&gt;</a>&nbsp;&nbsp;&nbsp;mat_add_ptr
<LI><a href="#[e5]">&gt;&gt;</a>&nbsp;&nbsp;&nbsp;estimation_run
<LI><a href="#[162]">&gt;&gt;</a>&nbsp;&nbsp;&nbsp;mat_transpose_ptr
</UL>

<P><STRONG><a name="[16f]"></a>arm_mat_inverse_f32</STRONG> (Thumb, 1360 bytes, Stack size 60 bytes, arm_mat_inverse_f32.o(.text))
<BR><BR>[Stack]<UL><LI>Max Depth = 60<LI>Call Chain = arm_mat_inverse_f32
</UL>
<BR>[Called By]<UL><LI><a href="#[e5]">&gt;&gt;</a>&nbsp;&nbsp;&nbsp;estimation_run
</UL>

<P><STRONG><a name="[16b]"></a>arm_mat_mult_f32</STRONG> (Thumb, 324 bytes, Stack size 44 bytes, arm_mat_mult_f32.o(.text))
<BR><BR>[Stack]<UL><LI>Max Depth = 44<LI>Call Chain = arm_mat_mult_f32
</UL>
<BR>[Called By]<UL><LI><a href="#[14b]">&gt;&gt;</a>&nbsp;&nbsp;&nbsp;mat_mult_vec_ptr
<LI><a href="#[e5]">&gt;&gt;</a>&nbsp;&nbsp;&nbsp;estimation_run
</UL>

<P><STRONG><a name="[170]"></a>arm_mat_sub_f32</STRONG> (Thumb, 268 bytes, Stack size 12 bytes, arm_mat_sub_f32.o(.text))
<BR><BR>[Stack]<UL><LI>Max Depth = 12<LI>Call Chain = arm_mat_sub_f32
</UL>
<BR>[Called By]<UL><LI><a href="#[e5]">&gt;&gt;</a>&nbsp;&nbsp;&nbsp;estimation_run
</UL>

<P><STRONG><a name="[16d]"></a>arm_mat_trans_f32</STRONG> (Thumb, 280 bytes, Stack size 44 bytes, arm_mat_trans_f32.o(.text))
<BR><BR>[Stack]<UL><LI>Max Depth = 44<LI>Call Chain = arm_mat_trans_f32
</UL>
<BR>[Called By]<UL><LI><a href="#[e5]">&gt;&gt;</a>&nbsp;&nbsp;&nbsp;estimation_run
<LI><a href="#[162]">&gt;&gt;</a>&nbsp;&nbsp;&nbsp;mat_transpose_ptr
</UL>

<P><STRONG><a name="[90]"></a>__aeabi_uldivmod</STRONG> (Thumb, 98 bytes, Stack size 40 bytes, uldiv.o(.text))
<BR><BR>[Stack]<UL><LI>Max Depth = 40<LI>Call Chain = __aeabi_uldivmod
</UL>
<BR>[Calls]<UL><LI><a href="#[91]">&gt;&gt;</a>&nbsp;&nbsp;&nbsp;__aeabi_llsr
<LI><a href="#[92]">&gt;&gt;</a>&nbsp;&nbsp;&nbsp;__aeabi_llsl
</UL>
<BR>[Called By]<UL><LI><a href="#[cd]">&gt;&gt;</a>&nbsp;&nbsp;&nbsp;HAL_RCC_GetSysClockFreq
</UL>

<P><STRONG><a name="[10e]"></a>__aeabi_memcpy</STRONG> (Thumb, 36 bytes, Stack size 0 bytes, memcpya.o(.text))
<BR><BR>[Called By]<UL><LI><a href="#[109]">&gt;&gt;</a>&nbsp;&nbsp;&nbsp;J60_SendCanMessage_NonBlocking
<LI><a href="#[107]">&gt;&gt;</a>&nbsp;&nbsp;&nbsp;J60_SendCanMessage
<LI><a href="#[ec]">&gt;&gt;</a>&nbsp;&nbsp;&nbsp;imu_data_process
</UL>

<P><STRONG><a name="[14d]"></a>__aeabi_memcpy4</STRONG> (Thumb, 0 bytes, Stack size 0 bytes, memcpya.o(.text))
<BR><BR>[Called By]<UL><LI><a href="#[160]">&gt;&gt;</a>&nbsp;&nbsp;&nbsp;estimation_init
<LI><a href="#[156]">&gt;&gt;</a>&nbsp;&nbsp;&nbsp;dog_init
<LI><a href="#[e5]">&gt;&gt;</a>&nbsp;&nbsp;&nbsp;estimation_run
<LI><a href="#[173]">&gt;&gt;</a>&nbsp;&nbsp;&nbsp;gait_generator
<LI><a href="#[14c]">&gt;&gt;</a>&nbsp;&nbsp;&nbsp;cal_foot_end_pos
<LI><a href="#[184]">&gt;&gt;</a>&nbsp;&nbsp;&nbsp;leg_inverse_kinematics_force_pos_vel
<LI><a href="#[88]">&gt;&gt;</a>&nbsp;&nbsp;&nbsp;stand_run
<LI><a href="#[89]">&gt;&gt;</a>&nbsp;&nbsp;&nbsp;stand_enter
</UL>

<P><STRONG><a name="[1b4]"></a>__aeabi_memcpy8</STRONG> (Thumb, 0 bytes, Stack size 0 bytes, memcpya.o(.text), UNUSED)

<P><STRONG><a name="[94]"></a>__aeabi_memset</STRONG> (Thumb, 14 bytes, Stack size 0 bytes, memseta.o(.text), UNUSED)
<BR><BR>[Called By]<UL><LI><a href="#[95]">&gt;&gt;</a>&nbsp;&nbsp;&nbsp;_memset$wrapper
<LI><a href="#[93]">&gt;&gt;</a>&nbsp;&nbsp;&nbsp;__aeabi_memclr
</UL>

<P><STRONG><a name="[1b5]"></a>__aeabi_memset4</STRONG> (Thumb, 0 bytes, Stack size 0 bytes, memseta.o(.text), UNUSED)

<P><STRONG><a name="[1b6]"></a>__aeabi_memset8</STRONG> (Thumb, 0 bytes, Stack size 0 bytes, memseta.o(.text), UNUSED)

<P><STRONG><a name="[93]"></a>__aeabi_memclr</STRONG> (Thumb, 4 bytes, Stack size 0 bytes, memseta.o(.text), UNUSED)
<BR><BR>[Calls]<UL><LI><a href="#[94]">&gt;&gt;</a>&nbsp;&nbsp;&nbsp;__aeabi_memset
</UL>

<P><STRONG><a name="[b7]"></a>__aeabi_memclr4</STRONG> (Thumb, 0 bytes, Stack size 0 bytes, memseta.o(.text))
<BR><BR>[Called By]<UL><LI><a href="#[fb]">&gt;&gt;</a>&nbsp;&nbsp;&nbsp;HAL_UART_MspInit
<LI><a href="#[b5]">&gt;&gt;</a>&nbsp;&nbsp;&nbsp;HAL_CAN_MspInit
<LI><a href="#[160]">&gt;&gt;</a>&nbsp;&nbsp;&nbsp;estimation_init
<LI><a href="#[123]">&gt;&gt;</a>&nbsp;&nbsp;&nbsp;SystemClock_Config
<LI><a href="#[e5]">&gt;&gt;</a>&nbsp;&nbsp;&nbsp;estimation_run
<LI><a href="#[e2]">&gt;&gt;</a>&nbsp;&nbsp;&nbsp;dog_smooth_cog
<LI><a href="#[88]">&gt;&gt;</a>&nbsp;&nbsp;&nbsp;stand_run
</UL>

<P><STRONG><a name="[1b7]"></a>__aeabi_memclr8</STRONG> (Thumb, 0 bytes, Stack size 0 bytes, memseta.o(.text), UNUSED)

<P><STRONG><a name="[95]"></a>_memset$wrapper</STRONG> (Thumb, 18 bytes, Stack size 8 bytes, memseta.o(.text), UNUSED)
<BR><BR>[Calls]<UL><LI><a href="#[94]">&gt;&gt;</a>&nbsp;&nbsp;&nbsp;__aeabi_memset
</UL>

<P><STRONG><a name="[96]"></a>__aeabi_dadd</STRONG> (Thumb, 322 bytes, Stack size 48 bytes, dadd.o(.text))
<BR><BR>[Stack]<UL><LI>Max Depth = 88<LI>Call Chain = __aeabi_dadd &rArr; _double_epilogue &rArr; _double_round
</UL>
<BR>[Calls]<UL><LI><a href="#[99]">&gt;&gt;</a>&nbsp;&nbsp;&nbsp;_double_round
<LI><a href="#[98]">&gt;&gt;</a>&nbsp;&nbsp;&nbsp;_double_epilogue
<LI><a href="#[97]">&gt;&gt;</a>&nbsp;&nbsp;&nbsp;__aeabi_lasr
<LI><a href="#[92]">&gt;&gt;</a>&nbsp;&nbsp;&nbsp;__aeabi_llsl
</UL>
<BR>[Called By]<UL><LI><a href="#[9a]">&gt;&gt;</a>&nbsp;&nbsp;&nbsp;__aeabi_dsub
<LI><a href="#[195]">&gt;&gt;</a>&nbsp;&nbsp;&nbsp;leg_inverse_kinematics
<LI><a href="#[138]">&gt;&gt;</a>&nbsp;&nbsp;&nbsp;__kernel_sin
<LI><a href="#[137]">&gt;&gt;</a>&nbsp;&nbsp;&nbsp;__ieee754_rem_pio2
<LI><a href="#[136]">&gt;&gt;</a>&nbsp;&nbsp;&nbsp;__mathlib_dbl_infnan
<LI><a href="#[9b]">&gt;&gt;</a>&nbsp;&nbsp;&nbsp;__aeabi_drsub
<LI><a href="#[147]">&gt;&gt;</a>&nbsp;&nbsp;&nbsp;__kernel_poly
</UL>

<P><STRONG><a name="[9a]"></a>__aeabi_dsub</STRONG> (Thumb, 6 bytes, Stack size 0 bytes, dadd.o(.text))
<BR><BR>[Stack]<UL><LI>Max Depth = 88<LI>Call Chain = __aeabi_dsub &rArr; __aeabi_dadd &rArr; _double_epilogue &rArr; _double_round
</UL>
<BR>[Calls]<UL><LI><a href="#[96]">&gt;&gt;</a>&nbsp;&nbsp;&nbsp;__aeabi_dadd
</UL>
<BR>[Called By]<UL><LI><a href="#[16e]">&gt;&gt;</a>&nbsp;&nbsp;&nbsp;world_foot_to_body_vel
<LI><a href="#[e5]">&gt;&gt;</a>&nbsp;&nbsp;&nbsp;estimation_run
<LI><a href="#[1a3]">&gt;&gt;</a>&nbsp;&nbsp;&nbsp;phase_wave_generator
<LI><a href="#[195]">&gt;&gt;</a>&nbsp;&nbsp;&nbsp;leg_inverse_kinematics
<LI><a href="#[88]">&gt;&gt;</a>&nbsp;&nbsp;&nbsp;stand_run
<LI><a href="#[e7]">&gt;&gt;</a>&nbsp;&nbsp;&nbsp;vmc_force_calculate
<LI><a href="#[138]">&gt;&gt;</a>&nbsp;&nbsp;&nbsp;__kernel_sin
<LI><a href="#[137]">&gt;&gt;</a>&nbsp;&nbsp;&nbsp;__ieee754_rem_pio2
<LI><a href="#[139]">&gt;&gt;</a>&nbsp;&nbsp;&nbsp;__kernel_cos
</UL>

<P><STRONG><a name="[9b]"></a>__aeabi_drsub</STRONG> (Thumb, 6 bytes, Stack size 0 bytes, dadd.o(.text))
<BR><BR>[Stack]<UL><LI>Max Depth = 88<LI>Call Chain = __aeabi_drsub &rArr; __aeabi_dadd &rArr; _double_epilogue &rArr; _double_round
</UL>
<BR>[Calls]<UL><LI><a href="#[96]">&gt;&gt;</a>&nbsp;&nbsp;&nbsp;__aeabi_dadd
</UL>
<BR>[Called By]<UL><LI><a href="#[138]">&gt;&gt;</a>&nbsp;&nbsp;&nbsp;__kernel_sin
<LI><a href="#[137]">&gt;&gt;</a>&nbsp;&nbsp;&nbsp;__ieee754_rem_pio2
<LI><a href="#[139]">&gt;&gt;</a>&nbsp;&nbsp;&nbsp;__kernel_cos
<LI><a href="#[13e]">&gt;&gt;</a>&nbsp;&nbsp;&nbsp;__hardfp_fmod
</UL>

<P><STRONG><a name="[9c]"></a>__aeabi_dmul</STRONG> (Thumb, 228 bytes, Stack size 48 bytes, dmul.o(.text))
<BR><BR>[Stack]<UL><LI>Max Depth = 88<LI>Call Chain = __aeabi_dmul &rArr; _double_epilogue &rArr; _double_round
</UL>
<BR>[Calls]<UL><LI><a href="#[98]">&gt;&gt;</a>&nbsp;&nbsp;&nbsp;_double_epilogue
</UL>
<BR>[Called By]<UL><LI><a href="#[16e]">&gt;&gt;</a>&nbsp;&nbsp;&nbsp;world_foot_to_body_vel
<LI><a href="#[e5]">&gt;&gt;</a>&nbsp;&nbsp;&nbsp;estimation_run
<LI><a href="#[165]">&gt;&gt;</a>&nbsp;&nbsp;&nbsp;getTime
<LI><a href="#[195]">&gt;&gt;</a>&nbsp;&nbsp;&nbsp;leg_inverse_kinematics
<LI><a href="#[e7]">&gt;&gt;</a>&nbsp;&nbsp;&nbsp;vmc_force_calculate
<LI><a href="#[138]">&gt;&gt;</a>&nbsp;&nbsp;&nbsp;__kernel_sin
<LI><a href="#[137]">&gt;&gt;</a>&nbsp;&nbsp;&nbsp;__ieee754_rem_pio2
<LI><a href="#[149]">&gt;&gt;</a>&nbsp;&nbsp;&nbsp;__mathlib_dbl_underflow
<LI><a href="#[139]">&gt;&gt;</a>&nbsp;&nbsp;&nbsp;__kernel_cos
<LI><a href="#[147]">&gt;&gt;</a>&nbsp;&nbsp;&nbsp;__kernel_poly
</UL>

<P><STRONG><a name="[9d]"></a>__aeabi_ddiv</STRONG> (Thumb, 222 bytes, Stack size 32 bytes, ddiv.o(.text))
<BR><BR>[Stack]<UL><LI>Max Depth = 40<LI>Call Chain = __aeabi_ddiv &rArr; _double_round
</UL>
<BR>[Calls]<UL><LI><a href="#[99]">&gt;&gt;</a>&nbsp;&nbsp;&nbsp;_double_round
</UL>
<BR>[Called By]<UL><LI><a href="#[1a3]">&gt;&gt;</a>&nbsp;&nbsp;&nbsp;phase_wave_generator
<LI><a href="#[195]">&gt;&gt;</a>&nbsp;&nbsp;&nbsp;leg_inverse_kinematics
<LI><a href="#[135]">&gt;&gt;</a>&nbsp;&nbsp;&nbsp;__mathlib_dbl_invalid
</UL>

<P><STRONG><a name="[9e]"></a>__aeabi_ui2d</STRONG> (Thumb, 26 bytes, Stack size 16 bytes, dfltui.o(.text))
<BR><BR>[Stack]<UL><LI>Max Depth = 56<LI>Call Chain = __aeabi_ui2d &rArr; _double_epilogue &rArr; _double_round
</UL>
<BR>[Calls]<UL><LI><a href="#[98]">&gt;&gt;</a>&nbsp;&nbsp;&nbsp;_double_epilogue
</UL>
<BR>[Called By]<UL><LI><a href="#[165]">&gt;&gt;</a>&nbsp;&nbsp;&nbsp;getTime
<LI><a href="#[137]">&gt;&gt;</a>&nbsp;&nbsp;&nbsp;__ieee754_rem_pio2
</UL>

<P><STRONG><a name="[169]"></a>__aeabi_f2d</STRONG> (Thumb, 38 bytes, Stack size 0 bytes, f2d.o(.text))
<BR><BR>[Called By]<UL><LI><a href="#[16e]">&gt;&gt;</a>&nbsp;&nbsp;&nbsp;world_foot_to_body_vel
<LI><a href="#[e5]">&gt;&gt;</a>&nbsp;&nbsp;&nbsp;estimation_run
<LI><a href="#[1a3]">&gt;&gt;</a>&nbsp;&nbsp;&nbsp;phase_wave_generator
<LI><a href="#[195]">&gt;&gt;</a>&nbsp;&nbsp;&nbsp;leg_inverse_kinematics
<LI><a href="#[88]">&gt;&gt;</a>&nbsp;&nbsp;&nbsp;stand_run
<LI><a href="#[e7]">&gt;&gt;</a>&nbsp;&nbsp;&nbsp;vmc_force_calculate
</UL>

<P><STRONG><a name="[9f]"></a>__aeabi_d2f</STRONG> (Thumb, 56 bytes, Stack size 8 bytes, d2f.o(.text))
<BR><BR>[Stack]<UL><LI>Max Depth = 8<LI>Call Chain = __aeabi_d2f
</UL>
<BR>[Calls]<UL><LI><a href="#[a0]">&gt;&gt;</a>&nbsp;&nbsp;&nbsp;_float_round
</UL>
<BR>[Called By]<UL><LI><a href="#[16e]">&gt;&gt;</a>&nbsp;&nbsp;&nbsp;world_foot_to_body_vel
<LI><a href="#[e5]">&gt;&gt;</a>&nbsp;&nbsp;&nbsp;estimation_run
<LI><a href="#[1a3]">&gt;&gt;</a>&nbsp;&nbsp;&nbsp;phase_wave_generator
<LI><a href="#[195]">&gt;&gt;</a>&nbsp;&nbsp;&nbsp;leg_inverse_kinematics
<LI><a href="#[8d]">&gt;&gt;</a>&nbsp;&nbsp;&nbsp;trot_enter
<LI><a href="#[88]">&gt;&gt;</a>&nbsp;&nbsp;&nbsp;stand_run
<LI><a href="#[89]">&gt;&gt;</a>&nbsp;&nbsp;&nbsp;stand_enter
<LI><a href="#[e7]">&gt;&gt;</a>&nbsp;&nbsp;&nbsp;vmc_force_calculate
</UL>

<P><STRONG><a name="[92]"></a>__aeabi_llsl</STRONG> (Thumb, 30 bytes, Stack size 0 bytes, llshl.o(.text))
<BR><BR>[Called By]<UL><LI><a href="#[96]">&gt;&gt;</a>&nbsp;&nbsp;&nbsp;__aeabi_dadd
<LI><a href="#[98]">&gt;&gt;</a>&nbsp;&nbsp;&nbsp;_double_epilogue
<LI><a href="#[90]">&gt;&gt;</a>&nbsp;&nbsp;&nbsp;__aeabi_uldivmod
</UL>

<P><STRONG><a name="[1b8]"></a>_ll_shift_l</STRONG> (Thumb, 0 bytes, Stack size 0 bytes, llshl.o(.text), UNUSED)

<P><STRONG><a name="[91]"></a>__aeabi_llsr</STRONG> (Thumb, 32 bytes, Stack size 0 bytes, llushr.o(.text))
<BR><BR>[Called By]<UL><LI><a href="#[a4]">&gt;&gt;</a>&nbsp;&nbsp;&nbsp;__aeabi_d2iz
<LI><a href="#[98]">&gt;&gt;</a>&nbsp;&nbsp;&nbsp;_double_epilogue
<LI><a href="#[90]">&gt;&gt;</a>&nbsp;&nbsp;&nbsp;__aeabi_uldivmod
</UL>

<P><STRONG><a name="[1b9]"></a>_ll_ushift_r</STRONG> (Thumb, 0 bytes, Stack size 0 bytes, llushr.o(.text), UNUSED)

<P><STRONG><a name="[97]"></a>__aeabi_lasr</STRONG> (Thumb, 36 bytes, Stack size 0 bytes, llsshr.o(.text))
<BR><BR>[Called By]<UL><LI><a href="#[96]">&gt;&gt;</a>&nbsp;&nbsp;&nbsp;__aeabi_dadd
</UL>

<P><STRONG><a name="[1ba]"></a>_ll_sshift_r</STRONG> (Thumb, 0 bytes, Stack size 0 bytes, llsshr.o(.text), UNUSED)

<P><STRONG><a name="[1bb]"></a>__I$use$fp</STRONG> (Thumb, 0 bytes, Stack size 0 bytes, iusefp.o(.text), UNUSED)

<P><STRONG><a name="[a0]"></a>_float_round</STRONG> (Thumb, 18 bytes, Stack size 0 bytes, fepilogue.o(.text))
<BR><BR>[Called By]<UL><LI><a href="#[9f]">&gt;&gt;</a>&nbsp;&nbsp;&nbsp;__aeabi_d2f
</UL>

<P><STRONG><a name="[1bc]"></a>_float_epilogue</STRONG> (Thumb, 92 bytes, Stack size 4 bytes, fepilogue.o(.text), UNUSED)

<P><STRONG><a name="[99]"></a>_double_round</STRONG> (Thumb, 30 bytes, Stack size 8 bytes, depilogue.o(.text))
<BR><BR>[Stack]<UL><LI>Max Depth = 8<LI>Call Chain = _double_round
</UL>
<BR>[Called By]<UL><LI><a href="#[9d]">&gt;&gt;</a>&nbsp;&nbsp;&nbsp;__aeabi_ddiv
<LI><a href="#[96]">&gt;&gt;</a>&nbsp;&nbsp;&nbsp;__aeabi_dadd
<LI><a href="#[98]">&gt;&gt;</a>&nbsp;&nbsp;&nbsp;_double_epilogue
</UL>

<P><STRONG><a name="[98]"></a>_double_epilogue</STRONG> (Thumb, 156 bytes, Stack size 32 bytes, depilogue.o(.text))
<BR><BR>[Stack]<UL><LI>Max Depth = 40<LI>Call Chain = _double_epilogue &rArr; _double_round
</UL>
<BR>[Calls]<UL><LI><a href="#[99]">&gt;&gt;</a>&nbsp;&nbsp;&nbsp;_double_round
<LI><a href="#[91]">&gt;&gt;</a>&nbsp;&nbsp;&nbsp;__aeabi_llsr
<LI><a href="#[92]">&gt;&gt;</a>&nbsp;&nbsp;&nbsp;__aeabi_llsl
</UL>
<BR>[Called By]<UL><LI><a href="#[9c]">&gt;&gt;</a>&nbsp;&nbsp;&nbsp;__aeabi_dmul
<LI><a href="#[96]">&gt;&gt;</a>&nbsp;&nbsp;&nbsp;__aeabi_dadd
<LI><a href="#[9e]">&gt;&gt;</a>&nbsp;&nbsp;&nbsp;__aeabi_ui2d
<LI><a href="#[a3]">&gt;&gt;</a>&nbsp;&nbsp;&nbsp;__aeabi_i2d
<LI><a href="#[a1]">&gt;&gt;</a>&nbsp;&nbsp;&nbsp;_drem
</UL>

<P><STRONG><a name="[a1]"></a>_drem</STRONG> (Thumb, 134 bytes, Stack size 48 bytes, drem.o(.text))
<BR><BR>[Stack]<UL><LI>Max Depth = 88<LI>Call Chain = _drem &rArr; _double_epilogue &rArr; _double_round
</UL>
<BR>[Calls]<UL><LI><a href="#[98]">&gt;&gt;</a>&nbsp;&nbsp;&nbsp;_double_epilogue
</UL>
<BR>[Called By]<UL><LI><a href="#[13e]">&gt;&gt;</a>&nbsp;&nbsp;&nbsp;__hardfp_fmod
</UL>

<P><STRONG><a name="[13d]"></a>__ARM_dcmp4</STRONG> (Thumb, 96 bytes, Stack size 16 bytes, dcmp4.o(.text))
<BR><BR>[Stack]<UL><LI>Max Depth = 16<LI>Call Chain = __ARM_dcmp4
</UL>
<BR>[Called By]<UL><LI><a href="#[13c]">&gt;&gt;</a>&nbsp;&nbsp;&nbsp;__hardfp_fmax
</UL>

<P><STRONG><a name="[1bd]"></a>_dcmp4</STRONG> (Thumb, 0 bytes, Stack size 16 bytes, dcmp4.o(.text), UNUSED)

<P><STRONG><a name="[1be]"></a>__fp_status</STRONG> (Thumb, 4 bytes, Stack size 0 bytes, fpstat.o(.text), UNUSED)

<P><STRONG><a name="[140]"></a>__ieee_status</STRONG> (Thumb, 0 bytes, Stack size 0 bytes, fpstat.o(.text))
<BR><BR>[Called By]<UL><LI><a href="#[13f]">&gt;&gt;</a>&nbsp;&nbsp;&nbsp;__hardfp_powf
</UL>

<P><STRONG><a name="[8f]"></a>__scatterload</STRONG> (Thumb, 28 bytes, Stack size 0 bytes, init.o(.text))
<BR><BR>[Calls]<UL><LI><a href="#[a2]">&gt;&gt;</a>&nbsp;&nbsp;&nbsp;__main_after_scatterload
</UL>
<BR>[Called By]<UL><LI><a href="#[8e]">&gt;&gt;</a>&nbsp;&nbsp;&nbsp;_main_scatterload
</UL>

<P><STRONG><a name="[1bf]"></a>__scatterload_rt2</STRONG> (Thumb, 0 bytes, Stack size 0 bytes, init.o(.text), UNUSED)

<P><STRONG><a name="[a3]"></a>__aeabi_i2d</STRONG> (Thumb, 34 bytes, Stack size 16 bytes, dflti.o(.text))
<BR><BR>[Stack]<UL><LI>Max Depth = 56<LI>Call Chain = __aeabi_i2d &rArr; _double_epilogue &rArr; _double_round
</UL>
<BR>[Calls]<UL><LI><a href="#[98]">&gt;&gt;</a>&nbsp;&nbsp;&nbsp;_double_epilogue
</UL>
<BR>[Called By]<UL><LI><a href="#[137]">&gt;&gt;</a>&nbsp;&nbsp;&nbsp;__ieee754_rem_pio2
</UL>

<P><STRONG><a name="[a4]"></a>__aeabi_d2iz</STRONG> (Thumb, 62 bytes, Stack size 16 bytes, dfixi.o(.text))
<BR><BR>[Stack]<UL><LI>Max Depth = 16<LI>Call Chain = __aeabi_d2iz
</UL>
<BR>[Calls]<UL><LI><a href="#[91]">&gt;&gt;</a>&nbsp;&nbsp;&nbsp;__aeabi_llsr
</UL>
<BR>[Called By]<UL><LI><a href="#[137]">&gt;&gt;</a>&nbsp;&nbsp;&nbsp;__ieee754_rem_pio2
<LI><a href="#[139]">&gt;&gt;</a>&nbsp;&nbsp;&nbsp;__kernel_cos
</UL>

<P><STRONG><a name="[1c0]"></a>__decompress</STRONG> (Thumb, 0 bytes, Stack size unknown bytes, __dczerorl2.o(.text), UNUSED)

<P><STRONG><a name="[1c1]"></a>__decompress1</STRONG> (Thumb, 86 bytes, Stack size unknown bytes, __dczerorl2.o(.text), UNUSED)

<P><STRONG><a name="[5]"></a>BusFault_Handler</STRONG> (Thumb, 2 bytes, Stack size 0 bytes, stm32f7xx_it.o(i.BusFault_Handler))
<BR><BR>[Calls]<UL><LI><a href="#[5]">&gt;&gt;</a>&nbsp;&nbsp;&nbsp;BusFault_Handler
</UL>
<BR>[Called By]<UL><LI><a href="#[5]">&gt;&gt;</a>&nbsp;&nbsp;&nbsp;BusFault_Handler
</UL>
<BR>[Address Reference Count : 1]<UL><LI> startup_stm32f767xx.o(RESET)
</UL>
<P><STRONG><a name="[1f]"></a>CAN1_RX0_IRQHandler</STRONG> (Thumb, 6 bytes, Stack size 0 bytes, stm32f7xx_it.o(i.CAN1_RX0_IRQHandler))
<BR><BR>[Stack]<UL><LI>Max Depth = 112<LI>Call Chain = CAN1_RX0_IRQHandler &rArr; HAL_CAN_IRQHandler &rArr; HAL_CAN_RxFifo0MsgPendingCallback &rArr; J60_ProcessReceivedData
</UL>
<BR>[Calls]<UL><LI><a href="#[a5]">&gt;&gt;</a>&nbsp;&nbsp;&nbsp;HAL_CAN_IRQHandler
</UL>
<BR>[Address Reference Count : 1]<UL><LI> startup_stm32f767xx.o(RESET)
</UL>
<P><STRONG><a name="[4b]"></a>CAN2_RX0_IRQHandler</STRONG> (Thumb, 6 bytes, Stack size 0 bytes, stm32f7xx_it.o(i.CAN2_RX0_IRQHandler))
<BR><BR>[Stack]<UL><LI>Max Depth = 112<LI>Call Chain = CAN2_RX0_IRQHandler &rArr; HAL_CAN_IRQHandler &rArr; HAL_CAN_RxFifo0MsgPendingCallback &rArr; J60_ProcessReceivedData
</UL>
<BR>[Calls]<UL><LI><a href="#[a5]">&gt;&gt;</a>&nbsp;&nbsp;&nbsp;HAL_CAN_IRQHandler
</UL>
<BR>[Address Reference Count : 1]<UL><LI> startup_stm32f767xx.o(RESET)
</UL>
<P><STRONG><a name="[72]"></a>CAN3_RX0_IRQHandler</STRONG> (Thumb, 6 bytes, Stack size 0 bytes, stm32f7xx_it.o(i.CAN3_RX0_IRQHandler))
<BR><BR>[Stack]<UL><LI>Max Depth = 112<LI>Call Chain = CAN3_RX0_IRQHandler &rArr; HAL_CAN_IRQHandler &rArr; HAL_CAN_RxFifo0MsgPendingCallback &rArr; J60_ProcessReceivedData
</UL>
<BR>[Calls]<UL><LI><a href="#[a5]">&gt;&gt;</a>&nbsp;&nbsp;&nbsp;HAL_CAN_IRQHandler
</UL>
<BR>[Address Reference Count : 1]<UL><LI> startup_stm32f767xx.o(RESET)
</UL>
<P><STRONG><a name="[1a]"></a>DMA1_Stream4_IRQHandler</STRONG> (Thumb, 6 bytes, Stack size 0 bytes, stm32f7xx_it.o(i.DMA1_Stream4_IRQHandler))
<BR><BR>[Stack]<UL><LI>Max Depth = 32<LI>Call Chain = DMA1_Stream4_IRQHandler &rArr; HAL_DMA_IRQHandler
</UL>
<BR>[Calls]<UL><LI><a href="#[a6]">&gt;&gt;</a>&nbsp;&nbsp;&nbsp;HAL_DMA_IRQHandler
</UL>
<BR>[Address Reference Count : 1]<UL><LI> startup_stm32f767xx.o(RESET)
</UL>
<P><STRONG><a name="[1b]"></a>DMA1_Stream5_IRQHandler</STRONG> (Thumb, 6 bytes, Stack size 0 bytes, stm32f7xx_it.o(i.DMA1_Stream5_IRQHandler))
<BR><BR>[Stack]<UL><LI>Max Depth = 32<LI>Call Chain = DMA1_Stream5_IRQHandler &rArr; HAL_DMA_IRQHandler
</UL>
<BR>[Calls]<UL><LI><a href="#[a6]">&gt;&gt;</a>&nbsp;&nbsp;&nbsp;HAL_DMA_IRQHandler
</UL>
<BR>[Address Reference Count : 1]<UL><LI> startup_stm32f767xx.o(RESET)
</UL>
<P><STRONG><a name="[44]"></a>DMA2_Stream1_IRQHandler</STRONG> (Thumb, 6 bytes, Stack size 0 bytes, stm32f7xx_it.o(i.DMA2_Stream1_IRQHandler))
<BR><BR>[Stack]<UL><LI>Max Depth = 32<LI>Call Chain = DMA2_Stream1_IRQHandler &rArr; HAL_DMA_IRQHandler
</UL>
<BR>[Calls]<UL><LI><a href="#[a6]">&gt;&gt;</a>&nbsp;&nbsp;&nbsp;HAL_DMA_IRQHandler
</UL>
<BR>[Address Reference Count : 1]<UL><LI> startup_stm32f767xx.o(RESET)
</UL>
<P><STRONG><a name="[45]"></a>DMA2_Stream2_IRQHandler</STRONG> (Thumb, 6 bytes, Stack size 0 bytes, stm32f7xx_it.o(i.DMA2_Stream2_IRQHandler))
<BR><BR>[Stack]<UL><LI>Max Depth = 32<LI>Call Chain = DMA2_Stream2_IRQHandler &rArr; HAL_DMA_IRQHandler
</UL>
<BR>[Calls]<UL><LI><a href="#[a6]">&gt;&gt;</a>&nbsp;&nbsp;&nbsp;HAL_DMA_IRQHandler
</UL>
<BR>[Address Reference Count : 1]<UL><LI> startup_stm32f767xx.o(RESET)
</UL>
<P><STRONG><a name="[8]"></a>DebugMon_Handler</STRONG> (Thumb, 2 bytes, Stack size 0 bytes, stm32f7xx_it.o(i.DebugMon_Handler))
<BR>[Address Reference Count : 1]<UL><LI> startup_stm32f767xx.o(RESET)
</UL>
<P><STRONG><a name="[ff]"></a>Error_Handler</STRONG> (Thumb, 4 bytes, Stack size 0 bytes, main.o(i.Error_Handler))
<BR><BR>[Called By]<UL><LI><a href="#[fb]">&gt;&gt;</a>&nbsp;&nbsp;&nbsp;HAL_UART_MspInit
<LI><a href="#[121]">&gt;&gt;</a>&nbsp;&nbsp;&nbsp;MX_USART6_UART_Init
<LI><a href="#[120]">&gt;&gt;</a>&nbsp;&nbsp;&nbsp;MX_USART2_UART_Init
<LI><a href="#[11f]">&gt;&gt;</a>&nbsp;&nbsp;&nbsp;MX_USART1_UART_Init
<LI><a href="#[11e]">&gt;&gt;</a>&nbsp;&nbsp;&nbsp;MX_UART4_Init
<LI><a href="#[11d]">&gt;&gt;</a>&nbsp;&nbsp;&nbsp;MX_TIM9_Init
<LI><a href="#[11c]">&gt;&gt;</a>&nbsp;&nbsp;&nbsp;MX_TIM7_Init
<LI><a href="#[11b]">&gt;&gt;</a>&nbsp;&nbsp;&nbsp;MX_TIM6_Init
<LI><a href="#[11a]">&gt;&gt;</a>&nbsp;&nbsp;&nbsp;MX_TIM5_Init
<LI><a href="#[119]">&gt;&gt;</a>&nbsp;&nbsp;&nbsp;MX_TIM4_Init
<LI><a href="#[118]">&gt;&gt;</a>&nbsp;&nbsp;&nbsp;MX_TIM3_Init
<LI><a href="#[117]">&gt;&gt;</a>&nbsp;&nbsp;&nbsp;MX_TIM2_Init
<LI><a href="#[115]">&gt;&gt;</a>&nbsp;&nbsp;&nbsp;MX_TIM1_Init
<LI><a href="#[114]">&gt;&gt;</a>&nbsp;&nbsp;&nbsp;MX_TIM10_Init
<LI><a href="#[112]">&gt;&gt;</a>&nbsp;&nbsp;&nbsp;MX_CAN3_Init
<LI><a href="#[111]">&gt;&gt;</a>&nbsp;&nbsp;&nbsp;MX_CAN2_Init
<LI><a href="#[110]">&gt;&gt;</a>&nbsp;&nbsp;&nbsp;MX_CAN1_Init
</UL>

<P><STRONG><a name="[10f]"></a>HAL_CAN_AddTxMessage</STRONG> (Thumb, 202 bytes, Stack size 20 bytes, stm32f7xx_hal_can.o(i.HAL_CAN_AddTxMessage))
<BR><BR>[Stack]<UL><LI>Max Depth = 20<LI>Call Chain = HAL_CAN_AddTxMessage
</UL>
<BR>[Called By]<UL><LI><a href="#[109]">&gt;&gt;</a>&nbsp;&nbsp;&nbsp;J60_SendCanMessage_NonBlocking
</UL>

<P><STRONG><a name="[b3]"></a>HAL_CAN_ErrorCallback</STRONG> (Thumb, 2 bytes, Stack size 0 bytes, stm32f7xx_hal_can.o(i.HAL_CAN_ErrorCallback))
<BR><BR>[Called By]<UL><LI><a href="#[a5]">&gt;&gt;</a>&nbsp;&nbsp;&nbsp;HAL_CAN_IRQHandler
</UL>

<P><STRONG><a name="[bb]"></a>HAL_CAN_GetRxMessage</STRONG> (Thumb, 258 bytes, Stack size 20 bytes, stm32f7xx_hal_can.o(i.HAL_CAN_GetRxMessage))
<BR><BR>[Stack]<UL><LI>Max Depth = 20<LI>Call Chain = HAL_CAN_GetRxMessage
</UL>
<BR>[Called By]<UL><LI><a href="#[ae]">&gt;&gt;</a>&nbsp;&nbsp;&nbsp;HAL_CAN_RxFifo0MsgPendingCallback
</UL>

<P><STRONG><a name="[108]"></a>HAL_CAN_GetTxMailboxesFreeLevel</STRONG> (Thumb, 44 bytes, Stack size 0 bytes, stm32f7xx_hal_can.o(i.HAL_CAN_GetTxMailboxesFreeLevel))
<BR><BR>[Called By]<UL><LI><a href="#[109]">&gt;&gt;</a>&nbsp;&nbsp;&nbsp;J60_SendCanMessage_NonBlocking
<LI><a href="#[e0]">&gt;&gt;</a>&nbsp;&nbsp;&nbsp;J60_ProcessCanQueues
</UL>

<P><STRONG><a name="[a5]"></a>HAL_CAN_IRQHandler</STRONG> (Thumb, 508 bytes, Stack size 40 bytes, stm32f7xx_hal_can.o(i.HAL_CAN_IRQHandler))
<BR><BR>[Stack]<UL><LI>Max Depth = 112<LI>Call Chain = HAL_CAN_IRQHandler &rArr; HAL_CAN_RxFifo0MsgPendingCallback &rArr; J60_ProcessReceivedData
</UL>
<BR>[Calls]<UL><LI><a href="#[b2]">&gt;&gt;</a>&nbsp;&nbsp;&nbsp;HAL_CAN_WakeUpFromRxMsgCallback
<LI><a href="#[ab]">&gt;&gt;</a>&nbsp;&nbsp;&nbsp;HAL_CAN_TxMailbox2CompleteCallback
<LI><a href="#[ac]">&gt;&gt;</a>&nbsp;&nbsp;&nbsp;HAL_CAN_TxMailbox2AbortCallback
<LI><a href="#[a9]">&gt;&gt;</a>&nbsp;&nbsp;&nbsp;HAL_CAN_TxMailbox1CompleteCallback
<LI><a href="#[aa]">&gt;&gt;</a>&nbsp;&nbsp;&nbsp;HAL_CAN_TxMailbox1AbortCallback
<LI><a href="#[a7]">&gt;&gt;</a>&nbsp;&nbsp;&nbsp;HAL_CAN_TxMailbox0CompleteCallback
<LI><a href="#[a8]">&gt;&gt;</a>&nbsp;&nbsp;&nbsp;HAL_CAN_TxMailbox0AbortCallback
<LI><a href="#[b1]">&gt;&gt;</a>&nbsp;&nbsp;&nbsp;HAL_CAN_SleepCallback
<LI><a href="#[b0]">&gt;&gt;</a>&nbsp;&nbsp;&nbsp;HAL_CAN_RxFifo1MsgPendingCallback
<LI><a href="#[af]">&gt;&gt;</a>&nbsp;&nbsp;&nbsp;HAL_CAN_RxFifo1FullCallback
<LI><a href="#[ad]">&gt;&gt;</a>&nbsp;&nbsp;&nbsp;HAL_CAN_RxFifo0FullCallback
<LI><a href="#[b3]">&gt;&gt;</a>&nbsp;&nbsp;&nbsp;HAL_CAN_ErrorCallback
<LI><a href="#[ae]">&gt;&gt;</a>&nbsp;&nbsp;&nbsp;HAL_CAN_RxFifo0MsgPendingCallback
</UL>
<BR>[Called By]<UL><LI><a href="#[72]">&gt;&gt;</a>&nbsp;&nbsp;&nbsp;CAN3_RX0_IRQHandler
<LI><a href="#[4b]">&gt;&gt;</a>&nbsp;&nbsp;&nbsp;CAN2_RX0_IRQHandler
<LI><a href="#[1f]">&gt;&gt;</a>&nbsp;&nbsp;&nbsp;CAN1_RX0_IRQHandler
</UL>

<P><STRONG><a name="[b4]"></a>HAL_CAN_Init</STRONG> (Thumb, 282 bytes, Stack size 16 bytes, stm32f7xx_hal_can.o(i.HAL_CAN_Init))
<BR><BR>[Stack]<UL><LI>Max Depth = 112<LI>Call Chain = HAL_CAN_Init &rArr; HAL_CAN_MspInit &rArr; HAL_GPIO_Init
</UL>
<BR>[Calls]<UL><LI><a href="#[b5]">&gt;&gt;</a>&nbsp;&nbsp;&nbsp;HAL_CAN_MspInit
<LI><a href="#[b6]">&gt;&gt;</a>&nbsp;&nbsp;&nbsp;HAL_GetTick
</UL>
<BR>[Called By]<UL><LI><a href="#[112]">&gt;&gt;</a>&nbsp;&nbsp;&nbsp;MX_CAN3_Init
<LI><a href="#[111]">&gt;&gt;</a>&nbsp;&nbsp;&nbsp;MX_CAN2_Init
<LI><a href="#[110]">&gt;&gt;</a>&nbsp;&nbsp;&nbsp;MX_CAN1_Init
</UL>

<P><STRONG><a name="[b5]"></a>HAL_CAN_MspInit</STRONG> (Thumb, 300 bytes, Stack size 56 bytes, can.o(i.HAL_CAN_MspInit))
<BR><BR>[Stack]<UL><LI>Max Depth = 96<LI>Call Chain = HAL_CAN_MspInit &rArr; HAL_GPIO_Init
</UL>
<BR>[Calls]<UL><LI><a href="#[b9]">&gt;&gt;</a>&nbsp;&nbsp;&nbsp;HAL_NVIC_SetPriority
<LI><a href="#[ba]">&gt;&gt;</a>&nbsp;&nbsp;&nbsp;HAL_NVIC_EnableIRQ
<LI><a href="#[b8]">&gt;&gt;</a>&nbsp;&nbsp;&nbsp;HAL_GPIO_Init
<LI><a href="#[b7]">&gt;&gt;</a>&nbsp;&nbsp;&nbsp;__aeabi_memclr4
</UL>
<BR>[Called By]<UL><LI><a href="#[b4]">&gt;&gt;</a>&nbsp;&nbsp;&nbsp;HAL_CAN_Init
</UL>

<P><STRONG><a name="[ad]"></a>HAL_CAN_RxFifo0FullCallback</STRONG> (Thumb, 2 bytes, Stack size 0 bytes, stm32f7xx_hal_can.o(i.HAL_CAN_RxFifo0FullCallback))
<BR><BR>[Called By]<UL><LI><a href="#[a5]">&gt;&gt;</a>&nbsp;&nbsp;&nbsp;HAL_CAN_IRQHandler
</UL>

<P><STRONG><a name="[ae]"></a>HAL_CAN_RxFifo0MsgPendingCallback</STRONG> (Thumb, 34 bytes, Stack size 48 bytes, j60.o(i.HAL_CAN_RxFifo0MsgPendingCallback))
<BR><BR>[Stack]<UL><LI>Max Depth = 72<LI>Call Chain = HAL_CAN_RxFifo0MsgPendingCallback &rArr; J60_ProcessReceivedData
</UL>
<BR>[Calls]<UL><LI><a href="#[bb]">&gt;&gt;</a>&nbsp;&nbsp;&nbsp;HAL_CAN_GetRxMessage
<LI><a href="#[bc]">&gt;&gt;</a>&nbsp;&nbsp;&nbsp;J60_ProcessReceivedData
</UL>
<BR>[Called By]<UL><LI><a href="#[a5]">&gt;&gt;</a>&nbsp;&nbsp;&nbsp;HAL_CAN_IRQHandler
</UL>

<P><STRONG><a name="[af]"></a>HAL_CAN_RxFifo1FullCallback</STRONG> (Thumb, 2 bytes, Stack size 0 bytes, stm32f7xx_hal_can.o(i.HAL_CAN_RxFifo1FullCallback))
<BR><BR>[Called By]<UL><LI><a href="#[a5]">&gt;&gt;</a>&nbsp;&nbsp;&nbsp;HAL_CAN_IRQHandler
</UL>

<P><STRONG><a name="[b0]"></a>HAL_CAN_RxFifo1MsgPendingCallback</STRONG> (Thumb, 2 bytes, Stack size 0 bytes, stm32f7xx_hal_can.o(i.HAL_CAN_RxFifo1MsgPendingCallback))
<BR><BR>[Called By]<UL><LI><a href="#[a5]">&gt;&gt;</a>&nbsp;&nbsp;&nbsp;HAL_CAN_IRQHandler
</UL>

<P><STRONG><a name="[b1]"></a>HAL_CAN_SleepCallback</STRONG> (Thumb, 2 bytes, Stack size 0 bytes, stm32f7xx_hal_can.o(i.HAL_CAN_SleepCallback))
<BR><BR>[Called By]<UL><LI><a href="#[a5]">&gt;&gt;</a>&nbsp;&nbsp;&nbsp;HAL_CAN_IRQHandler
</UL>

<P><STRONG><a name="[a8]"></a>HAL_CAN_TxMailbox0AbortCallback</STRONG> (Thumb, 2 bytes, Stack size 0 bytes, stm32f7xx_hal_can.o(i.HAL_CAN_TxMailbox0AbortCallback))
<BR><BR>[Called By]<UL><LI><a href="#[a5]">&gt;&gt;</a>&nbsp;&nbsp;&nbsp;HAL_CAN_IRQHandler
</UL>

<P><STRONG><a name="[a7]"></a>HAL_CAN_TxMailbox0CompleteCallback</STRONG> (Thumb, 2 bytes, Stack size 0 bytes, stm32f7xx_hal_can.o(i.HAL_CAN_TxMailbox0CompleteCallback))
<BR><BR>[Called By]<UL><LI><a href="#[a5]">&gt;&gt;</a>&nbsp;&nbsp;&nbsp;HAL_CAN_IRQHandler
</UL>

<P><STRONG><a name="[aa]"></a>HAL_CAN_TxMailbox1AbortCallback</STRONG> (Thumb, 2 bytes, Stack size 0 bytes, stm32f7xx_hal_can.o(i.HAL_CAN_TxMailbox1AbortCallback))
<BR><BR>[Called By]<UL><LI><a href="#[a5]">&gt;&gt;</a>&nbsp;&nbsp;&nbsp;HAL_CAN_IRQHandler
</UL>

<P><STRONG><a name="[a9]"></a>HAL_CAN_TxMailbox1CompleteCallback</STRONG> (Thumb, 2 bytes, Stack size 0 bytes, stm32f7xx_hal_can.o(i.HAL_CAN_TxMailbox1CompleteCallback))
<BR><BR>[Called By]<UL><LI><a href="#[a5]">&gt;&gt;</a>&nbsp;&nbsp;&nbsp;HAL_CAN_IRQHandler
</UL>

<P><STRONG><a name="[ac]"></a>HAL_CAN_TxMailbox2AbortCallback</STRONG> (Thumb, 2 bytes, Stack size 0 bytes, stm32f7xx_hal_can.o(i.HAL_CAN_TxMailbox2AbortCallback))
<BR><BR>[Called By]<UL><LI><a href="#[a5]">&gt;&gt;</a>&nbsp;&nbsp;&nbsp;HAL_CAN_IRQHandler
</UL>

<P><STRONG><a name="[ab]"></a>HAL_CAN_TxMailbox2CompleteCallback</STRONG> (Thumb, 2 bytes, Stack size 0 bytes, stm32f7xx_hal_can.o(i.HAL_CAN_TxMailbox2CompleteCallback))
<BR><BR>[Called By]<UL><LI><a href="#[a5]">&gt;&gt;</a>&nbsp;&nbsp;&nbsp;HAL_CAN_IRQHandler
</UL>

<P><STRONG><a name="[b2]"></a>HAL_CAN_WakeUpFromRxMsgCallback</STRONG> (Thumb, 2 bytes, Stack size 0 bytes, stm32f7xx_hal_can.o(i.HAL_CAN_WakeUpFromRxMsgCallback))
<BR><BR>[Called By]<UL><LI><a href="#[a5]">&gt;&gt;</a>&nbsp;&nbsp;&nbsp;HAL_CAN_IRQHandler
</UL>

<P><STRONG><a name="[bd]"></a>HAL_DMA_Abort</STRONG> (Thumb, 146 bytes, Stack size 24 bytes, stm32f7xx_hal_dma.o(i.HAL_DMA_Abort))
<BR><BR>[Stack]<UL><LI>Max Depth = 24<LI>Call Chain = HAL_DMA_Abort
</UL>
<BR>[Calls]<UL><LI><a href="#[b6]">&gt;&gt;</a>&nbsp;&nbsp;&nbsp;HAL_GetTick
</UL>
<BR>[Called By]<UL><LI><a href="#[eb]">&gt;&gt;</a>&nbsp;&nbsp;&nbsp;HAL_UART_DMAStop
<LI><a href="#[f6]">&gt;&gt;</a>&nbsp;&nbsp;&nbsp;HAL_UART_IRQHandler
</UL>

<P><STRONG><a name="[f7]"></a>HAL_DMA_Abort_IT</STRONG> (Thumb, 36 bytes, Stack size 0 bytes, stm32f7xx_hal_dma.o(i.HAL_DMA_Abort_IT))
<BR><BR>[Called By]<UL><LI><a href="#[f6]">&gt;&gt;</a>&nbsp;&nbsp;&nbsp;HAL_UART_IRQHandler
</UL>

<P><STRONG><a name="[f2]"></a>HAL_DMA_GetError</STRONG> (Thumb, 4 bytes, Stack size 0 bytes, stm32f7xx_hal_dma.o(i.HAL_DMA_GetError))
<BR><BR>[Called By]<UL><LI><a href="#[eb]">&gt;&gt;</a>&nbsp;&nbsp;&nbsp;HAL_UART_DMAStop
</UL>

<P><STRONG><a name="[a6]"></a>HAL_DMA_IRQHandler</STRONG> (Thumb, 412 bytes, Stack size 32 bytes, stm32f7xx_hal_dma.o(i.HAL_DMA_IRQHandler))
<BR><BR>[Stack]<UL><LI>Max Depth = 32<LI>Call Chain = HAL_DMA_IRQHandler
</UL>
<BR>[Called By]<UL><LI><a href="#[45]">&gt;&gt;</a>&nbsp;&nbsp;&nbsp;DMA2_Stream2_IRQHandler
<LI><a href="#[44]">&gt;&gt;</a>&nbsp;&nbsp;&nbsp;DMA2_Stream1_IRQHandler
<LI><a href="#[1b]">&gt;&gt;</a>&nbsp;&nbsp;&nbsp;DMA1_Stream5_IRQHandler
<LI><a href="#[1a]">&gt;&gt;</a>&nbsp;&nbsp;&nbsp;DMA1_Stream4_IRQHandler
</UL>

<P><STRONG><a name="[be]"></a>HAL_DMA_Init</STRONG> (Thumb, 222 bytes, Stack size 32 bytes, stm32f7xx_hal_dma.o(i.HAL_DMA_Init))
<BR><BR>[Stack]<UL><LI>Max Depth = 40<LI>Call Chain = HAL_DMA_Init &rArr; DMA_CheckFifoParam
</UL>
<BR>[Calls]<UL><LI><a href="#[bf]">&gt;&gt;</a>&nbsp;&nbsp;&nbsp;DMA_CheckFifoParam
<LI><a href="#[c0]">&gt;&gt;</a>&nbsp;&nbsp;&nbsp;DMA_CalcBaseAndBitshift
<LI><a href="#[b6]">&gt;&gt;</a>&nbsp;&nbsp;&nbsp;HAL_GetTick
</UL>
<BR>[Called By]<UL><LI><a href="#[fb]">&gt;&gt;</a>&nbsp;&nbsp;&nbsp;HAL_UART_MspInit
</UL>

<P><STRONG><a name="[c1]"></a>HAL_DMA_Start_IT</STRONG> (Thumb, 122 bytes, Stack size 24 bytes, stm32f7xx_hal_dma.o(i.HAL_DMA_Start_IT))
<BR><BR>[Stack]<UL><LI>Max Depth = 36<LI>Call Chain = HAL_DMA_Start_IT &rArr; DMA_SetConfig
</UL>
<BR>[Calls]<UL><LI><a href="#[c2]">&gt;&gt;</a>&nbsp;&nbsp;&nbsp;DMA_SetConfig
</UL>
<BR>[Called By]<UL><LI><a href="#[e9]">&gt;&gt;</a>&nbsp;&nbsp;&nbsp;UART_Start_Receive_DMA
<LI><a href="#[100]">&gt;&gt;</a>&nbsp;&nbsp;&nbsp;HAL_UART_Transmit_DMA
</UL>

<P><STRONG><a name="[c3]"></a>HAL_Delay</STRONG> (Thumb, 32 bytes, Stack size 16 bytes, stm32f7xx_hal.o(i.HAL_Delay))
<BR><BR>[Stack]<UL><LI>Max Depth = 16<LI>Call Chain = HAL_Delay
</UL>
<BR>[Calls]<UL><LI><a href="#[b6]">&gt;&gt;</a>&nbsp;&nbsp;&nbsp;HAL_GetTick
</UL>
<BR>[Called By]<UL><LI><a href="#[77]">&gt;&gt;</a>&nbsp;&nbsp;&nbsp;main
</UL>

<P><STRONG><a name="[b8]"></a>HAL_GPIO_Init</STRONG> (Thumb, 530 bytes, Stack size 40 bytes, stm32f7xx_hal_gpio.o(i.HAL_GPIO_Init))
<BR><BR>[Stack]<UL><LI>Max Depth = 40<LI>Call Chain = HAL_GPIO_Init
</UL>
<BR>[Called By]<UL><LI><a href="#[fb]">&gt;&gt;</a>&nbsp;&nbsp;&nbsp;HAL_UART_MspInit
<LI><a href="#[b5]">&gt;&gt;</a>&nbsp;&nbsp;&nbsp;HAL_CAN_MspInit
</UL>

<P><STRONG><a name="[b6]"></a>HAL_GetTick</STRONG> (Thumb, 6 bytes, Stack size 0 bytes, stm32f7xx_hal.o(i.HAL_GetTick))
<BR><BR>[Called By]<UL><LI><a href="#[cb]">&gt;&gt;</a>&nbsp;&nbsp;&nbsp;HAL_RCCEx_PeriphCLKConfig
<LI><a href="#[be]">&gt;&gt;</a>&nbsp;&nbsp;&nbsp;HAL_DMA_Init
<LI><a href="#[b4]">&gt;&gt;</a>&nbsp;&nbsp;&nbsp;HAL_CAN_Init
<LI><a href="#[ce]">&gt;&gt;</a>&nbsp;&nbsp;&nbsp;HAL_RCC_OscConfig
<LI><a href="#[cc]">&gt;&gt;</a>&nbsp;&nbsp;&nbsp;HAL_RCC_ClockConfig
<LI><a href="#[ca]">&gt;&gt;</a>&nbsp;&nbsp;&nbsp;HAL_PWREx_EnableOverDrive
<LI><a href="#[c3]">&gt;&gt;</a>&nbsp;&nbsp;&nbsp;HAL_Delay
<LI><a href="#[165]">&gt;&gt;</a>&nbsp;&nbsp;&nbsp;getTime
<LI><a href="#[124]">&gt;&gt;</a>&nbsp;&nbsp;&nbsp;UART_WaitOnFlagUntilTimeout
<LI><a href="#[fe]">&gt;&gt;</a>&nbsp;&nbsp;&nbsp;UART_CheckIdleState
<LI><a href="#[bd]">&gt;&gt;</a>&nbsp;&nbsp;&nbsp;HAL_DMA_Abort
<LI><a href="#[107]">&gt;&gt;</a>&nbsp;&nbsp;&nbsp;J60_SendCanMessage
<LI><a href="#[e0]">&gt;&gt;</a>&nbsp;&nbsp;&nbsp;J60_ProcessCanQueues
</UL>

<P><STRONG><a name="[122]"></a>HAL_IncTick</STRONG> (Thumb, 12 bytes, Stack size 0 bytes, stm32f7xx_hal.o(i.HAL_IncTick))
<BR><BR>[Called By]<UL><LI><a href="#[a]">&gt;&gt;</a>&nbsp;&nbsp;&nbsp;SysTick_Handler
</UL>

<P><STRONG><a name="[c4]"></a>HAL_Init</STRONG> (Thumb, 22 bytes, Stack size 8 bytes, stm32f7xx_hal.o(i.HAL_Init))
<BR><BR>[Stack]<UL><LI>Max Depth = 40<LI>Call Chain = HAL_Init &rArr; HAL_InitTick &rArr; HAL_NVIC_SetPriority
</UL>
<BR>[Calls]<UL><LI><a href="#[c6]">&gt;&gt;</a>&nbsp;&nbsp;&nbsp;HAL_InitTick
<LI><a href="#[c7]">&gt;&gt;</a>&nbsp;&nbsp;&nbsp;HAL_MspInit
<LI><a href="#[c5]">&gt;&gt;</a>&nbsp;&nbsp;&nbsp;HAL_NVIC_SetPriorityGrouping
</UL>
<BR>[Called By]<UL><LI><a href="#[77]">&gt;&gt;</a>&nbsp;&nbsp;&nbsp;main
</UL>

<P><STRONG><a name="[c6]"></a>HAL_InitTick</STRONG> (Thumb, 54 bytes, Stack size 16 bytes, stm32f7xx_hal.o(i.HAL_InitTick))
<BR><BR>[Stack]<UL><LI>Max Depth = 32<LI>Call Chain = HAL_InitTick &rArr; HAL_NVIC_SetPriority
</UL>
<BR>[Calls]<UL><LI><a href="#[b9]">&gt;&gt;</a>&nbsp;&nbsp;&nbsp;HAL_NVIC_SetPriority
<LI><a href="#[c8]">&gt;&gt;</a>&nbsp;&nbsp;&nbsp;HAL_SYSTICK_Config
</UL>
<BR>[Called By]<UL><LI><a href="#[cc]">&gt;&gt;</a>&nbsp;&nbsp;&nbsp;HAL_RCC_ClockConfig
<LI><a href="#[c4]">&gt;&gt;</a>&nbsp;&nbsp;&nbsp;HAL_Init
</UL>

<P><STRONG><a name="[19a]"></a>HAL_MPU_ConfigRegion</STRONG> (Thumb, 86 bytes, Stack size 20 bytes, stm32f7xx_hal_cortex.o(i.HAL_MPU_ConfigRegion))
<BR><BR>[Stack]<UL><LI>Max Depth = 20<LI>Call Chain = HAL_MPU_ConfigRegion
</UL>
<BR>[Called By]<UL><LI><a href="#[77]">&gt;&gt;</a>&nbsp;&nbsp;&nbsp;main
</UL>

<P><STRONG><a name="[199]"></a>HAL_MPU_Disable</STRONG> (Thumb, 24 bytes, Stack size 0 bytes, stm32f7xx_hal_cortex.o(i.HAL_MPU_Disable))
<BR><BR>[Called By]<UL><LI><a href="#[77]">&gt;&gt;</a>&nbsp;&nbsp;&nbsp;main
</UL>

<P><STRONG><a name="[19b]"></a>HAL_MPU_Enable</STRONG> (Thumb, 30 bytes, Stack size 0 bytes, stm32f7xx_hal_cortex.o(i.HAL_MPU_Enable))
<BR><BR>[Called By]<UL><LI><a href="#[77]">&gt;&gt;</a>&nbsp;&nbsp;&nbsp;main
</UL>

<P><STRONG><a name="[c7]"></a>HAL_MspInit</STRONG> (Thumb, 42 bytes, Stack size 8 bytes, stm32f7xx_hal_msp.o(i.HAL_MspInit))
<BR><BR>[Stack]<UL><LI>Max Depth = 8<LI>Call Chain = HAL_MspInit
</UL>
<BR>[Called By]<UL><LI><a href="#[c4]">&gt;&gt;</a>&nbsp;&nbsp;&nbsp;HAL_Init
</UL>

<P><STRONG><a name="[ba]"></a>HAL_NVIC_EnableIRQ</STRONG> (Thumb, 26 bytes, Stack size 0 bytes, stm32f7xx_hal_cortex.o(i.HAL_NVIC_EnableIRQ))
<BR><BR>[Called By]<UL><LI><a href="#[fb]">&gt;&gt;</a>&nbsp;&nbsp;&nbsp;HAL_UART_MspInit
<LI><a href="#[d0]">&gt;&gt;</a>&nbsp;&nbsp;&nbsp;HAL_TIM_Base_MspInit
<LI><a href="#[b5]">&gt;&gt;</a>&nbsp;&nbsp;&nbsp;HAL_CAN_MspInit
<LI><a href="#[113]">&gt;&gt;</a>&nbsp;&nbsp;&nbsp;MX_DMA_Init
</UL>

<P><STRONG><a name="[b9]"></a>HAL_NVIC_SetPriority</STRONG> (Thumb, 60 bytes, Stack size 16 bytes, stm32f7xx_hal_cortex.o(i.HAL_NVIC_SetPriority))
<BR><BR>[Stack]<UL><LI>Max Depth = 16<LI>Call Chain = HAL_NVIC_SetPriority
</UL>
<BR>[Calls]<UL><LI><a href="#[c9]">&gt;&gt;</a>&nbsp;&nbsp;&nbsp;__NVIC_SetPriority
</UL>
<BR>[Called By]<UL><LI><a href="#[fb]">&gt;&gt;</a>&nbsp;&nbsp;&nbsp;HAL_UART_MspInit
<LI><a href="#[d0]">&gt;&gt;</a>&nbsp;&nbsp;&nbsp;HAL_TIM_Base_MspInit
<LI><a href="#[b5]">&gt;&gt;</a>&nbsp;&nbsp;&nbsp;HAL_CAN_MspInit
<LI><a href="#[113]">&gt;&gt;</a>&nbsp;&nbsp;&nbsp;MX_DMA_Init
<LI><a href="#[c6]">&gt;&gt;</a>&nbsp;&nbsp;&nbsp;HAL_InitTick
</UL>

<P><STRONG><a name="[c5]"></a>HAL_NVIC_SetPriorityGrouping</STRONG> (Thumb, 28 bytes, Stack size 8 bytes, stm32f7xx_hal_cortex.o(i.HAL_NVIC_SetPriorityGrouping))
<BR><BR>[Stack]<UL><LI>Max Depth = 8<LI>Call Chain = HAL_NVIC_SetPriorityGrouping
</UL>
<BR>[Called By]<UL><LI><a href="#[c4]">&gt;&gt;</a>&nbsp;&nbsp;&nbsp;HAL_Init
</UL>

<P><STRONG><a name="[ca]"></a>HAL_PWREx_EnableOverDrive</STRONG> (Thumb, 100 bytes, Stack size 24 bytes, stm32f7xx_hal_pwr_ex.o(i.HAL_PWREx_EnableOverDrive))
<BR><BR>[Stack]<UL><LI>Max Depth = 24<LI>Call Chain = HAL_PWREx_EnableOverDrive
</UL>
<BR>[Calls]<UL><LI><a href="#[b6]">&gt;&gt;</a>&nbsp;&nbsp;&nbsp;HAL_GetTick
</UL>
<BR>[Called By]<UL><LI><a href="#[123]">&gt;&gt;</a>&nbsp;&nbsp;&nbsp;SystemClock_Config
</UL>

<P><STRONG><a name="[cb]"></a>HAL_RCCEx_PeriphCLKConfig</STRONG> (Thumb, 1336 bytes, Stack size 40 bytes, stm32f7xx_hal_rcc_ex.o(i.HAL_RCCEx_PeriphCLKConfig))
<BR><BR>[Stack]<UL><LI>Max Depth = 40<LI>Call Chain = HAL_RCCEx_PeriphCLKConfig
</UL>
<BR>[Calls]<UL><LI><a href="#[b6]">&gt;&gt;</a>&nbsp;&nbsp;&nbsp;HAL_GetTick
</UL>
<BR>[Called By]<UL><LI><a href="#[fb]">&gt;&gt;</a>&nbsp;&nbsp;&nbsp;HAL_UART_MspInit
</UL>

<P><STRONG><a name="[cc]"></a>HAL_RCC_ClockConfig</STRONG> (Thumb, 284 bytes, Stack size 32 bytes, stm32f7xx_hal_rcc.o(i.HAL_RCC_ClockConfig))
<BR><BR>[Stack]<UL><LI>Max Depth = 80<LI>Call Chain = HAL_RCC_ClockConfig &rArr; HAL_RCC_GetSysClockFreq &rArr; __aeabi_uldivmod
</UL>
<BR>[Calls]<UL><LI><a href="#[c6]">&gt;&gt;</a>&nbsp;&nbsp;&nbsp;HAL_InitTick
<LI><a href="#[cd]">&gt;&gt;</a>&nbsp;&nbsp;&nbsp;HAL_RCC_GetSysClockFreq
<LI><a href="#[b6]">&gt;&gt;</a>&nbsp;&nbsp;&nbsp;HAL_GetTick
</UL>
<BR>[Called By]<UL><LI><a href="#[123]">&gt;&gt;</a>&nbsp;&nbsp;&nbsp;SystemClock_Config
</UL>

<P><STRONG><a name="[128]"></a>HAL_RCC_GetPCLK1Freq</STRONG> (Thumb, 20 bytes, Stack size 0 bytes, stm32f7xx_hal_rcc.o(i.HAL_RCC_GetPCLK1Freq))
<BR><BR>[Called By]<UL><LI><a href="#[fd]">&gt;&gt;</a>&nbsp;&nbsp;&nbsp;UART_SetConfig
</UL>

<P><STRONG><a name="[129]"></a>HAL_RCC_GetPCLK2Freq</STRONG> (Thumb, 20 bytes, Stack size 0 bytes, stm32f7xx_hal_rcc.o(i.HAL_RCC_GetPCLK2Freq))
<BR><BR>[Called By]<UL><LI><a href="#[fd]">&gt;&gt;</a>&nbsp;&nbsp;&nbsp;UART_SetConfig
</UL>

<P><STRONG><a name="[cd]"></a>HAL_RCC_GetSysClockFreq</STRONG> (Thumb, 88 bytes, Stack size 8 bytes, stm32f7xx_hal_rcc.o(i.HAL_RCC_GetSysClockFreq))
<BR><BR>[Stack]<UL><LI>Max Depth = 48<LI>Call Chain = HAL_RCC_GetSysClockFreq &rArr; __aeabi_uldivmod
</UL>
<BR>[Calls]<UL><LI><a href="#[90]">&gt;&gt;</a>&nbsp;&nbsp;&nbsp;__aeabi_uldivmod
</UL>
<BR>[Called By]<UL><LI><a href="#[cc]">&gt;&gt;</a>&nbsp;&nbsp;&nbsp;HAL_RCC_ClockConfig
<LI><a href="#[fd]">&gt;&gt;</a>&nbsp;&nbsp;&nbsp;UART_SetConfig
</UL>

<P><STRONG><a name="[ce]"></a>HAL_RCC_OscConfig</STRONG> (Thumb, 906 bytes, Stack size 40 bytes, stm32f7xx_hal_rcc.o(i.HAL_RCC_OscConfig))
<BR><BR>[Stack]<UL><LI>Max Depth = 40<LI>Call Chain = HAL_RCC_OscConfig
</UL>
<BR>[Calls]<UL><LI><a href="#[b6]">&gt;&gt;</a>&nbsp;&nbsp;&nbsp;HAL_GetTick
</UL>
<BR>[Called By]<UL><LI><a href="#[123]">&gt;&gt;</a>&nbsp;&nbsp;&nbsp;SystemClock_Config
</UL>

<P><STRONG><a name="[c8]"></a>HAL_SYSTICK_Config</STRONG> (Thumb, 38 bytes, Stack size 8 bytes, stm32f7xx_hal_cortex.o(i.HAL_SYSTICK_Config))
<BR><BR>[Stack]<UL><LI>Max Depth = 8<LI>Call Chain = HAL_SYSTICK_Config
</UL>
<BR>[Calls]<UL><LI><a href="#[c9]">&gt;&gt;</a>&nbsp;&nbsp;&nbsp;__NVIC_SetPriority
</UL>
[...]
<BR><BR>[Called By]<UL><LI><a href="#[16e]">&gt;&gt;</a>&nbsp;&nbsp;&nbsp;world_foot_to_body_vel
</UL>

<P><STRONG><a name="[f0]"></a>vision_data_process</STRONG> (Thumb, 100 bytes, Stack size 8 bytes, vision.o(i.vision_data_process))
<BR><BR>[Stack]<UL><LI>Max Depth = 8<LI>Call Chain = vision_data_process
</UL>
<BR>[Calls]<UL><LI><a href="#[172]">&gt;&gt;</a>&nbsp;&nbsp;&nbsp;set_debug_data
</UL>
<BR>[Called By]<UL><LI><a href="#[ea]">&gt;&gt;</a>&nbsp;&nbsp;&nbsp;HAL_UARTEx_RxEventCallback
</UL>

<P><STRONG><a name="[179]"></a>vision_get_pos</STRONG> (Thumb, 26 bytes, Stack size 0 bytes, vision.o(i.vision_get_pos))
<BR><BR>[Called By]<UL><LI><a href="#[17e]">&gt;&gt;</a>&nbsp;&nbsp;&nbsp;path_update
<LI><a href="#[17d]">&gt;&gt;</a>&nbsp;&nbsp;&nbsp;path_set_target
<LI><a href="#[e3]">&gt;&gt;</a>&nbsp;&nbsp;&nbsp;gamepad_control
</UL>

<P><STRONG><a name="[e7]"></a>vmc_force_calculate</STRONG> (Thumb, 552 bytes, Stack size 56 bytes, force_calculate.o(i.vmc_force_calculate))
<BR><BR>[Stack]<UL><LI>Max Depth = 468<LI>Call Chain = vmc_force_calculate &rArr; leg_get_current_foot_force_pos_vel &rArr; leg_motor_to_foot_force_pos_vel &rArr; leg_forward_kinematics_force_pos_vel &rArr; leg_jacobian &rArr; __hardfp_sinf &rArr; __mathlib_rredf2
</UL>
<BR>[Calls]<UL><LI><a href="#[172]">&gt;&gt;</a>&nbsp;&nbsp;&nbsp;set_debug_data
<LI><a href="#[164]">&gt;&gt;</a>&nbsp;&nbsp;&nbsp;LPFilter_init
<LI><a href="#[171]">&gt;&gt;</a>&nbsp;&nbsp;&nbsp;LPFilter
<LI><a href="#[182]">&gt;&gt;</a>&nbsp;&nbsp;&nbsp;LPF_get_value
<LI><a href="#[165]">&gt;&gt;</a>&nbsp;&nbsp;&nbsp;getTime
<LI><a href="#[14e]">&gt;&gt;</a>&nbsp;&nbsp;&nbsp;est_get_body_vel
<LI><a href="#[169]">&gt;&gt;</a>&nbsp;&nbsp;&nbsp;__aeabi_f2d
<LI><a href="#[9a]">&gt;&gt;</a>&nbsp;&nbsp;&nbsp;__aeabi_dsub
<LI><a href="#[9c]">&gt;&gt;</a>&nbsp;&nbsp;&nbsp;__aeabi_dmul
<LI><a href="#[9f]">&gt;&gt;</a>&nbsp;&nbsp;&nbsp;__aeabi_d2f
<LI><a href="#[175]">&gt;&gt;</a>&nbsp;&nbsp;&nbsp;leg_get_neutral_current_pos
<LI><a href="#[178]">&gt;&gt;</a>&nbsp;&nbsp;&nbsp;leg_get_current_foot_pos
<LI><a href="#[18d]">&gt;&gt;</a>&nbsp;&nbsp;&nbsp;leg_get_current_foot_force_pos_vel
<LI><a href="#[166]">&gt;&gt;</a>&nbsp;&nbsp;&nbsp;leg_get_contact_state
<LI><a href="#[174]">&gt;&gt;</a>&nbsp;&nbsp;&nbsp;dog_get_body_vel
</UL>
<BR>[Called By]<UL><LI><a href="#[db]">&gt;&gt;</a>&nbsp;&nbsp;&nbsp;HAL_TIM_PeriodElapsedCallback
</UL>

<P><STRONG><a name="[1ac]"></a>vmc_get_foot_target_force</STRONG> (Thumb, 18 bytes, Stack size 0 bytes, force_calculate.o(i.vmc_get_foot_target_force))
<BR><BR>[Called By]<UL><LI><a href="#[8c]">&gt;&gt;</a>&nbsp;&nbsp;&nbsp;trot_run
</UL>

<P><STRONG><a name="[1ab]"></a>vmc_get_force_control_state</STRONG> (Thumb, 6 bytes, Stack size 0 bytes, force_calculate.o(i.vmc_get_force_control_state))
<BR><BR>[Called By]<UL><LI><a href="#[8c]">&gt;&gt;</a>&nbsp;&nbsp;&nbsp;trot_run
</UL>

<P><STRONG><a name="[168]"></a>windowFunc</STRONG> (Thumb, 72 bytes, Stack size 0 bytes, estimator.o(i.windowFunc))
<BR><BR>[Called By]<UL><LI><a href="#[e5]">&gt;&gt;</a>&nbsp;&nbsp;&nbsp;estimation_run
</UL>

<P><STRONG><a name="[16e]"></a>world_foot_to_body_vel</STRONG> (Thumb, 138 bytes, Stack size 88 bytes, estimator.o(i.world_foot_to_body_vel))
<BR><BR>[Stack]<UL><LI>Max Depth = 236<LI>Call Chain = world_foot_to_body_vel &rArr; leg_forward_kinematics_vel &rArr; leg_jacobian &rArr; __hardfp_sinf &rArr; __mathlib_rredf2
</UL>
<BR>[Calls]<UL><LI><a href="#[1ad]">&gt;&gt;</a>&nbsp;&nbsp;&nbsp;vec3_cross
<LI><a href="#[15f]">&gt;&gt;</a>&nbsp;&nbsp;&nbsp;imu_get_data
<LI><a href="#[165]">&gt;&gt;</a>&nbsp;&nbsp;&nbsp;getTime
<LI><a href="#[169]">&gt;&gt;</a>&nbsp;&nbsp;&nbsp;__aeabi_f2d
<LI><a href="#[9a]">&gt;&gt;</a>&nbsp;&nbsp;&nbsp;__aeabi_dsub
<LI><a href="#[9c]">&gt;&gt;</a>&nbsp;&nbsp;&nbsp;__aeabi_dmul
<LI><a href="#[9f]">&gt;&gt;</a>&nbsp;&nbsp;&nbsp;__aeabi_d2f
<LI><a href="#[193]">&gt;&gt;</a>&nbsp;&nbsp;&nbsp;leg_get_current_joint_vel
<LI><a href="#[191]">&gt;&gt;</a>&nbsp;&nbsp;&nbsp;leg_get_current_joint_pos
<LI><a href="#[192]">&gt;&gt;</a>&nbsp;&nbsp;&nbsp;leg_get_current_foot_pos_body
<LI><a href="#[18c]">&gt;&gt;</a>&nbsp;&nbsp;&nbsp;leg_forward_kinematics_vel
</UL>
<BR>[Called By]<UL><LI><a href="#[e5]">&gt;&gt;</a>&nbsp;&nbsp;&nbsp;estimation_run
</UL>
<P>
<H3>
Local Symbols
</H3>
<P><STRONG><a name="[c0]"></a>DMA_CalcBaseAndBitshift</STRONG> (Thumb, 34 bytes, Stack size 0 bytes, stm32f7xx_hal_dma.o(i.DMA_CalcBaseAndBitshift))
<BR><BR>[Called By]<UL><LI><a href="#[be]">&gt;&gt;</a>&nbsp;&nbsp;&nbsp;HAL_DMA_Init
</UL>

<P><STRONG><a name="[bf]"></a>DMA_CheckFifoParam</STRONG> (Thumb, 84 bytes, Stack size 8 bytes, stm32f7xx_hal_dma.o(i.DMA_CheckFifoParam))
<BR><BR>[Stack]<UL><LI>Max Depth = 8<LI>Call Chain = DMA_CheckFifoParam
</UL>
<BR>[Called By]<UL><LI><a href="#[be]">&gt;&gt;</a>&nbsp;&nbsp;&nbsp;HAL_DMA_Init
</UL>

<P><STRONG><a name="[c2]"></a>DMA_SetConfig</STRONG> (Thumb, 40 bytes, Stack size 12 bytes, stm32f7xx_hal_dma.o(i.DMA_SetConfig))
<BR><BR>[Stack]<UL><LI>Max Depth = 12<LI>Call Chain = DMA_SetConfig
</UL>
<BR>[Called By]<UL><LI><a href="#[c1]">&gt;&gt;</a>&nbsp;&nbsp;&nbsp;HAL_DMA_Start_IT
</UL>

<P><STRONG><a name="[c9]"></a>__NVIC_SetPriority</STRONG> (Thumb, 34 bytes, Stack size 0 bytes, stm32f7xx_hal_cortex.o(i.__NVIC_SetPriority))
<BR><BR>[Called By]<UL><LI><a href="#[b9]">&gt;&gt;</a>&nbsp;&nbsp;&nbsp;HAL_NVIC_SetPriority
<LI><a href="#[c8]">&gt;&gt;</a>&nbsp;&nbsp;&nbsp;HAL_SYSTICK_Config
</UL>

<P><STRONG><a name="[d6]"></a>TIM_ITRx_SetConfig</STRONG> (Thumb, 16 bytes, Stack size 0 bytes, stm32f7xx_hal_tim.o(i.TIM_ITRx_SetConfig))
<BR><BR>[Called By]<UL><LI><a href="#[d2]">&gt;&gt;</a>&nbsp;&nbsp;&nbsp;HAL_TIM_ConfigClockSource
</UL>

<P><STRONG><a name="[d4]"></a>TIM_TI1_ConfigInputStage</STRONG> (Thumb, 34 bytes, Stack size 8 bytes, stm32f7xx_hal_tim.o(i.TIM_TI1_ConfigInputStage))
<BR><BR>[Stack]<UL><LI>Max Depth = 8<LI>Call Chain = TIM_TI1_ConfigInputStage
</UL>
<BR>[Called By]<UL><LI><a href="#[d2]">&gt;&gt;</a>&nbsp;&nbsp;&nbsp;HAL_TIM_ConfigClockSource
</UL>

<P><STRONG><a name="[d5]"></a>TIM_TI2_ConfigInputStage</STRONG> (Thumb, 36 bytes, Stack size 8 bytes, stm32f7xx_hal_tim.o(i.TIM_TI2_ConfigInputStage))
<BR><BR>[Stack]<UL><LI>Max Depth = 8<LI>Call Chain = TIM_TI2_ConfigInputStage
</UL>
<BR>[Called By]<UL><LI><a href="#[d2]">&gt;&gt;</a>&nbsp;&nbsp;&nbsp;HAL_TIM_ConfigClockSource
</UL>

<P><STRONG><a name="[7a]"></a>UART_DMAAbortOnError</STRONG> (Thumb, 20 bytes, Stack size 8 bytes, stm32f7xx_hal_uart.o(i.UART_DMAAbortOnError))
<BR><BR>[Stack]<UL><LI>Max Depth = 92<LI>Call Chain = UART_DMAAbortOnError &rArr; HAL_UART_ErrorCallback &rArr; usart6_start_recv &rArr; HAL_UARTEx_ReceiveToIdle_DMA &rArr; UART_Start_Receive_DMA &rArr; HAL_DMA_Start_IT &rArr; DMA_SetConfig
</UL>
<BR>[Calls]<UL><LI><a href="#[f5]">&gt;&gt;</a>&nbsp;&nbsp;&nbsp;HAL_UART_ErrorCallback
</UL>
<BR>[Address Reference Count : 1]<UL><LI> stm32f7xx_hal_uart.o(i.HAL_UART_IRQHandler)
</UL>
<P><STRONG><a name="[7d]"></a>UART_DMAError</STRONG> (Thumb, 76 bytes, Stack size 16 bytes, stm32f7xx_hal_uart.o(i.UART_DMAError))
<BR><BR>[Stack]<UL><LI>Max Depth = 100<LI>Call Chain = UART_DMAError &rArr; HAL_UART_ErrorCallback &rArr; usart6_start_recv &rArr; HAL_UARTEx_ReceiveToIdle_DMA &rArr; UART_Start_Receive_DMA &rArr; HAL_DMA_Start_IT &rArr; DMA_SetConfig
</UL>
<BR>[Calls]<UL><LI><a href="#[f3]">&gt;&gt;</a>&nbsp;&nbsp;&nbsp;UART_EndTxTransfer
<LI><a href="#[f4]">&gt;&gt;</a>&nbsp;&nbsp;&nbsp;UART_EndRxTransfer
<LI><a href="#[f5]">&gt;&gt;</a>&nbsp;&nbsp;&nbsp;HAL_UART_ErrorCallback
</UL>
<BR>[Address Reference Count : 2]<UL><LI> stm32f7xx_hal_uart.o(i.HAL_UART_Transmit_DMA)
<LI> stm32f7xx_hal_uart.o(i.UART_Start_Receive_DMA)
</UL>
<P><STRONG><a name="[7e]"></a>UART_DMAReceiveCplt</STRONG> (Thumb, 130 bytes, Stack size 8 bytes, stm32f7xx_hal_uart.o(i.UART_DMAReceiveCplt))
<BR><BR>[Stack]<UL><LI>Max Depth = 84<LI>Call Chain = UART_DMAReceiveCplt &rArr; HAL_UARTEx_RxEventCallback &rArr; usart6_start_recv &rArr; HAL_UARTEx_ReceiveToIdle_DMA &rArr; UART_Start_Receive_DMA &rArr; HAL_DMA_Start_IT &rArr; DMA_SetConfig
</UL>
<BR>[Calls]<UL><LI><a href="#[125]">&gt;&gt;</a>&nbsp;&nbsp;&nbsp;HAL_UART_RxCpltCallback
<LI><a href="#[ea]">&gt;&gt;</a>&nbsp;&nbsp;&nbsp;HAL_UARTEx_RxEventCallback
</UL>
<BR>[Address Reference Count : 1]<UL><LI> stm32f7xx_hal_uart.o(i.UART_Start_Receive_DMA)
</UL>
<P><STRONG><a name="[7f]"></a>UART_DMARxHalfCplt</STRONG> (Thumb, 32 bytes, Stack size 8 bytes, stm32f7xx_hal_uart.o(i.UART_DMARxHalfCplt))
<BR><BR>[Stack]<UL><LI>Max Depth = 84<LI>Call Chain = UART_DMARxHalfCplt &rArr; HAL_UARTEx_RxEventCallback &rArr; usart6_start_recv &rArr; HAL_UARTEx_ReceiveToIdle_DMA &rArr; UART_Start_Receive_DMA &rArr; HAL_DMA_Start_IT &rArr; DMA_SetConfig
</UL>
<BR>[Calls]<UL><LI><a href="#[126]">&gt;&gt;</a>&nbsp;&nbsp;&nbsp;HAL_UART_RxHalfCpltCallback
<LI><a href="#[ea]">&gt;&gt;</a>&nbsp;&nbsp;&nbsp;HAL_UARTEx_RxEventCallback
</UL>
<BR>[Address Reference Count : 1]<UL><LI> stm32f7xx_hal_uart.o(i.UART_Start_Receive_DMA)
</UL>
<P><STRONG><a name="[7b]"></a>UART_DMATransmitCplt</STRONG> (Thumb, 64 bytes, Stack size 8 bytes, stm32f7xx_hal_uart.o(i.UART_DMATransmitCplt))
<BR><BR>[Stack]<UL><LI>Max Depth = 8<LI>Call Chain = UART_DMATransmitCplt
</UL>
<BR>[Calls]<UL><LI><a href="#[f9]">&gt;&gt;</a>&nbsp;&nbsp;&nbsp;HAL_UART_TxCpltCallback
</UL>
<BR>[Address Reference Count : 1]<UL><LI> stm32f7xx_hal_uart.o(i.HAL_UART_Transmit_DMA)
</UL>
<P><STRONG><a name="[7c]"></a>UART_DMATxHalfCplt</STRONG> (Thumb, 10 bytes, Stack size 8 bytes, stm32f7xx_hal_uart.o(i.UART_DMATxHalfCplt))
<BR><BR>[Stack]<UL><LI>Max Depth = 8<LI>Call Chain = UART_DMATxHalfCplt
</UL>
<BR>[Calls]<UL><LI><a href="#[127]">&gt;&gt;</a>&nbsp;&nbsp;&nbsp;HAL_UART_TxHalfCpltCallback
</UL>
<BR>[Address Reference Count : 1]<UL><LI> stm32f7xx_hal_uart.o(i.HAL_UART_Transmit_DMA)
</UL>
<P><STRONG><a name="[f4]"></a>UART_EndRxTransfer</STRONG> (Thumb, 76 bytes, Stack size 0 bytes, stm32f7xx_hal_uart.o(i.UART_EndRxTransfer))
<BR><BR>[Calls]<UL><LI><a href="#[f4]">&gt;&gt;</a>&nbsp;&nbsp;&nbsp;UART_EndRxTransfer
</UL>
<BR>[Called By]<UL><LI><a href="#[124]">&gt;&gt;</a>&nbsp;&nbsp;&nbsp;UART_WaitOnFlagUntilTimeout
<LI><a href="#[eb]">&gt;&gt;</a>&nbsp;&nbsp;&nbsp;HAL_UART_DMAStop
<LI><a href="#[f6]">&gt;&gt;</a>&nbsp;&nbsp;&nbsp;HAL_UART_IRQHandler
<LI><a href="#[f4]">&gt;&gt;</a>&nbsp;&nbsp;&nbsp;UART_EndRxTransfer
<LI><a href="#[7d]">&gt;&gt;</a>&nbsp;&nbsp;&nbsp;UART_DMAError
</UL>

<P><STRONG><a name="[f3]"></a>UART_EndTxTransfer</STRONG> (Thumb, 24 bytes, Stack size 0 bytes, stm32f7xx_hal_uart.o(i.UART_EndTxTransfer))
<BR><BR>[Calls]<UL><LI><a href="#[f3]">&gt;&gt;</a>&nbsp;&nbsp;&nbsp;UART_EndTxTransfer
</UL>
<BR>[Called By]<UL><LI><a href="#[eb]">&gt;&gt;</a>&nbsp;&nbsp;&nbsp;HAL_UART_DMAStop
<LI><a href="#[f3]">&gt;&gt;</a>&nbsp;&nbsp;&nbsp;UART_EndTxTransfer
<LI><a href="#[7d]">&gt;&gt;</a>&nbsp;&nbsp;&nbsp;UART_DMAError
</UL>

<P><STRONG><a name="[150]"></a>limit</STRONG> (Thumb, 40 bytes, Stack size 0 bytes, gait.o(i.limit))
<BR><BR>[Called By]<UL><LI><a href="#[14c]">&gt;&gt;</a>&nbsp;&nbsp;&nbsp;cal_foot_end_pos
</UL>

<P><STRONG><a name="[81]"></a>default_checker</STRONG> (Thumb, 4 bytes, Stack size 0 bytes, fsm.o(i.default_checker))
<BR>[Address Reference Count : 1]<UL><LI> fsm.o(i.fsm_init)
</UL>
<P><STRONG><a name="[80]"></a>default_handler</STRONG> (Thumb, 2 bytes, Stack size 0 bytes, fsm.o(i.default_handler))
<BR>[Address Reference Count : 1]<UL><LI> fsm.o(i.fsm_init)
</UL>
<P><STRONG><a name="[82]"></a>passive_check_transition</STRONG> (Thumb, 12 bytes, Stack size 0 bytes, passive_state.o(i.passive_check_transition))
<BR>[Address Reference Count : 1]<UL><LI> passive_state.o(i.register_passive_state)
</UL>
<P><STRONG><a name="[85]"></a>passive_enter</STRONG> (Thumb, 2 bytes, Stack size 0 bytes, passive_state.o(i.passive_enter))
<BR>[Address Reference Count : 1]<UL><LI> passive_state.o(i.register_passive_state)
</UL>
<P><STRONG><a name="[83]"></a>passive_exit</STRONG> (Thumb, 2 bytes, Stack size 0 bytes, passive_state.o(i.passive_exit))
<BR>[Address Reference Count : 1]<UL><LI> passive_state.o(i.register_passive_state)
</UL>
<P><STRONG><a name="[84]"></a>passive_run</STRONG> (Thumb, 60 bytes, Stack size 16 bytes, passive_state.o(i.passive_run))
<BR><BR>[Stack]<UL><LI>Max Depth = 56<LI>Call Chain = passive_run &rArr; leg_set_motor_kp_kd
</UL>
<BR>[Calls]<UL><LI><a href="#[1a1]">&gt;&gt;</a>&nbsp;&nbsp;&nbsp;leg_set_motor_force_vel_zero
<LI><a href="#[198]">&gt;&gt;</a>&nbsp;&nbsp;&nbsp;leg_set_motor_kp_kd
</UL>
<BR>[Address Reference Count : 1]<UL><LI> passive_state.o(i.register_passive_state)
</UL>
<P><STRONG><a name="[86]"></a>stand_check_transition</STRONG> (Thumb, 36 bytes, Stack size 0 bytes, stand_state.o(i.stand_check_transition))
<BR>[Address Reference Count : 1]<UL><LI> stand_state.o(i.register_stand_state)
</UL>
<P><STRONG><a name="[89]"></a>stand_enter</STRONG> (Thumb, 204 bytes, Stack size 32 bytes, stand_state.o(i.stand_enter))
<BR><BR>[Stack]<UL><LI>Max Depth = 148<LI>Call Chain = stand_enter &rArr; leg_get_current_foot_pos &rArr; leg_forward_kinematics &rArr; __hardfp_sinf &rArr; __mathlib_rredf2
</UL>
<BR>[Calls]<UL><LI><a href="#[165]">&gt;&gt;</a>&nbsp;&nbsp;&nbsp;getTime
<LI><a href="#[159]">&gt;&gt;</a>&nbsp;&nbsp;&nbsp;leg_get_motors_current_pos
<LI><a href="#[9f]">&gt;&gt;</a>&nbsp;&nbsp;&nbsp;__aeabi_d2f
<LI><a href="#[15b]">&gt;&gt;</a>&nbsp;&nbsp;&nbsp;leg_set_motor_pos
<LI><a href="#[178]">&gt;&gt;</a>&nbsp;&nbsp;&nbsp;leg_get_current_foot_pos
<LI><a href="#[14f]">&gt;&gt;</a>&nbsp;&nbsp;&nbsp;get_dog_params
<LI><a href="#[198]">&gt;&gt;</a>&nbsp;&nbsp;&nbsp;leg_set_motor_kp_kd
<LI><a href="#[1a5]">&gt;&gt;</a>&nbsp;&nbsp;&nbsp;fsm_get_previous_state
<LI><a href="#[14d]">&gt;&gt;</a>&nbsp;&nbsp;&nbsp;__aeabi_memcpy4
</UL>
<BR>[Address Reference Count : 1]<UL><LI> stand_state.o(i.register_stand_state)
</UL>
<P><STRONG><a name="[87]"></a>stand_exit</STRONG> (Thumb, 2 bytes, Stack size 0 bytes, stand_state.o(i.stand_exit))
<BR>[Address Reference Count : 1]<UL><LI> stand_state.o(i.register_stand_state)
</UL>
<P><STRONG><a name="[88]"></a>stand_run</STRONG> (Thumb, 514 bytes, Stack size 240 bytes, stand_state.o(i.stand_run))
<BR><BR>[Stack]<UL><LI>Max Depth = 768<LI>Call Chain = stand_run &rArr; leg_foot_to_motor_force_pos_vel &rArr; leg_inverse_kinematics_force_pos_vel &rArr; leg_inverse_kinematics &rArr; __hardfp_sin &rArr; __ieee754_rem_pio2 &rArr; __aeabi_dsub &rArr; __aeabi_dadd &rArr; _double_epilogue &rArr; _double_round
</UL>
<BR>[Calls]<UL><LI><a href="#[165]">&gt;&gt;</a>&nbsp;&nbsp;&nbsp;getTime
<LI><a href="#[169]">&gt;&gt;</a>&nbsp;&nbsp;&nbsp;__aeabi_f2d
<LI><a href="#[9a]">&gt;&gt;</a>&nbsp;&nbsp;&nbsp;__aeabi_dsub
<LI><a href="#[9f]">&gt;&gt;</a>&nbsp;&nbsp;&nbsp;__aeabi_d2f
<LI><a href="#[176]">&gt;&gt;</a>&nbsp;&nbsp;&nbsp;leg_thigh_to_hip
<LI><a href="#[1a7]">&gt;&gt;</a>&nbsp;&nbsp;&nbsp;leg_set_target_foot_pos
<LI><a href="#[1a8]">&gt;&gt;</a>&nbsp;&nbsp;&nbsp;leg_set_motor_force_pos_vel
<LI><a href="#[175]">&gt;&gt;</a>&nbsp;&nbsp;&nbsp;leg_get_neutral_current_pos
<LI><a href="#[183]">&gt;&gt;</a>&nbsp;&nbsp;&nbsp;leg_foot_to_motor_force_pos_vel
<LI><a href="#[14f]">&gt;&gt;</a>&nbsp;&nbsp;&nbsp;get_dog_params
<LI><a href="#[1a6]">&gt;&gt;</a>&nbsp;&nbsp;&nbsp;dog_get_stand_height
<LI><a href="#[198]">&gt;&gt;</a>&nbsp;&nbsp;&nbsp;leg_set_motor_kp_kd
<LI><a href="#[b7]">&gt;&gt;</a>&nbsp;&nbsp;&nbsp;__aeabi_memclr4
<LI><a href="#[14d]">&gt;&gt;</a>&nbsp;&nbsp;&nbsp;__aeabi_memcpy4
<LI><a href="#[145]">&gt;&gt;</a>&nbsp;&nbsp;&nbsp;__hardfp_sqrtf
<LI><a href="#[13f]">&gt;&gt;</a>&nbsp;&nbsp;&nbsp;__hardfp_powf
<LI><a href="#[13a]">&gt;&gt;</a>&nbsp;&nbsp;&nbsp;__hardfp_cosf
</UL>
<BR>[Address Reference Count : 1]<UL><LI> stand_state.o(i.register_stand_state)
</UL>
<P><STRONG><a name="[8a]"></a>trot_check_transition</STRONG> (Thumb, 42 bytes, Stack size 0 bytes, trot_state.o(i.trot_check_transition))
<BR>[Address Reference Count : 1]<UL><LI> trot_state.o(i.register_trot_state)
</UL>
<P><STRONG><a name="[8d]"></a>trot_enter</STRONG> (Thumb, 80 bytes, Stack size 32 bytes, trot_state.o(i.trot_enter))
<BR><BR>[Stack]<UL><LI>Max Depth = 128<LI>Call Chain = trot_enter &rArr; getTime &rArr; __aeabi_dmul &rArr; _double_epilogue &rArr; _double_round
</UL>
<BR>[Calls]<UL><LI><a href="#[165]">&gt;&gt;</a>&nbsp;&nbsp;&nbsp;getTime
<LI><a href="#[9f]">&gt;&gt;</a>&nbsp;&nbsp;&nbsp;__aeabi_d2f
<LI><a href="#[198]">&gt;&gt;</a>&nbsp;&nbsp;&nbsp;leg_set_motor_kp_kd
</UL>
<BR>[Address Reference Count : 1]<UL><LI> trot_state.o(i.register_trot_state)
</UL>
<P><STRONG><a name="[8b]"></a>trot_exit</STRONG> (Thumb, 2 bytes, Stack size 0 bytes, trot_state.o(i.trot_exit))
<BR>[Address Reference Count : 1]<UL><LI> trot_state.o(i.register_trot_state)
</UL>
<P><STRONG><a name="[8c]"></a>trot_run</STRONG> (Thumb, 376 bytes, Stack size 216 bytes, trot_state.o(i.trot_run))
<BR><BR>[Stack]<UL><LI>Max Depth = 744<LI>Call Chain = trot_run &rArr; leg_foot_to_motor_force_pos_vel &rArr; leg_inverse_kinematics_force_pos_vel &rArr; leg_inverse_kinematics &rArr; __hardfp_sin &rArr; __ieee754_rem_pio2 &rArr; __aeabi_dsub &rArr; __aeabi_dadd &rArr; _double_epilogue &rArr; _double_round
</UL>
<BR>[Calls]<UL><LI><a href="#[1a3]">&gt;&gt;</a>&nbsp;&nbsp;&nbsp;phase_wave_generator
<LI><a href="#[17f]">&gt;&gt;</a>&nbsp;&nbsp;&nbsp;get_trot_params
<LI><a href="#[173]">&gt;&gt;</a>&nbsp;&nbsp;&nbsp;gait_generator
<LI><a href="#[1a7]">&gt;&gt;</a>&nbsp;&nbsp;&nbsp;leg_set_target_foot_pos
<LI><a href="#[1a8]">&gt;&gt;</a>&nbsp;&nbsp;&nbsp;leg_set_motor_force_pos_vel
<LI><a href="#[183]">&gt;&gt;</a>&nbsp;&nbsp;&nbsp;leg_foot_to_motor_force_pos_vel
<LI><a href="#[14f]">&gt;&gt;</a>&nbsp;&nbsp;&nbsp;get_dog_params
<LI><a href="#[1aa]">&gt;&gt;</a>&nbsp;&nbsp;&nbsp;dog_get_body_vel_without_cog
<LI><a href="#[198]">&gt;&gt;</a>&nbsp;&nbsp;&nbsp;leg_set_motor_kp_kd
<LI><a href="#[1ab]">&gt;&gt;</a>&nbsp;&nbsp;&nbsp;vmc_get_force_control_state
<LI><a href="#[1ac]">&gt;&gt;</a>&nbsp;&nbsp;&nbsp;vmc_get_foot_target_force
</UL>
<BR>[Address Reference Count : 1]<UL><LI> trot_state.o(i.register_trot_state)
</UL>
<P><STRONG><a name="[107]"></a>J60_SendCanMessage</STRONG> (Thumb, 154 bytes, Stack size 32 bytes, j60.o(i.J60_SendCanMessage))
<BR><BR>[Stack]<UL><LI>Max Depth = 84<LI>Call Chain = J60_SendCanMessage &rArr; J60_SendCanMessage_NonBlocking &rArr; HAL_CAN_AddTxMessage
</UL>
<BR>[Calls]<UL><LI><a href="#[b6]">&gt;&gt;</a>&nbsp;&nbsp;&nbsp;HAL_GetTick
<LI><a href="#[109]">&gt;&gt;</a>&nbsp;&nbsp;&nbsp;J60_SendCanMessage_NonBlocking
<LI><a href="#[10e]">&gt;&gt;</a>&nbsp;&nbsp;&nbsp;__aeabi_memcpy
</UL>
<BR>[Called By]<UL><LI><a href="#[101]">&gt;&gt;</a>&nbsp;&nbsp;&nbsp;J60_MotorControl
</UL>

<P><STRONG><a name="[109]"></a>J60_SendCanMessage_NonBlocking</STRONG> (Thumb, 114 bytes, Stack size 32 bytes, j60.o(i.J60_SendCanMessage_NonBlocking))
<BR><BR>[Stack]<UL><LI>Max Depth = 52<LI>Call Chain = J60_SendCanMessage_NonBlocking &rArr; HAL_CAN_AddTxMessage
</UL>
<BR>[Calls]<UL><LI><a href="#[108]">&gt;&gt;</a>&nbsp;&nbsp;&nbsp;HAL_CAN_GetTxMailboxesFreeLevel
<LI><a href="#[10f]">&gt;&gt;</a>&nbsp;&nbsp;&nbsp;HAL_CAN_AddTxMessage
<LI><a href="#[10e]">&gt;&gt;</a>&nbsp;&nbsp;&nbsp;__aeabi_memcpy
</UL>
<BR>[Called By]<UL><LI><a href="#[107]">&gt;&gt;</a>&nbsp;&nbsp;&nbsp;J60_SendCanMessage
<LI><a href="#[e0]">&gt;&gt;</a>&nbsp;&nbsp;&nbsp;J60_ProcessCanQueues
</UL>

<P><STRONG><a name="[181]"></a>ABS</STRONG> (Thumb, 18 bytes, Stack size 0 bytes, imu.o(i.ABS))
<BR><BR>[Called By]<UL><LI><a href="#[ec]">&gt;&gt;</a>&nbsp;&nbsp;&nbsp;imu_data_process
</UL>

<P><STRONG><a name="[180]"></a>crc16_update</STRONG> (Thumb, 46 bytes, Stack size 20 bytes, imu.o(i.crc16_update))
<BR><BR>[Stack]<UL><LI>Max Depth = 20<LI>Call Chain = crc16_update
</UL>
<BR>[Called By]<UL><LI><a href="#[ec]">&gt;&gt;</a>&nbsp;&nbsp;&nbsp;imu_data_process
</UL>
<P>
<H3>
Undefined Global Symbols
</H3><HR></body></html>
