Component: ARM Compiler 5.06 update 6 (build 750) Tool: armlink [4d35ed]

==============================================================================

Section Cross References

    startup_stm32f767xx.o(RESET) refers to startup_stm32f767xx.o(STACK) for __initial_sp
    startup_stm32f767xx.o(RESET) refers to startup_stm32f767xx.o(.text) for Reset_Handler
    startup_stm32f767xx.o(RESET) refers to stm32f7xx_it.o(i.NMI_Handler) for NMI_Handler
    startup_stm32f767xx.o(RESET) refers to stm32f7xx_it.o(i.HardFault_Handler) for HardFault_Handler
    startup_stm32f767xx.o(RESET) refers to stm32f7xx_it.o(i.MemManage_Handler) for MemManage_Handler
    startup_stm32f767xx.o(RESET) refers to stm32f7xx_it.o(i.BusFault_Handler) for BusFault_Handler
    startup_stm32f767xx.o(RESET) refers to stm32f7xx_it.o(i.UsageFault_Handler) for UsageFault_Handler
    startup_stm32f767xx.o(RESET) refers to stm32f7xx_it.o(i.SVC_Handler) for SVC_Handler
    startup_stm32f767xx.o(RESET) refers to stm32f7xx_it.o(i.DebugMon_Handler) for DebugMon_Handler
    startup_stm32f767xx.o(RESET) refers to stm32f7xx_it.o(i.PendSV_Handler) for PendSV_Handler
    startup_stm32f767xx.o(RESET) refers to stm32f7xx_it.o(i.SysTick_Handler) for SysTick_Handler
    startup_stm32f767xx.o(RESET) refers to stm32f7xx_it.o(i.DMA1_Stream4_IRQHandler) for DMA1_Stream4_IRQHandler
    startup_stm32f767xx.o(RESET) refers to stm32f7xx_it.o(i.DMA1_Stream5_IRQHandler) for DMA1_Stream5_IRQHandler
    startup_stm32f767xx.o(RESET) refers to stm32f7xx_it.o(i.CAN1_RX0_IRQHandler) for CAN1_RX0_IRQHandler
    startup_stm32f767xx.o(RESET) refers to stm32f7xx_it.o(i.TIM1_BRK_TIM9_IRQHandler) for TIM1_BRK_TIM9_IRQHandler
    startup_stm32f767xx.o(RESET) refers to stm32f7xx_it.o(i.TIM1_UP_TIM10_IRQHandler) for TIM1_UP_TIM10_IRQHandler
    startup_stm32f767xx.o(RESET) refers to stm32f7xx_it.o(i.TIM2_IRQHandler) for TIM2_IRQHandler
    startup_stm32f767xx.o(RESET) refers to stm32f7xx_it.o(i.TIM3_IRQHandler) for TIM3_IRQHandler
    startup_stm32f767xx.o(RESET) refers to stm32f7xx_it.o(i.TIM4_IRQHandler) for TIM4_IRQHandler
    startup_stm32f767xx.o(RESET) refers to stm32f7xx_it.o(i.USART1_IRQHandler) for USART1_IRQHandler
    startup_stm32f767xx.o(RESET) refers to stm32f7xx_it.o(i.USART2_IRQHandler) for USART2_IRQHandler
    startup_stm32f767xx.o(RESET) refers to stm32f7xx_it.o(i.TIM5_IRQHandler) for TIM5_IRQHandler
    startup_stm32f767xx.o(RESET) refers to stm32f7xx_it.o(i.UART4_IRQHandler) for UART4_IRQHandler
    startup_stm32f767xx.o(RESET) refers to stm32f7xx_it.o(i.TIM6_DAC_IRQHandler) for TIM6_DAC_IRQHandler
    startup_stm32f767xx.o(RESET) refers to stm32f7xx_it.o(i.TIM7_IRQHandler) for TIM7_IRQHandler
    startup_stm32f767xx.o(RESET) refers to stm32f7xx_it.o(i.DMA2_Stream2_IRQHandler) for DMA2_Stream2_IRQHandler
    startup_stm32f767xx.o(RESET) refers to stm32f7xx_it.o(i.CAN2_RX0_IRQHandler) for CAN2_RX0_IRQHandler
    startup_stm32f767xx.o(RESET) refers to stm32f7xx_it.o(i.CAN3_RX0_IRQHandler) for CAN3_RX0_IRQHandler
    startup_stm32f767xx.o(.text) refers to system_stm32f7xx.o(i.SystemInit) for SystemInit
    startup_stm32f767xx.o(.text) refers to entry.o(.ARM.Collect$$$$00000000) for __main
    main.o(i.MPU_Config) refers to stm32f7xx_hal_cortex.o(i.HAL_MPU_Disable) for HAL_MPU_Disable
    main.o(i.MPU_Config) refers to stm32f7xx_hal_cortex.o(i.HAL_MPU_ConfigRegion) for HAL_MPU_ConfigRegion
    main.o(i.MPU_Config) refers to stm32f7xx_hal_cortex.o(i.HAL_MPU_Enable) for HAL_MPU_Enable
    main.o(i.SystemClock_Config) refers to memseta.o(.text) for __aeabi_memclr4
    main.o(i.SystemClock_Config) refers to stm32f7xx_hal_rcc.o(i.HAL_RCC_OscConfig) for HAL_RCC_OscConfig
    main.o(i.SystemClock_Config) refers to main.o(i.Error_Handler) for Error_Handler
    main.o(i.SystemClock_Config) refers to stm32f7xx_hal_pwr_ex.o(i.HAL_PWREx_EnableOverDrive) for HAL_PWREx_EnableOverDrive
    main.o(i.SystemClock_Config) refers to stm32f7xx_hal_rcc.o(i.HAL_RCC_ClockConfig) for HAL_RCC_ClockConfig
    main.o(i.main) refers to main.o(i.MPU_Config) for MPU_Config
    main.o(i.main) refers to stm32f7xx_hal.o(i.HAL_Init) for HAL_Init
    main.o(i.main) refers to main.o(i.SystemClock_Config) for SystemClock_Config
    main.o(i.main) refers to gpio.o(i.MX_GPIO_Init) for MX_GPIO_Init
    main.o(i.main) refers to dma.o(i.MX_DMA_Init) for MX_DMA_Init
    main.o(i.main) refers to tim.o(i.MX_TIM1_Init) for MX_TIM1_Init
    main.o(i.main) refers to usart.o(i.MX_USART1_UART_Init) for MX_USART1_UART_Init
    main.o(i.main) refers to can.o(i.MX_CAN1_Init) for MX_CAN1_Init
    main.o(i.main) refers to can.o(i.MX_CAN2_Init) for MX_CAN2_Init
    main.o(i.main) refers to can.o(i.MX_CAN3_Init) for MX_CAN3_Init
    main.o(i.main) refers to tim.o(i.MX_TIM2_Init) for MX_TIM2_Init
    main.o(i.main) refers to tim.o(i.MX_TIM3_Init) for MX_TIM3_Init
    main.o(i.main) refers to tim.o(i.MX_TIM4_Init) for MX_TIM4_Init
    main.o(i.main) refers to tim.o(i.MX_TIM5_Init) for MX_TIM5_Init
[...]
    twooverpi                                0x08008d98   Data         152  rred.o(.constdata)
    .constdata                               0x08008e30   Section       32  rredf.o(.constdata)
    twooverpi                                0x08008e30   Data          32  rredf.o(.constdata)
    .constdata                               0x08008e50   Section       40  sin_i.o(.constdata)
    S                                        0x08008e50   Data          40  sin_i.o(.constdata)
    .data                                    0x20000000   Section        4  can.o(.data)
    HAL_RCC_CAN1_CLK_ENABLED                 0x20000000   Data           4  can.o(.data)
    .data                                    0x20000004   Section        9  stm32f7xx_hal.o(.data)
    .data                                    0x20000010   Section        4  system_stm32f7xx.o(.data)
    .data                                    0x20000014   Section       44  stand_state.o(.data)
    stand_T                                  0x20000014   Data           4  stand_state.o(.data)
    T                                        0x20000018   Data           4  stand_state.o(.data)
    time_start                               0x2000001c   Data           4  stand_state.o(.data)
    p                                        0x20000020   Data           4  stand_state.o(.data)
    t                                        0x20000024   Data           4  stand_state.o(.data)
    .data                                    0x20000040   Section        8  trot_state.o(.data)
    .data                                    0x20000048   Section       36  gamepad.o(.data)
    .data                                    0x2000006c   Section       20  j60.o(.data)
    .data                                    0x20000080   Section      480  robot_params.o(.data)
    .data                                    0x20000260   Section        4  stdout.o(.data)
    .data                                    0x20000264   Section        4  errno.o(.data)
    _errno                                   0x20000264   Data           4  errno.o(.data)
    .bss                                     0x20000268   Section      120  can.o(.bss)
    .bss                                     0x200002e0   Section      684  tim.o(.bss)
    .bss                                     0x2000058c   Section      696  usart.o(.bss)
    .bss                                     0x20000844   Section     1036  dog.o(.bss)
    .bss                                     0x20000c50   Section      116  fsm.o(.bss)
    .bss                                     0x20000cc4   Section      240  stand_state.o(.bss)
    foot_start_pos                           0x20000cc4   Data          48  stand_state.o(.bss)
    foot_target_pos                          0x20000cf4   Data          48  stand_state.o(.bss)
    motor_current_pos                        0x20000d24   Data          48  stand_state.o(.bss)
    .bss                                     0x20000db4   Section      120  trot_state.o(.bss)
    .bss                                     0x20000e2c   Section     2900  j60.o(.bss)
    STACK                                    0x20001980   Section     8192  startup_stm32f767xx.o(STACK)

    Global Symbols

    Symbol Name                              Value     Ov Type        Size  Object(Section)

    BuildAttributes$$THM_ISAv4$E$P$D$K$B$S$7EM$VFPv5_D16$PE$PLD8$A:L22UL41UL21$X:L11$S22US41US21$IEEE1$IW$USESV6$~STKCKD$USESV7$~SHL$OTIME$ROPI$IEEEX$EBA8$MICROLIB$REQ8$PRES8$EABIv2 0x00000000   Number         0  anon$$obj.o ABSOLUTE
    __ARM_use_no_argv                        0x00000000   Number         0  main.o ABSOLUTE
    _printf_a                                0x00000000   Number         0  stubs.o ABSOLUTE
    _printf_c                                0x00000000   Number         0  stubs.o ABSOLUTE
    _printf_charcount                        0x00000000   Number         0  stubs.o ABSOLUTE
    _printf_d                                0x00000000   Number         0  stubs.o ABSOLUTE
    _printf_e                                0x00000000   Number         0  stubs.o ABSOLUTE
    _printf_f                                0x00000000   Number         0  stubs.o ABSOLUTE
    _printf_flags                            0x00000000   Number         0  stubs.o ABSOLUTE
    _printf_fp_dec                           0x00000000   Number         0  stubs.o ABSOLUTE
    _printf_fp_hex                           0x00000000   Number         0  stubs.o ABSOLUTE
    _printf_g                                0x00000000   Number         0  stubs.o ABSOLUTE
    _printf_i                                0x00000000   Number         0  stubs.o ABSOLUTE
    _printf_int_dec                          0x00000000   Number         0  stubs.o ABSOLUTE
    _printf_l                                0x00000000   Number         0  stubs.o ABSOLUTE
    _printf_lc                               0x00000000   Number         0  stubs.o ABSOLUTE
    _printf_ll                               0x00000000   Number         0  stubs.o ABSOLUTE
    _printf_lld                              0x00000000   Number         0  stubs.o ABSOLUTE
    _printf_lli                              0x00000000   Number         0  stubs.o ABSOLUTE
    _printf_llo                              0x00000000   Number         0  stubs.o ABSOLUTE
    _printf_llu                              0x00000000   Number         0  stubs.o ABSOLUTE
    _printf_llx                              0x00000000   Number         0  stubs.o ABSOLUTE
    _printf_longlong_dec                     0x00000000   Number         0  stubs.o ABSOLUTE
    _printf_longlong_hex                     0x00000000   Number         0  stubs.o ABSOLUTE
    _printf_longlong_oct                     0x00000000   Number         0  stubs.o ABSOLUTE
    _printf_ls                               0x00000000   Number         0  stubs.o ABSOLUTE
    _printf_mbtowc                           0x00000000   Number         0  stubs.o ABSOLUTE
    _printf_n                                0x00000000   Number         0  stubs.o ABSOLUTE
    _printf_o                                0x00000000   Number         0  stubs.o ABSOLUTE
    _printf_p                                0x00000000   Number         0  stubs.o ABSOLUTE
    _printf_percent                          0x00000000   Number         0  stubs.o ABSOLUTE
    _printf_pre_padding                      0x00000000   Number         0  stubs.o ABSOLUTE
    _printf_return_value                     0x00000000   Number         0  stubs.o ABSOLUTE
    _printf_s                                0x00000000   Number         0  stubs.o ABSOLUTE
    _printf_sizespec                         0x00000000   Number         0  stubs.o ABSOLUTE
    _printf_str                              0x00000000   Number         0  stubs.o ABSOLUTE
    _printf_truncate_signed                  0x00000000   Number         0  stubs.o ABSOLUTE
    _printf_truncate_unsigned                0x00000000   Number         0  stubs.o ABSOLUTE
    _printf_u                                0x00000000   Number         0  stubs.o ABSOLUTE
    _printf_wc                               0x00000000   Number         0  stubs.o ABSOLUTE
    _printf_wctomb                           0x00000000   Number         0  stubs.o ABSOLUTE
    _printf_widthprec                        0x00000000   Number         0  stubs.o ABSOLUTE
    _printf_x                                0x00000000   Number         0  stubs.o ABSOLUTE
    __cpp_initialize__aeabi_                  - Undefined Weak Reference
    __cxa_finalize                            - Undefined Weak Reference
    _clock_init                               - Undefined Weak Reference
    _microlib_exit                            - Undefined Weak Reference
    __Vectors_Size                           0x000001f8   Number         0  startup_stm32f767xx.o ABSOLUTE
    __Vectors                                0x08000000   Data           4  startup_stm32f767xx.o(RESET)
    __Vectors_End                            0x080001f8   Data           0  startup_stm32f767xx.o(RESET)
    __main                                   0x080001f9   Thumb Code     0  entry.o(.ARM.Collect$$$$00000000)
    _main_stk                                0x080001f9   Thumb Code     0  entry2.o(.ARM.Collect$$$$00000001)
    _main_scatterload                        0x080001fd   Thumb Code     0  entry5.o(.ARM.Collect$$$$00000004)
    __main_after_scatterload                 0x08000201   Thumb Code     0  entry5.o(.ARM.Collect$$$$00000004)
    _main_clock                              0x08000201   Thumb Code     0  entry7b.o(.ARM.Collect$$$$00000008)
    _main_cpp_init                           0x08000201   Thumb Code     0  entry8b.o(.ARM.Collect$$$$0000000A)
    _main_init                               0x08000201   Thumb Code     0  entry9a.o(.ARM.Collect$$$$0000000B)
    __rt_final_cpp                           0x08000209   Thumb Code     0  entry10a.o(.ARM.Collect$$$$0000000D)
    __rt_final_exit                          0x08000209   Thumb Code     0  entry11a.o(.ARM.Collect$$$$0000000F)
    Reset_Handler                            0x0800020d   Thumb Code     8  startup_stm32f767xx.o(.text)
    ADC_IRQHandler                           0x08000227   Thumb Code     0  startup_stm32f767xx.o(.text)
    CAN1_RX1_IRQHandler                      0x08000227   Thumb Code     0  startup_stm32f767xx.o(.text)
    CAN1_SCE_IRQHandler                      0x08000227   Thumb Code     0  startup_stm32f767xx.o(.text)
    CAN1_TX_IRQHandler                       0x08000227   Thumb Code     0  startup_stm32f767xx.o(.text)
    CAN2_RX1_IRQHandler                      0x08000227   Thumb Code     0  startup_stm32f767xx.o(.text)
    CAN2_SCE_IRQHandler                      0x08000227   Thumb Code     0  startup_stm32f767xx.o(.text)
    CAN2_TX_IRQHandler                       0x08000227   Thumb Code     0  startup_stm32f767xx.o(.text)
    CAN3_RX1_IRQHandler                      0x08000227   Thumb Code     0  startup_stm32f767xx.o(.text)
    CAN3_SCE_IRQHandler                      0x08000227   Thumb Code     0  startup_stm32f767xx.o(.text)
    CAN3_TX_IRQHandler                       0x08000227   Thumb Code     0  startup_stm32f767xx.o(.text)
    CEC_IRQHandler                           0x08000227   Thumb Code     0  startup_stm32f767xx.o(.text)
    DCMI_IRQHandler                          0x08000227   Thumb Code     0  startup_stm32f767xx.o(.text)
    DFSDM1_FLT0_IRQHandler                   0x08000227   Thumb Code     0  startup_stm32f767xx.o(.text)
    DFSDM1_FLT1_IRQHandler                   0x08000227   Thumb Code     0  startup_stm32f767xx.o(.text)
    DFSDM1_FLT2_IRQHandler                   0x08000227   Thumb Code     0  startup_stm32f767xx.o(.text)
    DFSDM1_FLT3_IRQHandler                   0x08000227   Thumb Code     0  startup_stm32f767xx.o(.text)
    DMA1_Stream0_IRQHandler                  0x08000227   Thumb Code     0  startup_stm32f767xx.o(.text)
    DMA1_Stream1_IRQHandler                  0x08000227   Thumb Code     0  startup_stm32f767xx.o(.text)
    DMA1_Stream2_IRQHandler                  0x08000227   Thumb Code     0  startup_stm32f767xx.o(.text)
    DMA1_Stream3_IRQHandler                  0x08000227   Thumb Code     0  startup_stm32f767xx.o(.text)
    DMA1_Stream6_IRQHandler                  0x08000227   Thumb Code     0  startup_stm32f767xx.o(.text)
    DMA1_Stream7_IRQHandler                  0x08000227   Thumb Code     0  startup_stm32f767xx.o(.text)
    DMA2D_IRQHandler                         0x08000227   Thumb Code     0  startup_stm32f767xx.o(.text)
    DMA2_Stream0_IRQHandler                  0x08000227   Thumb Code     0  startup_stm32f767xx.o(.text)
    DMA2_Stream1_IRQHandler                  0x08000227   Thumb Code     0  startup_stm32f767xx.o(.text)
    DMA2_Stream3_IRQHandler                  0x08000227   Thumb Code     0  startup_stm32f767xx.o(.text)
    DMA2_Stream4_IRQHandler                  0x08000227   Thumb Code     0  startup_stm32f767xx.o(.text)
    DMA2_Stream5_IRQHandler                  0x08000227   Thumb Code     0  startup_stm32f767xx.o(.text)
    DMA2_Stream6_IRQHandler                  0x08000227   Thumb Code     0  startup_stm32f767xx.o(.text)
    DMA2_Stream7_IRQHandler                  0x08000227   Thumb Code     0  startup_stm32f767xx.o(.text)
    ETH_IRQHandler                           0x08000227   Thumb Code     0  startup_stm32f767xx.o(.text)
    ETH_WKUP_IRQHandler                      0x08000227   Thumb Code     0  startup_stm32f767xx.o(.text)
    EXTI0_IRQHandler                         0x08000227   Thumb Code     0  startup_stm32f767xx.o(.text)
    EXTI15_10_IRQHandler                     0x08000227   Thumb Code     0  startup_stm32f767xx.o(.text)
    EXTI1_IRQHandler                         0x08000227   Thumb Code     0  startup_stm32f767xx.o(.text)
    EXTI2_IRQHandler                         0x08000227   Thumb Code     0  startup_stm32f767xx.o(.text)
    EXTI3_IRQHandler                         0x08000227   Thumb Code     0  startup_stm32f767xx.o(.text)
    EXTI4_IRQHandler                         0x08000227   Thumb Code     0  startup_stm32f767xx.o(.text)
    EXTI9_5_IRQHandler                       0x08000227   Thumb Code     0  startup_stm32f767xx.o(.text)
    FLASH_IRQHandler                         0x08000227   Thumb Code     0  startup_stm32f767xx.o(.text)
    FMC_IRQHandler                           0x08000227   Thumb Code     0  startup_stm32f767xx.o(.text)
    FPU_IRQHandler                           0x08000227   Thumb Code     0  startup_stm32f767xx.o(.text)
    I2C1_ER_IRQHandler                       0x08000227   Thumb Code     0  startup_stm32f767xx.o(.text)
    I2C1_EV_IRQHandler                       0x08000227   Thumb Code     0  startup_stm32f767xx.o(.text)
    I2C2_ER_IRQHandler                       0x08000227   Thumb Code     0  startup_stm32f767xx.o(.text)
    I2C2_EV_IRQHandler                       0x08000227   Thumb Code     0  startup_stm32f767xx.o(.text)
    I2C3_ER_IRQHandler                       0x08000227   Thumb Code     0  startup_stm32f767xx.o(.text)
    I2C3_EV_IRQHandler                       0x08000227   Thumb Code     0  startup_stm32f767xx.o(.text)
    I2C4_ER_IRQHandler                       0x08000227   Thumb Code     0  startup_stm32f767xx.o(.text)
    I2C4_EV_IRQHandler                       0x08000227   Thumb Code     0  startup_stm32f767xx.o(.text)
    JPEG_IRQHandler                          0x08000227   Thumb Code     0  startup_stm32f767xx.o(.text)
    LPTIM1_IRQHandler                        0x08000227   Thumb Code     0  startup_stm32f767xx.o(.text)
    LTDC_ER_IRQHandler                       0x08000227   Thumb Code     0  startup_stm32f767xx.o(.text)
    LTDC_IRQHandler                          0x08000227   Thumb Code     0  startup_stm32f767xx.o(.text)
    MDIOS_IRQHandler                         0x08000227   Thumb Code     0  startup_stm32f767xx.o(.text)
    OTG_FS_IRQHandler                        0x08000227   Thumb Code     0  startup_stm32f767xx.o(.text)
    OTG_FS_WKUP_IRQHandler                   0x08000227   Thumb Code     0  startup_stm32f767xx.o(.text)
    OTG_HS_EP1_IN_IRQHandler                 0x08000227   Thumb Code     0  startup_stm32f767xx.o(.text)
    OTG_HS_EP1_OUT_IRQHandler                0x08000227   Thumb Code     0  startup_stm32f767xx.o(.text)
    OTG_HS_IRQHandler                        0x08000227   Thumb Code     0  startup_stm32f767xx.o(.text)
    OTG_HS_WKUP_IRQHandler                   0x08000227   Thumb Code     0  startup_stm32f767xx.o(.text)
    PVD_IRQHandler                           0x08000227   Thumb Code     0  startup_stm32f767xx.o(.text)
    QUADSPI_IRQHandler                       0x08000227   Thumb Code     0  startup_stm32f767xx.o(.text)
    RCC_IRQHandler                           0x08000227   Thumb Code     0  startup_stm32f767xx.o(.text)
    RNG_IRQHandler                           0x08000227   Thumb Code     0  startup_stm32f767xx.o(.text)
    RTC_Alarm_IRQHandler                     0x08000227   Thumb Code     0  startup_stm32f767xx.o(.text)
    RTC_WKUP_IRQHandler                      0x08000227   Thumb Code     0  startup_stm32f767xx.o(.text)
    SAI1_IRQHandler                          0x08000227   Thumb Code     0  startup_stm32f767xx.o(.text)
    SAI2_IRQHandler                          0x08000227   Thumb Code     0  startup_stm32f767xx.o(.text)
    SDMMC1_IRQHandler                        0x08000227   Thumb Code     0  startup_stm32f767xx.o(.text)
    SDMMC2_IRQHandler                        0x08000227   Thumb Code     0  startup_stm32f767xx.o(.text)
    SPDIF_RX_IRQHandler                      0x08000227   Thumb Code     0  startup_stm32f767xx.o(.text)
    SPI1_IRQHandler                          0x08000227   Thumb Code     0  startup_stm32f767xx.o(.text)
    SPI2_IRQHandler                          0x08000227   Thumb Code     0  startup_stm32f767xx.o(.text)
    SPI3_IRQHandler                          0x08000227   Thumb Code     0  startup_stm32f767xx.o(.text)
    SPI4_IRQHandler                          0x08000227   Thumb Code     0  startup_stm32f767xx.o(.text)
    SPI5_IRQHandler                          0x08000227   Thumb Code     0  startup_stm32f767xx.o(.text)
    SPI6_IRQHandler                          0x08000227   Thumb Code     0  startup_stm32f767xx.o(.text)
    TAMP_STAMP_IRQHandler                    0x08000227   Thumb Code     0  startup_stm32f767xx.o(.text)
    TIM1_CC_IRQHandler                       0x08000227   Thumb Code     0  startup_stm32f767xx.o(.text)
    TIM1_TRG_COM_TIM11_IRQHandler            0x08000227   Thumb Code     0  startup_stm32f767xx.o(.text)
    TIM8_BRK_TIM12_IRQHandler                0x08000227   Thumb Code     0  startup_stm32f767xx.o(.text)
    TIM8_CC_IRQHandler                       0x08000227   Thumb Code     0  startup_stm32f767xx.o(.text)
    TIM8_TRG_COM_TIM14_IRQHandler            0x08000227   Thumb Code     0  startup_stm32f767xx.o(.text)
    TIM8_UP_TIM13_IRQHandler                 0x08000227   Thumb Code     0  startup_stm32f767xx.o(.text)
    UART5_IRQHandler                         0x08000227   Thumb Code     0  startup_stm32f767xx.o(.text)
    UART7_IRQHandler                         0x08000227   Thumb Code     0  startup_stm32f767xx.o(.text)
    UART8_IRQHandler                         0x08000227   Thumb Code     0  startup_stm32f767xx.o(.text)
    USART3_IRQHandler                        0x08000227   Thumb Code     0  startup_stm32f767xx.o(.text)
    USART6_IRQHandler                        0x08000227   Thumb Code     0  startup_stm32f767xx.o(.text)
    WWDG_IRQHandler                          0x08000227   Thumb Code     0  startup_stm32f767xx.o(.text)
    __aeabi_uldivmod                         0x08000231   Thumb Code    98  uldiv.o(.text)
    __aeabi_memcpy                           0x08000293   Thumb Code    36  memcpya.o(.text)
    __aeabi_memcpy4                          0x08000293   Thumb Code     0  memcpya.o(.text)
    __aeabi_memcpy8                          0x08000293   Thumb Code     0  memcpya.o(.text)
    __aeabi_memset                           0x080002b7   Thumb Code    14  memseta.o(.text)
    __aeabi_memset4                          0x080002b7   Thumb Code     0  memseta.o(.text)
    __aeabi_memset8                          0x080002b7   Thumb Code     0  memseta.o(.text)
    __aeabi_memclr                           0x080002c5   Thumb Code     4  memseta.o(.text)
    __aeabi_memclr4                          0x080002c5   Thumb Code     0  memseta.o(.text)
    __aeabi_memclr8                          0x080002c5   Thumb Code     0  memseta.o(.text)
    _memset$wrapper                          0x080002c9   Thumb Code    18  memseta.o(.text)
    __aeabi_uidiv                            0x080002db   Thumb Code     0  uidiv.o(.text)
    __aeabi_uidivmod                         0x080002db   Thumb Code    44  uidiv.o(.text)
    __aeabi_llsl                             0x08000307   Thumb Code    30  llshl.o(.text)
    _ll_shift_l                              0x08000307   Thumb Code     0  llshl.o(.text)
    __aeabi_llsr                             0x08000325   Thumb Code    32  llushr.o(.text)
    _ll_ushift_r                             0x08000325   Thumb Code     0  llushr.o(.text)
    __I$use$fp                               0x08000345   Thumb Code     0  iusefp.o(.text)
    __aeabi_dadd                             0x08000345   Thumb Code   322  dadd.o(.text)
    __aeabi_dsub                             0x08000487   Thumb Code     6  dadd.o(.text)
    __aeabi_drsub                            0x0800048d   Thumb Code     6  dadd.o(.text)
    __aeabi_dmul                             0x08000493   Thumb Code   228  dmul.o(.text)
    __aeabi_ddiv                             0x08000577   Thumb Code   222  ddiv.o(.text)
    _drem                                    0x08000655   Thumb Code   134  drem.o(.text)
    __aeabi_d2ulz                            0x080006db   Thumb Code    48  dfixul.o(.text)
    __aeabi_cdrcmple                         0x0800070d   Thumb Code    48  cdrcmple.o(.text)
    __fp_status                              0x0800073d   Thumb Code     4  fpstat.o(.text)
    __ieee_status                            0x0800073d   Thumb Code     0  fpstat.o(.text)
    __scatterload                            0x08000741   Thumb Code    28  init.o(.text)
    __scatterload_rt2                        0x08000741   Thumb Code     0  init.o(.text)
    __aeabi_lasr                             0x08000765   Thumb Code    36  llsshr.o(.text)
    _ll_sshift_r                             0x08000765   Thumb Code     0  llsshr.o(.text)
    _double_round                            0x08000789   Thumb Code    30  depilogue.o(.text)
    _double_epilogue                         0x080007a7   Thumb Code   156  depilogue.o(.text)
    __decompress                             0x08000843   Thumb Code     0  __dczerorl2.o(.text)
    __decompress1                            0x08000843   Thumb Code    86  __dczerorl2.o(.text)
    BusFault_Handler                         0x08000899   Thumb Code     4  stm32f7xx_it.o(i.BusFault_Handler)
    CAN1_RX0_IRQHandler                      0x0800089d   Thumb Code    10  stm32f7xx_it.o(i.CAN1_RX0_IRQHandler)
    CAN2_RX0_IRQHandler                      0x080008ad   Thumb Code    10  stm32f7xx_it.o(i.CAN2_RX0_IRQHandler)
    CAN3_RX0_IRQHandler                      0x080008bd   Thumb Code    10  stm32f7xx_it.o(i.CAN3_RX0_IRQHandler)
    DMA1_Stream4_IRQHandler                  0x08000971   Thumb Code    10  stm32f7xx_it.o(i.DMA1_Stream4_IRQHandler)
    DMA1_Stream5_IRQHandler                  0x08000981   Thumb Code    10  stm32f7xx_it.o(i.DMA1_Stream5_IRQHandler)
    DMA2_Stream2_IRQHandler                  0x08000991   Thumb Code    10  stm32f7xx_it.o(i.DMA2_Stream2_IRQHandler)
    DebugMon_Handler                         0x08000a7f   Thumb Code     2  stm32f7xx_it.o(i.DebugMon_Handler)
    Error_Handler                            0x08000a81   Thumb Code     6  main.o(i.Error_Handler)
    HAL_CAN_ActivateNotification             0x08000a87   Thumb Code    42  stm32f7xx_hal_can.o(i.HAL_CAN_ActivateNotification)
    HAL_CAN_AddTxMessage                     0x08000ab1   Thumb Code   330  stm32f7xx_hal_can.o(i.HAL_CAN_AddTxMessage)
    HAL_CAN_ConfigFilter                     0x08000bfd   Thumb Code   312  stm32f7xx_hal_can.o(i.HAL_CAN_ConfigFilter)
    HAL_CAN_ErrorCallback                    0x08000d3d   Thumb Code     2  stm32f7xx_hal_can.o(i.HAL_CAN_ErrorCallback)
    HAL_CAN_GetRxMessage                     0x08000d3f   Thumb Code   404  stm32f7xx_hal_can.o(i.HAL_CAN_GetRxMessage)
    HAL_CAN_GetTxMailboxesFreeLevel          0x08000ed3   Thumb Code    54  stm32f7xx_hal_can.o(i.HAL_CAN_GetTxMailboxesFreeLevel)
    HAL_CAN_IRQHandler                       0x08000f09   Thumb Code   590  stm32f7xx_hal_can.o(i.HAL_CAN_IRQHandler)
    HAL_CAN_Init                             0x08001157   Thumb Code   372  stm32f7xx_hal_can.o(i.HAL_CAN_Init)
    HAL_CAN_MspInit                          0x080012cd   Thumb Code   424  can.o(i.HAL_CAN_MspInit)
    HAL_CAN_RxFifo0FullCallback              0x0800148d   Thumb Code     2  stm32f7xx_hal_can.o(i.HAL_CAN_RxFifo0FullCallback)
    HAL_CAN_RxFifo0MsgPendingCallback        0x0800148f   Thumb Code    34  j60.o(i.HAL_CAN_RxFifo0MsgPendingCallback)
    HAL_CAN_RxFifo1FullCallback              0x080014b1   Thumb Code     2  stm32f7xx_hal_can.o(i.HAL_CAN_RxFifo1FullCallback)
    HAL_CAN_RxFifo1MsgPendingCallback        0x080014b3   Thumb Code     2  stm32f7xx_hal_can.o(i.HAL_CAN_RxFifo1MsgPendingCallback)
    HAL_CAN_SleepCallback                    0x080014b5   Thumb Code     2  stm32f7xx_hal_can.o(i.HAL_CAN_SleepCallback)
    HAL_CAN_Start                            0x080014b7   Thumb Code    94  stm32f7xx_hal_can.o(i.HAL_CAN_Start)
    HAL_CAN_TxMailbox0AbortCallback          0x08001515   Thumb Code     2  stm32f7xx_hal_can.o(i.HAL_CAN_TxMailbox0AbortCallback)
    HAL_CAN_TxMailbox0CompleteCallback       0x08001517   Thumb Code     2  stm32f7xx_hal_can.o(i.HAL_CAN_TxMailbox0CompleteCallback)
    HAL_CAN_TxMailbox1AbortCallback          0x08001519   Thumb Code     2  stm32f7xx_hal_can.o(i.HAL_CAN_TxMailbox1AbortCallback)
    HAL_CAN_TxMailbox1CompleteCallback       0x0800151b   Thumb Code     2  stm32f7xx_hal_can.o(i.HAL_CAN_TxMailbox1CompleteCallback)
    HAL_CAN_TxMailbox2AbortCallback          0x0800151d   Thumb Code     2  stm32f7xx_hal_can.o(i.HAL_CAN_TxMailbox2AbortCallback)
    HAL_CAN_TxMailbox2CompleteCallback       0x0800151f   Thumb Code     2  stm32f7xx_hal_can.o(i.HAL_CAN_TxMailbox2CompleteCallback)
    HAL_CAN_WakeUpFromRxMsgCallback          0x08001521   Thumb Code     2  stm32f7xx_hal_can.o(i.HAL_CAN_WakeUpFromRxMsgCallback)
    HAL_DMA_Abort                            0x08001523   Thumb Code   172  stm32f7xx_hal_dma.o(i.HAL_DMA_Abort)
    HAL_DMA_Abort_IT                         0x080015cf   Thumb Code    40  stm32f7xx_hal_dma.o(i.HAL_DMA_Abort_IT)
    HAL_DMA_IRQHandler                       0x080015f9   Thumb Code   570  stm32f7xx_hal_dma.o(i.HAL_DMA_IRQHandler)
    HAL_DMA_Init                             0x08001839   Thumb Code   234  stm32f7xx_hal_dma.o(i.HAL_DMA_Init)
    HAL_Delay                                0x08001929   Thumb Code    36  stm32f7xx_hal.o(i.HAL_Delay)
    HAL_GPIO_Init                            0x08001951   Thumb Code   472  stm32f7xx_hal_gpio.o(i.HAL_GPIO_Init)
    HAL_GetTick                              0x08001b5d   Thumb Code     6  stm32f7xx_hal.o(i.HAL_GetTick)
    HAL_IncTick                              0x08001b69   Thumb Code    16  stm32f7xx_hal.o(i.HAL_IncTick)
    HAL_Init                                 0x08001b81   Thumb Code    22  stm32f7xx_hal.o(i.HAL_Init)
    HAL_InitTick                             0x08001b99   Thumb Code    64  stm32f7xx_hal.o(i.HAL_InitTick)
    HAL_MPU_ConfigRegion                     0x08001be5   Thumb Code    86  stm32f7xx_hal_cortex.o(i.HAL_MPU_ConfigRegion)
    HAL_MPU_Disable                          0x08001c41   Thumb Code    38  stm32f7xx_hal_cortex.o(i.HAL_MPU_Disable)
    HAL_MPU_Enable                           0x08001c6d   Thumb Code    58  stm32f7xx_hal_cortex.o(i.HAL_MPU_Enable)
    HAL_MspInit                              0x08001cad   Thumb Code    60  stm32f7xx_hal_msp.o(i.HAL_MspInit)
    HAL_NVIC_EnableIRQ                       0x08001ced   Thumb Code    32  stm32f7xx_hal_cortex.o(i.HAL_NVIC_EnableIRQ)
    HAL_NVIC_SetPriority                     0x08001d0d   Thumb Code   124  stm32f7xx_hal_cortex.o(i.HAL_NVIC_SetPriority)
    HAL_NVIC_SetPriorityGrouping             0x08001d89   Thumb Code    32  stm32f7xx_hal_cortex.o(i.HAL_NVIC_SetPriorityGrouping)
    HAL_PWREx_EnableOverDrive                0x08001db1   Thumb Code   136  stm32f7xx_hal_pwr_ex.o(i.HAL_PWREx_EnableOverDrive)
    HAL_RCCEx_PeriphCLKConfig                0x08001e41   Thumb Code  1880  stm32f7xx_hal_rcc_ex.o(i.HAL_RCCEx_PeriphCLKConfig)
    HAL_RCC_ClockConfig                      0x0800259d   Thumb Code   384  stm32f7xx_hal_rcc.o(i.HAL_RCC_ClockConfig)
    HAL_RCC_GetHCLKFreq                      0x08002731   Thumb Code     6  stm32f7xx_hal_rcc.o(i.HAL_RCC_GetHCLKFreq)
    HAL_RCC_GetPCLK1Freq                     0x0800273d   Thumb Code    22  stm32f7xx_hal_rcc.o(i.HAL_RCC_GetPCLK1Freq)
    HAL_RCC_GetPCLK2Freq                     0x0800275d   Thumb Code    22  stm32f7xx_hal_rcc.o(i.HAL_RCC_GetPCLK2Freq)
    HAL_RCC_GetSysClockFreq                  0x0800277d   Thumb Code   162  stm32f7xx_hal_rcc.o(i.HAL_RCC_GetSysClockFreq)
    HAL_RCC_OscConfig                        0x0800282d   Thumb Code  1296  stm32f7xx_hal_rcc.o(i.HAL_RCC_OscConfig)
    HAL_SYSTICK_Config                       0x08002d41   Thumb Code    52  stm32f7xx_hal_cortex.o(i.HAL_SYSTICK_Config)
    HAL_TIMEx_Break2Callback                 0x08002d75   Thumb Code     2  stm32f7xx_hal_tim_ex.o(i.HAL_TIMEx_Break2Callback)
    HAL_TIMEx_BreakCallback                  0x08002d77   Thumb Code     2  stm32f7xx_hal_tim_ex.o(i.HAL_TIMEx_BreakCallback)
    HAL_TIMEx_CommutCallback                 0x08002d79   Thumb Code     2  stm32f7xx_hal_tim_ex.o(i.HAL_TIMEx_CommutCallback)
    HAL_TIMEx_MasterConfigSynchronization    0x08002d7d   Thumb Code   174  stm32f7xx_hal_tim_ex.o(i.HAL_TIMEx_MasterConfigSynchronization)
    HAL_TIM_Base_Init                        0x08002e49   Thumb Code   110  stm32f7xx_hal_tim.o(i.HAL_TIM_Base_Init)
    HAL_TIM_Base_MspInit                     0x08002eb9   Thumb Code   530  tim.o(i.HAL_TIM_Base_MspInit)
    HAL_TIM_Base_Start_IT                    0x080030f1   Thumb Code   146  stm32f7xx_hal_tim.o(i.HAL_TIM_Base_Start_IT)
    HAL_TIM_ConfigClockSource                0x080031a5   Thumb Code   268  stm32f7xx_hal_tim.o(i.HAL_TIM_ConfigClockSource)
    HAL_TIM_IC_CaptureCallback               0x080032b5   Thumb Code     2  stm32f7xx_hal_tim.o(i.HAL_TIM_IC_CaptureCallback)
    HAL_TIM_IRQHandler                       0x080032b7   Thumb Code   408  stm32f7xx_hal_tim.o(i.HAL_TIM_IRQHandler)
    HAL_TIM_OC_DelayElapsedCallback          0x0800344f   Thumb Code     2  stm32f7xx_hal_tim.o(i.HAL_TIM_OC_DelayElapsedCallback)
    HAL_TIM_PWM_PulseFinishedCallback        0x08003451   Thumb Code     2  stm32f7xx_hal_tim.o(i.HAL_TIM_PWM_PulseFinishedCallback)
    HAL_TIM_PeriodElapsedCallback            0x08003455   Thumb Code    50  timer.o(i.HAL_TIM_PeriodElapsedCallback)
    HAL_TIM_TriggerCallback                  0x08003495   Thumb Code     2  stm32f7xx_hal_tim.o(i.HAL_TIM_TriggerCallback)
    HAL_UARTEx_RxEventCallback               0x08003497   Thumb Code     2  stm32f7xx_hal_uart.o(i.HAL_UARTEx_RxEventCallback)
    HAL_UARTEx_WakeupCallback                0x08003499   Thumb Code     2  stm32f7xx_hal_uart.o(i.HAL_UARTEx_WakeupCallback)
    HAL_UART_ErrorCallback                   0x0800349b   Thumb Code     2  stm32f7xx_hal_uart.o(i.HAL_UART_ErrorCallback)
    HAL_UART_IRQHandler                      0x0800349d   Thumb Code   838  stm32f7xx_hal_uart.o(i.HAL_UART_IRQHandler)
    HAL_UART_Init                            0x080037ed   Thumb Code   116  stm32f7xx_hal_uart.o(i.HAL_UART_Init)
    HAL_UART_MspInit                         0x08003861   Thumb Code   612  usart.o(i.HAL_UART_MspInit)
    HAL_UART_TxCpltCallback                  0x08003af5   Thumb Code     2  stm32f7xx_hal_uart.o(i.HAL_UART_TxCpltCallback)
    HardFault_Handler                        0x08003af7   Thumb Code     4  stm32f7xx_it.o(i.HardFault_Handler)
    J60_Can_Init                             0x08003afd   Thumb Code   168  j60.o(i.J60_Can_Init)
    J60_ConfigMotor                          0x08003bb9   Thumb Code   120  j60.o(i.J60_ConfigMotor)
    J60_EnableMotor                          0x08003c39   Thumb Code    18  j60.o(i.J60_EnableMotor)
    J60_GetMotor                             0x08003c4d   Thumb Code    30  j60.o(i.J60_GetMotor)
    J60_MapKdToUint8                         0x08003c8d   Thumb Code    68  j60.o(i.J60_MapKdToUint8)
    J60_MapKpToUint10                        0x08003cdd   Thumb Code    52  j60.o(i.J60_MapKpToUint10)
    J60_MapPositionToUint16                  0x08003d19   Thumb Code    80  j60.o(i.J60_MapPositionToUint16)
    J60_MapTorqueToUint16                    0x08003d79   Thumb Code    80  j60.o(i.J60_MapTorqueToUint16)
    J60_MapUint16ToTorque                    0x08003dd9   Thumb Code    34  j60.o(i.J60_MapUint16ToTorque)
    J60_MapUint20ToPosition                  0x08003e09   Thumb Code    42  j60.o(i.J60_MapUint20ToPosition)
    J60_MapUint20ToVelocity                  0x08003e45   Thumb Code    42  j60.o(i.J60_MapUint20ToVelocity)
    J60_MapUint7ToTemperature                0x08003e81   Thumb Code    40  j60.o(i.J60_MapUint7ToTemperature)
    J60_MapVelocityToUint14                  0x08003eb1   Thumb Code    80  j60.o(i.J60_MapVelocityToUint14)
    J60_MotorControl                         0x08003f11   Thumb Code   196  j60.o(i.J60_MotorControl)
    J60_ProcessCanQueues                     0x08003fd9   Thumb Code   170  j60.o(i.J60_ProcessCanQueues)
    J60_ProcessReceivedData                  0x0800408d   Thumb Code   316  j60.o(i.J60_ProcessReceivedData)
    MX_CAN1_Init                             0x08004315   Thumb Code    58  can.o(i.MX_CAN1_Init)
    MX_CAN2_Init                             0x08004359   Thumb Code    58  can.o(i.MX_CAN2_Init)
    MX_CAN3_Init                             0x0800439d   Thumb Code    58  can.o(i.MX_CAN3_Init)
    MX_DMA_Init                              0x080043e1   Thumb Code   106  dma.o(i.MX_DMA_Init)
    MX_GPIO_Init                             0x08004451   Thumb Code   110  gpio.o(i.MX_GPIO_Init)
    MX_TIM10_Init                            0x080044c5   Thumb Code    44  tim.o(i.MX_TIM10_Init)
    MX_TIM1_Init                             0x080044f9   Thumb Code   108  tim.o(i.MX_TIM1_Init)
    MX_TIM2_Init                             0x0800456d   Thumb Code   106  tim.o(i.MX_TIM2_Init)
    MX_TIM3_Init                             0x080045dd   Thumb Code   104  tim.o(i.MX_TIM3_Init)
    MX_TIM4_Init                             0x0800464d   Thumb Code   104  tim.o(i.MX_TIM4_Init)
    MX_TIM5_Init                             0x080046bd   Thumb Code   104  tim.o(i.MX_TIM5_Init)
    MX_TIM6_Init                             0x0800472d   Thumb Code    68  tim.o(i.MX_TIM6_Init)
    MX_TIM7_Init                             0x08004779   Thumb Code    68  tim.o(i.MX_TIM7_Init)
    MX_TIM9_Init                             0x080047c5   Thumb Code    74  tim.o(i.MX_TIM9_Init)
    MX_UART4_Init                            0x08004819   Thumb Code    56  usart.o(i.MX_UART4_Init)
    MX_USART1_UART_Init                      0x08004859   Thumb Code    56  usart.o(i.MX_USART1_UART_Init)
    MX_USART2_UART_Init                      0x08004899   Thumb Code    60  usart.o(i.MX_USART2_UART_Init)
    MemManage_Handler                        0x080048e1   Thumb Code     4  stm32f7xx_it.o(i.MemManage_Handler)
    NMI_Handler                              0x080048e5   Thumb Code     4  stm32f7xx_it.o(i.NMI_Handler)
    PendSV_Handler                           0x080048e9   Thumb Code     2  stm32f7xx_it.o(i.PendSV_Handler)
    SVC_Handler                              0x080048eb   Thumb Code     2  stm32f7xx_it.o(i.SVC_Handler)
    SysTick_Handler                          0x080048ed   Thumb Code     8  stm32f7xx_it.o(i.SysTick_Handler)
    SystemClock_Config                       0x080048f5   Thumb Code   172  main.o(i.SystemClock_Config)
    SystemInit                               0x080049a9   Thumb Code    14  system_stm32f7xx.o(i.SystemInit)
    TIM1_BRK_TIM9_IRQHandler                 0x080049bd   Thumb Code    16  stm32f7xx_it.o(i.TIM1_BRK_TIM9_IRQHandler)
    TIM1_UP_TIM10_IRQHandler                 0x080049d5   Thumb Code    16  stm32f7xx_it.o(i.TIM1_UP_TIM10_IRQHandler)
    TIM2_IRQHandler                          0x080049ed   Thumb Code    10  stm32f7xx_it.o(i.TIM2_IRQHandler)
    TIM3_IRQHandler                          0x080049fd   Thumb Code    10  stm32f7xx_it.o(i.TIM3_IRQHandler)
    TIM4_IRQHandler                          0x08004a0d   Thumb Code    10  stm32f7xx_it.o(i.TIM4_IRQHandler)
    TIM5_IRQHandler                          0x08004a1d   Thumb Code    10  stm32f7xx_it.o(i.TIM5_IRQHandler)
    TIM6_DAC_IRQHandler                      0x08004a2d   Thumb Code    10  stm32f7xx_it.o(i.TIM6_DAC_IRQHandler)
    TIM7_IRQHandler                          0x08004a3d   Thumb Code    10  stm32f7xx_it.o(i.TIM7_IRQHandler)
    TIM_Base_SetConfig                       0x08004a4d   Thumb Code   186  stm32f7xx_hal_tim.o(i.TIM_Base_SetConfig)
    TIM_ETR_SetConfig                        0x08004b35   Thumb Code    22  stm32f7xx_hal_tim.o(i.TIM_ETR_SetConfig)
    UART4_IRQHandler                         0x08004bad   Thumb Code    10  stm32f7xx_it.o(i.UART4_IRQHandler)
    UART_AdvFeatureConfig                    0x08004bbd   Thumb Code   248  stm32f7xx_hal_uart.o(i.UART_AdvFeatureConfig)
    UART_CheckIdleState                      0x08004cb5   Thumb Code   230  stm32f7xx_hal_uart.o(i.UART_CheckIdleState)
    UART_SetConfig                           0x08004e49   Thumb Code   782  stm32f7xx_hal_uart.o(i.UART_SetConfig)
    UART_WaitOnFlagUntilTimeout              0x08005185   Thumb Code   172  stm32f7xx_hal_uart.o(i.UART_WaitOnFlagUntilTimeout)
    USART1_IRQHandler                        0x08005231   Thumb Code    10  stm32f7xx_it.o(i.USART1_IRQHandler)
    USART2_IRQHandler                        0x08005241   Thumb Code    10  stm32f7xx_it.o(i.USART2_IRQHandler)
    UsageFault_Handler                       0x08005251   Thumb Code     4  stm32f7xx_it.o(i.UsageFault_Handler)
    __0printf                                0x08005255   Thumb Code    22  printfa.o(i.__0printf)
    __1printf                                0x08005255   Thumb Code     0  printfa.o(i.__0printf)
    __2printf                                0x08005255   Thumb Code     0  printfa.o(i.__0printf)
    __c89printf                              0x08005255   Thumb Code     0  printfa.o(i.__0printf)
    printf                                   0x08005255   Thumb Code     0  printfa.o(i.__0printf)
    __ARM_fpclassify                         0x08005275   Thumb Code    48  fpclassify.o(i.__ARM_fpclassify)
    __ARM_fpclassifyf                        0x080052a5   Thumb Code    38  fpclassifyf.o(i.__ARM_fpclassifyf)
    __hardfp_acosf                           0x08005305   Thumb Code   234  acosf.o(i.__hardfp_acosf)
    __hardfp_atan2f                          0x08005429   Thumb Code   502  atan2f.o(i.__hardfp_atan2f)
    __hardfp_cos                             0x08005681   Thumb Code   158  cos.o(i.__hardfp_cos)
    __hardfp_cosf                            0x08005731   Thumb Code   276  cosf.o(i.__hardfp_cosf)
    __hardfp_fmod                            0x08005881   Thumb Code   246  fmod.o(i.__hardfp_fmod)
    __hardfp_powf                            0x0800597d   Thumb Code  1590  powf.o(i.__hardfp_powf)
    __mathlib_powf                           0x0800597d   Thumb Code     0  powf.o(i.__hardfp_powf)
    __hardfp_sin                             0x08005fd9   Thumb Code   158  sin.o(i.__hardfp_sin)
    __hardfp_sinf                            0x08006089   Thumb Code   344  sinf.o(i.__hardfp_sinf)
    __hardfp_sqrtf                           0x0800621d   Thumb Code    58  sqrtf.o(i.__hardfp_sqrtf)
    __ieee754_rem_pio2                       0x08006259   Thumb Code   646  rred.o(i.__ieee754_rem_pio2)
    __kernel_cos                             0x08006569   Thumb Code   182  cos_i.o(i.__kernel_cos)
    __kernel_poly                            0x08006649   Thumb Code   112  poly.o(i.__kernel_poly)
    __kernel_sin                             0x080066b9   Thumb Code   144  sin_i.o(i.__kernel_sin)
    __mathlib_dbl_invalid                    0x08006761   Thumb Code    10  dunder.o(i.__mathlib_dbl_invalid)
    __mathlib_dbl_underflow                  0x08006779   Thumb Code    10  dunder.o(i.__mathlib_dbl_underflow)
    __mathlib_flt_divzero                    0x08006791   Thumb Code    14  funder.o(i.__mathlib_flt_divzero)
    __mathlib_flt_infnan                     0x080067a9   Thumb Code     6  funder.o(i.__mathlib_flt_infnan)
    __mathlib_flt_infnan2                    0x080067af   Thumb Code     6  funder.o(i.__mathlib_flt_infnan2)
    __mathlib_flt_invalid                    0x080067b5   Thumb Code    10  funder.o(i.__mathlib_flt_invalid)
    __mathlib_flt_overflow                   0x080067c5   Thumb Code    10  funder.o(i.__mathlib_flt_overflow)
    __mathlib_flt_underflow                  0x080067d5   Thumb Code    10  funder.o(i.__mathlib_flt_underflow)
    __mathlib_rredf2                         0x080067e5   Thumb Code   316  rredf.o(i.__mathlib_rredf2)
    __scatterload_copy                       0x08006939   Thumb Code    14  handlers.o(i.__scatterload_copy)
    __scatterload_null                       0x08006947   Thumb Code     2  handlers.o(i.__scatterload_null)
    __scatterload_zeroinit                   0x08006949   Thumb Code    14  handlers.o(i.__scatterload_zeroinit)
    __set_errno                              0x08006959   Thumb Code     6  errno.o(i.__set_errno)
    cal_foot_end_pos                         0x08007219   Thumb Code   228  gait.o(i.cal_foot_end_pos)
    dog_cog_to_foot                          0x08007315   Thumb Code   240  dog.o(i.dog_cog_to_foot)
    dog_fsm_init                             0x08007409   Thumb Code    22  fsm.o(i.dog_fsm_init)
    dog_get_body_vel                         0x08007421   Thumb Code    28  dog.o(i.dog_get_body_vel)
    dog_get_body_vel_without_cog             0x08007441   Thumb Code    72  dog.o(i.dog_get_body_vel_without_cog)
    dog_get_stand_height                     0x0800748d   Thumb Code     8  dog.o(i.dog_get_stand_height)
    dog_init                                 0x08007499   Thumb Code   240  dog.o(i.dog_init)
    dog_send_motors                          0x08007591   Thumb Code    54  dog.o(i.dog_send_motors)
    dog_set_body_vel                         0x080075cd   Thumb Code    74  dog.o(i.dog_set_body_vel)
    dog_smooth_cog                           0x0800761d   Thumb Code   246  dog.o(i.dog_smooth_cog)
    fabs                                     0x08007719   Thumb Code    24  fabs.o(i.fabs)
    fputc                                    0x08007731   Thumb Code     2  usart.o(i.fputc)
    fsm_change_to                            0x08007735   Thumb Code    24  fsm.o(i.fsm_change_to)
    fsm_get_previous_state                   0x08007751   Thumb Code     6  fsm.o(i.fsm_get_previous_state)
    fsm_init                                 0x0800775d   Thumb Code    86  fsm.o(i.fsm_init)
    fsm_register_state                       0x080077c1   Thumb Code    54  fsm.o(i.fsm_register_state)
    fsm_update                               0x080077fd   Thumb Code   102  fsm.o(i.fsm_update)
    gait_generator                           0x08007869   Thumb Code   598  gait.o(i.gait_generator)
    gamepad_control                          0x08007acd   Thumb Code   102  gamepad.o(i.gamepad_control)
    getTime                                  0x08007b51   Thumb Code    24  timer.o(i.getTime)
    get_robot_params                         0x08007b71   Thumb Code     4  robot_params.o(i.get_robot_params)
    get_trot_params                          0x08007b79   Thumb Code    12  gait.o(i.get_trot_params)
    leg_foot_to_motor                        0x08007b85   Thumb Code    30  dog.o(i.leg_foot_to_motor)
    leg_forward_kinematics                   0x08007ba5   Thumb Code   306  dog.o(i.leg_forward_kinematics)
    leg_get_current_foot_pos                 0x08007cf5   Thumb Code    26  dog.o(i.leg_get_current_foot_pos)
    leg_get_current_joints                   0x08007d0f   Thumb Code    26  dog.o(i.leg_get_current_joints)
    leg_get_motors_current_pos               0x08007d29   Thumb Code    42  motor.o(i.leg_get_motors_current_pos)
    leg_get_neutral_current_pos              0x08007d55   Thumb Code    26  dog.o(i.leg_get_neutral_current_pos)
    leg_inverse_kinematics                   0x08007d75   Thumb Code   432  dog.o(i.leg_inverse_kinematics)
    leg_joint_to_motor                       0x08007f2d   Thumb Code    22  dog.o(i.leg_joint_to_motor)
    leg_motor_to_joint                       0x08007f43   Thumb Code    22  dog.o(i.leg_motor_to_joint)
    leg_set_motor_kp_kd                      0x08007f59   Thumb Code   118  motor.o(i.leg_set_motor_kp_kd)
    leg_set_motor_pos                        0x08007fd1   Thumb Code    26  dog.o(i.leg_set_motor_pos)
    leg_set_target_foot_pos                  0x08007ff1   Thumb Code    26  dog.o(i.leg_set_target_foot_pos)
    leg_thigh_to_hip                         0x08008011   Thumb Code    62  dog.o(i.leg_thigh_to_hip)
    leg_transform                            0x08008055   Thumb Code   178  dog.o(i.leg_transform)
    main                                     0x08008111   Thumb Code   124  main.o(i.main)
    motor_init                               0x0800818d   Thumb Code   388  motor.o(i.motor_init)
    phase_wave_generator                     0x080083b3   Thumb Code   294  gait.o(i.phase_wave_generator)
    register_passive_state                   0x080084d9   Thumb Code    20  passive_state.o(i.register_passive_state)
    register_stand_state                     0x080084fd   Thumb Code    20  stand_state.o(i.register_stand_state)
    register_trot_state                      0x08008521   Thumb Code    20  trot_state.o(i.register_trot_state)
    send_motors_target_pos                   0x08008545   Thumb Code    86  motor.o(i.send_motors_target_pos)
    smooth                                   0x080085a1   Thumb Code    64  dog.o(i.smooth)
    sqrtf                                    0x080085e1   Thumb Code    62  sqrtf.o(i.sqrtf)
    timer_init                               0x08008a41   Thumb Code    22  timer.o(i.timer_init)
    AHBPrescTable                            0x08008bc0   Data          16  system_stm32f7xx.o(.constdata)
    APBPrescTable                            0x08008bd0   Data           8  system_stm32f7xx.o(.constdata)
    Region$$Table$$Base                      0x08008e78   Number         0  anon$$obj.o(Region$$Table)
    Region$$Table$$Limit                     0x08008e98   Number         0  anon$$obj.o(Region$$Table)
    uwTick                                   0x20000004   Data           4  stm32f7xx_hal.o(.data)
    uwTickPrio                               0x20000008   Data           4  stm32f7xx_hal.o(.data)
    uwTickFreq                               0x2000000c   Data           1  stm32f7xx_hal.o(.data)
    SystemCoreClock                          0x20000010   Data           4  system_stm32f7xx.o(.data)
    hip_kp                                   0x20000028   Data           4  stand_state.o(.data)
    hip_kd                                   0x2000002c   Data           4  stand_state.o(.data)
    thigh_kp                                 0x20000030   Data           4  stand_state.o(.data)
    thigh_kd                                 0x20000034   Data           4  stand_state.o(.data)
    calf_kp                                  0x20000038   Data           4  stand_state.o(.data)
    calf_kd                                  0x2000003c   Data           4  stand_state.o(.data)
    trot_forward_cog_offset                  0x20000040   Data           4  trot_state.o(.data)
    trot_backward_cog_offset                 0x20000044   Data           4  trot_state.o(.data)
    vx                                       0x20000048   Data           4  gamepad.o(.data)
    vy                                       0x2000004c   Data           4  gamepad.o(.data)
    w                                        0x20000050   Data           4  gamepad.o(.data)
    vx_smooth                                0x20000054   Data           4  gamepad.o(.data)
    vy_smooth                                0x20000058   Data           4  gamepad.o(.data)
    w_smooth                                 0x2000005c   Data           4  gamepad.o(.data)
    default_vx                               0x20000060   Data           4  gamepad.o(.data)
    default_vy                               0x20000064   Data           4  gamepad.o(.data)
    default_w                                0x20000068   Data           4  gamepad.o(.data)
    can_instances                            0x2000006c   Data          12  j60.o(.data)
    tx_data                                  0x20000078   Data           8  j60.o(.data)
    robot_params                             0x20000080   Data         480  robot_params.o(.data)
    __stdout                                 0x20000260   Data           4  stdout.o(.data)
    hcan1                                    0x20000268   Data          40  can.o(.bss)
    hcan2                                    0x20000290   Data          40  can.o(.bss)
    hcan3                                    0x200002b8   Data          40  can.o(.bss)
    htim1                                    0x200002e0   Data          76  tim.o(.bss)
    htim2                                    0x2000032c   Data          76  tim.o(.bss)
    htim3                                    0x20000378   Data          76  tim.o(.bss)
    htim4                                    0x200003c4   Data          76  tim.o(.bss)
    htim5                                    0x20000410   Data          76  tim.o(.bss)
    htim6                                    0x2000045c   Data          76  tim.o(.bss)
    htim7                                    0x200004a8   Data          76  tim.o(.bss)
    htim9                                    0x200004f4   Data          76  tim.o(.bss)
    htim10                                   0x20000540   Data          76  tim.o(.bss)
    huart4                                   0x2000058c   Data         136  usart.o(.bss)
    huart1                                   0x20000614   Data         136  usart.o(.bss)
    huart2                                   0x2000069c   Data         136  usart.o(.bss)
    hdma_uart4_tx                            0x20000724   Data          96  usart.o(.bss)
    hdma_usart1_rx                           0x20000784   Data          96  usart.o(.bss)
    hdma_usart2_rx                           0x200007e4   Data          96  usart.o(.bss)
    dog                                      0x20000844   Data         688  dog.o(.bss)
    body_vel                                 0x20000af4   Data          12  dog.o(.bss)
    motor_target_pos_test                    0x20000b00   Data          48  dog.o(.bss)
    foot_pos_test                            0x20000b30   Data          48  dog.o(.bss)
    joint_pos_test_inverse                   0x20000b60   Data          48  dog.o(.bss)
    foot_neutral_points_test_now             0x20000b90   Data          48  dog.o(.bss)
    foot_neutral_points_test_next            0x20000bc0   Data          48  dog.o(.bss)
    neutral_pos                              0x20000bf0   Data          48  dog.o(.bss)
    foot_target_pos                          0x20000c20   Data          48  dog.o(.bss)
    fsm_context                              0x20000c50   Data         116  fsm.o(.bss)
    stand_test_foot_start_pos                0x20000d54   Data          48  stand_state.o(.bss)
    stand_test_foot_target_pos               0x20000d84   Data          48  stand_state.o(.bss)
    trot_state                               0x20000db4   Data         120  trot_state.o(.bss)
    j60_motors                               0x20000e2c   Data         512  j60.o(.bss)
    can_queues                               0x2000102c   Data        2316  j60.o(.bss)
    can_local_to_custom_map                  0x20001938   Data          48  j60.o(.bss)
    txHeader                                 0x20001968   Data          24  j60.o(.bss)
    __initial_sp                             0x20003980   Data           0  startup_stm32f767xx.o(STACK)



==============================================================================

Memory Map of the image

  Image Entry point : 0x080001f9

  Load Region LR_IROM1 (Base: 0x08000000, Size: 0x00009100, Max: 0x00100000, ABSOLUTE, COMPRESSED[0x00008fd8])

    Execution Region ER_IROM1 (Exec base: 0x08000000, Load base: 0x08000000, Size: 0x00008e98, Max: 0x00100000, ABSOLUTE)

    Exec Addr    Load Addr    Size         Type   Attr      Idx    E Section Name        Object

    0x08000000   0x08000000   0x000001f8   Data   RO            3    RESET               startup_stm32f767xx.o
    0x080001f8   0x080001f8   0x00000000   Code   RO         5101  * .ARM.Collect$$$$00000000  mc_w.l(entry.o)
    0x080001f8   0x080001f8   0x00000004   Code   RO         5420    .ARM.Collect$$$$00000001  mc_w.l(entry2.o)
    0x080001fc   0x080001fc   0x00000004   Code   RO         5423    .ARM.Collect$$$$00000004  mc_w.l(entry5.o)
    0x08000200   0x08000200   0x00000000   Code   RO         5425    .ARM.Collect$$$$00000008  mc_w.l(entry7b.o)
    0x08000200   0x08000200   0x00000000   Code   RO         5427    .ARM.Collect$$$$0000000A  mc_w.l(entry8b.o)
    0x08000200   0x08000200   0x00000008   Code   RO         5428    .ARM.Collect$$$$0000000B  mc_w.l(entry9a.o)
    0x08000208   0x08000208   0x00000000   Code   RO         5430    .ARM.Collect$$$$0000000D  mc_w.l(entry10a.o)
    0x08000208   0x08000208   0x00000000   Code   RO         5432    .ARM.Collect$$$$0000000F  mc_w.l(entry11a.o)
    0x08000208   0x08000208   0x00000004   Code   RO         5421    .ARM.Collect$$$$00002712  mc_w.l(entry2.o)
    0x0800020c   0x0800020c   0x00000024   Code   RO            4    .text               startup_stm32f767xx.o
    0x08000230   0x08000230   0x00000062   Code   RO         5104    .text               mc_w.l(uldiv.o)
    0x08000292   0x08000292   0x00000024   Code   RO         5106    .text               mc_w.l(memcpya.o)
    0x080002b6   0x080002b6   0x00000024   Code   RO         5108    .text               mc_w.l(memseta.o)
    0x080002da   0x080002da   0x0000002c   Code   RO         5435    .text               mc_w.l(uidiv.o)
    0x08000306   0x08000306   0x0000001e   Code   RO         5437    .text               mc_w.l(llshl.o)
    0x08000324   0x08000324   0x00000020   Code   RO         5439    .text               mc_w.l(llushr.o)
    0x08000344   0x08000344   0x00000000   Code   RO         5448    .text               mc_w.l(iusefp.o)
    0x08000344   0x08000344   0x0000014e   Code   RO         5449    .text               mf_w.l(dadd.o)
    0x08000492   0x08000492   0x000000e4   Code   RO         5451    .text               mf_w.l(dmul.o)
    0x08000576   0x08000576   0x000000de   Code   RO         5453    .text               mf_w.l(ddiv.o)
    0x08000654   0x08000654   0x00000086   Code   RO         5455    .text               mf_w.l(drem.o)
    0x080006da   0x080006da   0x00000030   Code   RO         5457    .text               mf_w.l(dfixul.o)
    0x0800070a   0x0800070a   0x00000002   PAD
    0x0800070c   0x0800070c   0x00000030   Code   RO         5459    .text               mf_w.l(cdrcmple.o)
    0x0800073c   0x0800073c   0x00000004   Code   RO         5461    .text               mf_w.l(fpstat.o)
    0x08000740   0x08000740   0x00000024   Code   RO         5473    .text               mc_w.l(init.o)
    0x08000764   0x08000764   0x00000024   Code   RO         5475    .text               mc_w.l(llsshr.o)
    0x08000788   0x08000788   0x000000ba   Code   RO         5477    .text               mf_w.l(depilogue.o)
    0x08000842   0x08000842   0x00000056   Code   RO         5487    .text               mc_w.l(__dczerorl2.o)
    0x08000898   0x08000898   0x00000004   Code   RO          463    i.BusFault_Handler  stm32f7xx_it.o
    0x0800089c   0x0800089c   0x00000010   Code   RO          464    i.CAN1_RX0_IRQHandler  stm32f7xx_it.o
    0x080008ac   0x080008ac   0x00000010   Code   RO          465    i.CAN2_RX0_IRQHandler  stm32f7xx_it.o
    0x080008bc   0x080008bc   0x00000010   Code   RO          466    i.CAN3_RX0_IRQHandler  stm32f7xx_it.o
    0x080008cc   0x080008cc   0x00000090   Code   RO         4806    i.CAN_Queue_Add     j60.o
    0x0800095c   0x0800095c   0x00000014   Code   RO         4807    i.CAN_Queue_Init    j60.o
    0x08000970   0x08000970   0x00000010   Code   RO          467    i.DMA1_Stream4_IRQHandler  stm32f7xx_it.o
    0x08000980   0x08000980   0x00000010   Code   RO          468    i.DMA1_Stream5_IRQHandler  stm32f7xx_it.o
    0x08000990   0x08000990   0x00000010   Code   RO          469    i.DMA2_Stream2_IRQHandler  stm32f7xx_it.o
    0x080009a0   0x080009a0   0x00000034   Code   RO         1354    i.DMA_CalcBaseAndBitshift  stm32f7xx_hal_dma.o
    0x080009d4   0x080009d4   0x000000aa   Code   RO         1355    i.DMA_CheckFifoParam  stm32f7xx_hal_dma.o
    0x08000a7e   0x08000a7e   0x00000002   Code   RO          470    i.DebugMon_Handler  stm32f7xx_it.o
    0x08000a80   0x08000a80   0x00000006   Code   RO           13    i.Error_Handler     main.o
    0x08000a86   0x08000a86   0x0000002a   Code   RO          666    i.HAL_CAN_ActivateNotification  stm32f7xx_hal_can.o
    0x08000ab0   0x08000ab0   0x0000014a   Code   RO          667    i.HAL_CAN_AddTxMessage  stm32f7xx_hal_can.o
    0x08000bfa   0x08000bfa   0x00000002   PAD
    0x08000bfc   0x08000bfc   0x00000140   Code   RO          668    i.HAL_CAN_ConfigFilter  stm32f7xx_hal_can.o
    0x08000d3c   0x08000d3c   0x00000002   Code   RO          671    i.HAL_CAN_ErrorCallback  stm32f7xx_hal_can.o
    0x08000d3e   0x08000d3e   0x00000194   Code   RO          674    i.HAL_CAN_GetRxMessage  stm32f7xx_hal_can.o
    0x08000ed2   0x08000ed2   0x00000036   Code   RO          676    i.HAL_CAN_GetTxMailboxesFreeLevel  stm32f7xx_hal_can.o
    0x08000f08   0x08000f08   0x0000024e   Code   RO          678    i.HAL_CAN_IRQHandler  stm32f7xx_hal_can.o
    0x08001156   0x08001156   0x00000174   Code   RO          679    i.HAL_CAN_Init      stm32f7xx_hal_can.o
    0x080012ca   0x080012ca   0x00000002   PAD
    0x080012cc   0x080012cc   0x000001c0   Code   RO          231    i.HAL_CAN_MspInit   can.o
    0x0800148c   0x0800148c   0x00000002   Code   RO          686    i.HAL_CAN_RxFifo0FullCallback  stm32f7xx_hal_can.o
    0x0800148e   0x0800148e   0x00000022   Code   RO         4808    i.HAL_CAN_RxFifo0MsgPendingCallback  j60.o
    0x080014b0   0x080014b0   0x00000002   Code   RO          688    i.HAL_CAN_RxFifo1FullCallback  stm32f7xx_hal_can.o
    0x080014b2   0x080014b2   0x00000002   Code   RO          689    i.HAL_CAN_RxFifo1MsgPendingCallback  stm32f7xx_hal_can.o
    0x080014b4   0x080014b4   0x00000002   Code   RO          690    i.HAL_CAN_SleepCallback  stm32f7xx_hal_can.o
    0x080014b6   0x080014b6   0x0000005e   Code   RO          691    i.HAL_CAN_Start     stm32f7xx_hal_can.o
    0x08001514   0x08001514   0x00000002   Code   RO          693    i.HAL_CAN_TxMailbox0AbortCallback  stm32f7xx_hal_can.o
    0x08001516   0x08001516   0x00000002   Code   RO          694    i.HAL_CAN_TxMailbox0CompleteCallback  stm32f7xx_hal_can.o
    0x08001518   0x08001518   0x00000002   Code   RO          695    i.HAL_CAN_TxMailbox1AbortCallback  stm32f7xx_hal_can.o
    0x0800151a   0x0800151a   0x00000002   Code   RO          696    i.HAL_CAN_TxMailbox1CompleteCallback  stm32f7xx_hal_can.o
    0x0800151c   0x0800151c   0x00000002   Code   RO          697    i.HAL_CAN_TxMailbox2AbortCallback  stm32f7xx_hal_can.o
    0x0800151e   0x0800151e   0x00000002   Code   RO          698    i.HAL_CAN_TxMailbox2CompleteCallback  stm32f7xx_hal_can.o
    0x08001520   0x08001520   0x00000002   Code   RO          700    i.HAL_CAN_WakeUpFromRxMsgCallback  stm32f7xx_hal_can.o
    0x08001522   0x08001522   0x000000ac   Code   RO         1357    i.HAL_DMA_Abort     stm32f7xx_hal_dma.o
    0x080015ce   0x080015ce   0x00000028   Code   RO         1358    i.HAL_DMA_Abort_IT  stm32f7xx_hal_dma.o
    0x080015f6   0x080015f6   0x00000002   PAD
    0x080015f8   0x080015f8   0x00000240   Code   RO         1362    i.HAL_DMA_IRQHandler  stm32f7xx_hal_dma.o
    0x08001838   0x08001838   0x000000f0   Code   RO         1363    i.HAL_DMA_Init      stm32f7xx_hal_dma.o
    0x08001928   0x08001928   0x00000028   Code   RO         1876    i.HAL_Delay         stm32f7xx_hal.o
    0x08001950   0x08001950   0x0000020c   Code   RO         1291    i.HAL_GPIO_Init     stm32f7xx_hal_gpio.o
    0x08001b5c   0x08001b5c   0x0000000c   Code   RO         1886    i.HAL_GetTick       stm32f7xx_hal.o
    0x08001b68   0x08001b68   0x00000018   Code   RO         1892    i.HAL_IncTick       stm32f7xx_hal.o
    0x08001b80   0x08001b80   0x00000016   Code   RO         1893    i.HAL_Init          stm32f7xx_hal.o
    0x08001b96   0x08001b96   0x00000002   PAD
    0x08001b98   0x08001b98   0x0000004c   Code   RO         1894    i.HAL_InitTick      stm32f7xx_hal.o
    0x08001be4   0x08001be4   0x0000005c   Code   RO         1717    i.HAL_MPU_ConfigRegion  stm32f7xx_hal_cortex.o
    0x08001c40   0x08001c40   0x0000002c   Code   RO         1718    i.HAL_MPU_Disable   stm32f7xx_hal_cortex.o
    0x08001c6c   0x08001c6c   0x00000040   Code   RO         1720    i.HAL_MPU_Enable    stm32f7xx_hal_cortex.o
    0x08001cac   0x08001cac   0x00000040   Code   RO          641    i.HAL_MspInit       stm32f7xx_hal_msp.o
    0x08001cec   0x08001cec   0x00000020   Code   RO         1724    i.HAL_NVIC_EnableIRQ  stm32f7xx_hal_cortex.o
    0x08001d0c   0x08001d0c   0x0000007c   Code   RO         1730    i.HAL_NVIC_SetPriority  stm32f7xx_hal_cortex.o
    0x08001d88   0x08001d88   0x00000028   Code   RO         1731    i.HAL_NVIC_SetPriorityGrouping  stm32f7xx_hal_cortex.o
    0x08001db0   0x08001db0   0x00000090   Code   RO         1631    i.HAL_PWREx_EnableOverDrive  stm32f7xx_hal_pwr_ex.o
    0x08001e40   0x08001e40   0x0000075c   Code   RO         1007    i.HAL_RCCEx_PeriphCLKConfig  stm32f7xx_hal_rcc_ex.o
    0x0800259c   0x0800259c   0x00000194   Code   RO          900    i.HAL_RCC_ClockConfig  stm32f7xx_hal_rcc.o
    0x08002730   0x08002730   0x0000000c   Code   RO          905    i.HAL_RCC_GetHCLKFreq  stm32f7xx_hal_rcc.o
    0x0800273c   0x0800273c   0x00000020   Code   RO          907    i.HAL_RCC_GetPCLK1Freq  stm32f7xx_hal_rcc.o
    0x0800275c   0x0800275c   0x00000020   Code   RO          908    i.HAL_RCC_GetPCLK2Freq  stm32f7xx_hal_rcc.o
    0x0800277c   0x0800277c   0x000000b0   Code   RO          909    i.HAL_RCC_GetSysClockFreq  stm32f7xx_hal_rcc.o
    0x0800282c   0x0800282c   0x00000514   Code   RO          912    i.HAL_RCC_OscConfig  stm32f7xx_hal_rcc.o
    0x08002d40   0x08002d40   0x00000034   Code   RO         1735    i.HAL_SYSTICK_Config  stm32f7xx_hal_cortex.o
    0x08002d74   0x08002d74   0x00000002   Code   RO         3392    i.HAL_TIMEx_Break2Callback  stm32f7xx_hal_tim_ex.o
    0x08002d76   0x08002d76   0x00000002   Code   RO         3393    i.HAL_TIMEx_BreakCallback  stm32f7xx_hal_tim_ex.o
    0x08002d78   0x08002d78   0x00000002   Code   RO         3394    i.HAL_TIMEx_CommutCallback  stm32f7xx_hal_tim_ex.o
    0x08002d7a   0x08002d7a   0x00000002   PAD
    0x08002d7c   0x08002d7c   0x000000cc   Code   RO         3414    i.HAL_TIMEx_MasterConfigSynchronization  stm32f7xx_hal_tim_ex.o
    0x08002e48   0x08002e48   0x0000006e   Code   RO         2667    i.HAL_TIM_Base_Init  stm32f7xx_hal_tim.o
    0x08002eb6   0x08002eb6   0x00000002   PAD
    0x08002eb8   0x08002eb8   0x00000238   Code   RO          310    i.HAL_TIM_Base_MspInit  tim.o
    0x080030f0   0x080030f0   0x000000b4   Code   RO         2672    i.HAL_TIM_Base_Start_IT  stm32f7xx_hal_tim.o
    0x080031a4   0x080031a4   0x00000110   Code   RO         2676    i.HAL_TIM_ConfigClockSource  stm32f7xx_hal_tim.o
    0x080032b4   0x080032b4   0x00000002   Code   RO         2701    i.HAL_TIM_IC_CaptureCallback  stm32f7xx_hal_tim.o
    0x080032b6   0x080032b6   0x00000198   Code   RO         2715    i.HAL_TIM_IRQHandler  stm32f7xx_hal_tim.o
    0x0800344e   0x0800344e   0x00000002   Code   RO         2718    i.HAL_TIM_OC_DelayElapsedCallback  stm32f7xx_hal_tim.o
    0x08003450   0x08003450   0x00000002   Code   RO         2745    i.HAL_TIM_PWM_PulseFinishedCallback  stm32f7xx_hal_tim.o
    0x08003452   0x08003452   0x00000002   PAD
    0x08003454   0x08003454   0x00000040   Code   RO         4458    i.HAL_TIM_PeriodElapsedCallback  timer.o
    0x08003494   0x08003494   0x00000002   Code   RO         2758    i.HAL_TIM_TriggerCallback  stm32f7xx_hal_tim.o
    0x08003496   0x08003496   0x00000002   Code   RO         3686    i.HAL_UARTEx_RxEventCallback  stm32f7xx_hal_uart.o
    0x08003498   0x08003498   0x00000002   Code   RO         3687    i.HAL_UARTEx_WakeupCallback  stm32f7xx_hal_uart.o
    0x0800349a   0x0800349a   0x00000002   Code   RO         3703    i.HAL_UART_ErrorCallback  stm32f7xx_hal_uart.o
    0x0800349c   0x0800349c   0x00000350   Code   RO         3706    i.HAL_UART_IRQHandler  stm32f7xx_hal_uart.o
    0x080037ec   0x080037ec   0x00000074   Code   RO         3707    i.HAL_UART_Init     stm32f7xx_hal_uart.o
    0x08003860   0x08003860   0x00000294   Code   RO          400    i.HAL_UART_MspInit  usart.o
    0x08003af4   0x08003af4   0x00000002   Code   RO         3719    i.HAL_UART_TxCpltCallback  stm32f7xx_hal_uart.o
    0x08003af6   0x08003af6   0x00000004   Code   RO          471    i.HardFault_Handler  stm32f7xx_it.o
    0x08003afa   0x08003afa   0x00000002   PAD
    0x08003afc   0x08003afc   0x000000bc   Code   RO         4809    i.J60_Can_Init      j60.o
    0x08003bb8   0x08003bb8   0x00000080   Code   RO         4810    i.J60_ConfigMotor   j60.o
    0x08003c38   0x08003c38   0x00000012   Code   RO         4813    i.J60_EnableMotor   j60.o
    0x08003c4a   0x08003c4a   0x00000002   PAD
    0x08003c4c   0x08003c4c   0x00000024   Code   RO         4814    i.J60_GetMotor      j60.o
    0x08003c70   0x08003c70   0x0000001a   Code   RO         4815    i.J60_MakeCanId     j60.o
    0x08003c8a   0x08003c8a   0x00000002   PAD
    0x08003c8c   0x08003c8c   0x00000050   Code   RO         4816    i.J60_MapKdToUint8  j60.o
    0x08003cdc   0x08003cdc   0x0000003c   Code   RO         4817    i.J60_MapKpToUint10  j60.o
    0x08003d18   0x08003d18   0x00000060   Code   RO         4818    i.J60_MapPositionToUint16  j60.o
    0x08003d78   0x08003d78   0x00000060   Code   RO         4819    i.J60_MapTorqueToUint16  j60.o
    0x08003dd8   0x08003dd8   0x00000030   Code   RO         4820    i.J60_MapUint16ToTorque  j60.o
    0x08003e08   0x08003e08   0x0000003c   Code   RO         4821    i.J60_MapUint20ToPosition  j60.o
    0x08003e44   0x08003e44   0x0000003c   Code   RO         4822    i.J60_MapUint20ToVelocity  j60.o
    0x08003e80   0x08003e80   0x00000030   Code   RO         4823    i.J60_MapUint7ToTemperature  j60.o
    0x08003eb0   0x08003eb0   0x00000060   Code   RO         4824    i.J60_MapVelocityToUint14  j60.o
    0x08003f10   0x08003f10   0x000000c8   Code   RO         4825    i.J60_MotorControl  j60.o
    0x08003fd8   0x08003fd8   0x000000b4   Code   RO         4826    i.J60_ProcessCanQueues  j60.o
    0x0800408c   0x0800408c   0x00000150   Code   RO         4827    i.J60_ProcessReceivedData  j60.o
    0x080041dc   0x080041dc   0x00000054   Code   RO         4828    i.J60_SendCanMessage  j60.o
    0x08004230   0x08004230   0x0000008c   Code   RO         4829    i.J60_SendCanMessage_NonBlocking  j60.o
    0x080042bc   0x080042bc   0x00000056   Code   RO           14    i.MPU_Config        main.o
    0x08004312   0x08004312   0x00000002   PAD
    0x08004314   0x08004314   0x00000044   Code   RO          232    i.MX_CAN1_Init      can.o
    0x08004358   0x08004358   0x00000044   Code   RO          233    i.MX_CAN2_Init      can.o
    0x0800439c   0x0800439c   0x00000044   Code   RO          234    i.MX_CAN3_Init      can.o
    0x080043e0   0x080043e0   0x00000070   Code   RO          285    i.MX_DMA_Init       dma.o
    0x08004450   0x08004450   0x00000074   Code   RO          206    i.MX_GPIO_Init      gpio.o
    0x080044c4   0x080044c4   0x00000034   Code   RO          311    i.MX_TIM10_Init     tim.o
    0x080044f8   0x080044f8   0x00000074   Code   RO          312    i.MX_TIM1_Init      tim.o
    0x0800456c   0x0800456c   0x00000070   Code   RO          313    i.MX_TIM2_Init      tim.o
    0x080045dc   0x080045dc   0x00000070   Code   RO          314    i.MX_TIM3_Init      tim.o
    0x0800464c   0x0800464c   0x00000070   Code   RO          315    i.MX_TIM4_Init      tim.o
    0x080046bc   0x080046bc   0x00000070   Code   RO          316    i.MX_TIM5_Init      tim.o
    0x0800472c   0x0800472c   0x0000004c   Code   RO          317    i.MX_TIM6_Init      tim.o
    0x08004778   0x08004778   0x0000004c   Code   RO          318    i.MX_TIM7_Init      tim.o
    0x080047c4   0x080047c4   0x00000054   Code   RO          319    i.MX_TIM9_Init      tim.o
    0x08004818   0x08004818   0x00000040   Code   RO          401    i.MX_UART4_Init     usart.o
    0x08004858   0x08004858   0x00000040   Code   RO          402    i.MX_USART1_UART_Init  usart.o
    0x08004898   0x08004898   0x00000048   Code   RO          403    i.MX_USART2_UART_Init  usart.o
    0x080048e0   0x080048e0   0x00000004   Code   RO          472    i.MemManage_Handler  stm32f7xx_it.o
    0x080048e4   0x080048e4   0x00000004   Code   RO          473    i.NMI_Handler       stm32f7xx_it.o
    0x080048e8   0x080048e8   0x00000002   Code   RO          474    i.PendSV_Handler    stm32f7xx_it.o
    0x080048ea   0x080048ea   0x00000002   Code   RO          475    i.SVC_Handler       stm32f7xx_it.o
    0x080048ec   0x080048ec   0x00000008   Code   RO          476    i.SysTick_Handler   stm32f7xx_it.o
    0x080048f4   0x080048f4   0x000000b4   Code   RO           15    i.SystemClock_Config  main.o
    0x080049a8   0x080049a8   0x00000014   Code   RO         4170    i.SystemInit        system_stm32f7xx.o
    0x080049bc   0x080049bc   0x00000018   Code   RO          477    i.TIM1_BRK_TIM9_IRQHandler  stm32f7xx_it.o
    0x080049d4   0x080049d4   0x00000018   Code   RO          478    i.TIM1_UP_TIM10_IRQHandler  stm32f7xx_it.o
    0x080049ec   0x080049ec   0x00000010   Code   RO          479    i.TIM2_IRQHandler   stm32f7xx_it.o
    0x080049fc   0x080049fc   0x00000010   Code   RO          480    i.TIM3_IRQHandler   stm32f7xx_it.o
    0x08004a0c   0x08004a0c   0x00000010   Code   RO          481    i.TIM4_IRQHandler   stm32f7xx_it.o
    0x08004a1c   0x08004a1c   0x00000010   Code   RO          482    i.TIM5_IRQHandler   stm32f7xx_it.o
    0x08004a2c   0x08004a2c   0x00000010   Code   RO          483    i.TIM6_DAC_IRQHandler  stm32f7xx_it.o
    0x08004a3c   0x08004a3c   0x00000010   Code   RO          484    i.TIM7_IRQHandler   stm32f7xx_it.o
    0x08004a4c   0x08004a4c   0x000000e8   Code   RO         2760    i.TIM_Base_SetConfig  stm32f7xx_hal_tim.o
    0x08004b34   0x08004b34   0x00000016   Code   RO         2771    i.TIM_ETR_SetConfig  stm32f7xx_hal_tim.o
    0x08004b4a   0x08004b4a   0x00000012   Code   RO         2772    i.TIM_ITRx_SetConfig  stm32f7xx_hal_tim.o
    0x08004b5c   0x08004b5c   0x00000026   Code   RO         2780    i.TIM_TI1_ConfigInputStage  stm32f7xx_hal_tim.o
    0x08004b82   0x08004b82   0x00000028   Code   RO         2782    i.TIM_TI2_ConfigInputStage  stm32f7xx_hal_tim.o
    0x08004baa   0x08004baa   0x00000002   PAD
    0x08004bac   0x08004bac   0x00000010   Code   RO          485    i.UART4_IRQHandler  stm32f7xx_it.o
    0x08004bbc   0x08004bbc   0x000000f8   Code   RO         3721    i.UART_AdvFeatureConfig  stm32f7xx_hal_uart.o
    0x08004cb4   0x08004cb4   0x000000e6   Code   RO         3722    i.UART_CheckIdleState  stm32f7xx_hal_uart.o
    0x08004d9a   0x08004d9a   0x00000018   Code   RO         3723    i.UART_DMAAbortOnError  stm32f7xx_hal_uart.o
    0x08004db2   0x08004db2   0x00000066   Code   RO         3733    i.UART_EndRxTransfer  stm32f7xx_hal_uart.o
    0x08004e18   0x08004e18   0x0000002e   Code   RO         3734    i.UART_EndTransmit_IT  stm32f7xx_hal_uart.o
    0x08004e46   0x08004e46   0x00000002   PAD
    0x08004e48   0x08004e48   0x0000033c   Code   RO         3738    i.UART_SetConfig    stm32f7xx_hal_uart.o
    0x08005184   0x08005184   0x000000ac   Code   RO         3743    i.UART_WaitOnFlagUntilTimeout  stm32f7xx_hal_uart.o
    0x08005230   0x08005230   0x00000010   Code   RO          486    i.USART1_IRQHandler  stm32f7xx_it.o
    0x08005240   0x08005240   0x00000010   Code   RO          487    i.USART2_IRQHandler  stm32f7xx_it.o
    0x08005250   0x08005250   0x00000004   Code   RO          488    i.UsageFault_Handler  stm32f7xx_it.o
    0x08005254   0x08005254   0x00000020   Code   RO         5345    i.__0printf         mc_w.l(printfa.o)
    0x08005274   0x08005274   0x00000030   Code   RO         5469    i.__ARM_fpclassify  m_wv.l(fpclassify.o)
    0x080052a4   0x080052a4   0x00000026   Code   RO         5390    i.__ARM_fpclassifyf  m_wv.l(fpclassifyf.o)
    0x080052ca   0x080052ca   0x00000002   PAD
    0x080052cc   0x080052cc   0x00000010   Code   RO         1737    i.__NVIC_GetPriorityGrouping  stm32f7xx_hal_cortex.o
    0x080052dc   0x080052dc   0x00000028   Code   RO         1738    i.__NVIC_SetPriority  stm32f7xx_hal_cortex.o
    0x08005304   0x08005304   0x00000124   Code   RO         4991    i.__hardfp_acosf    m_wv.l(acosf.o)
    0x08005428   0x08005428   0x00000258   Code   RO         5003    i.__hardfp_atan2f   m_wv.l(atan2f.o)
    0x08005680   0x08005680   0x000000b0   Code   RO         5015    i.__hardfp_cos      m_wv.l(cos.o)
    0x08005730   0x08005730   0x00000150   Code   RO         5027    i.__hardfp_cosf     m_wv.l(cosf.o)
    0x08005880   0x08005880   0x000000fc   Code   RO         5039    i.__hardfp_fmod     m_wv.l(fmod.o)
    0x0800597c   0x0800597c   0x00000658   Code   RO         5051    i.__hardfp_powf     m_wv.l(powf.o)
    0x08005fd4   0x08005fd4   0x00000004   PAD
    0x08005fd8   0x08005fd8   0x000000b0   Code   RO         5065    i.__hardfp_sin      m_wv.l(sin.o)
    0x08006088   0x08006088   0x00000194   Code   RO         5077    i.__hardfp_sinf     m_wv.l(sinf.o)
    0x0800621c   0x0800621c   0x0000003a   Code   RO         5089    i.__hardfp_sqrtf    m_wv.l(sqrtf.o)
    0x08006256   0x08006256   0x00000002   PAD
    0x08006258   0x08006258   0x00000310   Code   RO         5406    i.__ieee754_rem_pio2  m_wv.l(rred.o)
    0x08006568   0x08006568   0x000000e0   Code   RO         5373    i.__kernel_cos      m_wv.l(cos_i.o)
    0x08006648   0x08006648   0x00000070   Code   RO         5471    i.__kernel_poly     m_wv.l(poly.o)
    0x080066b8   0x080066b8   0x000000a8   Code   RO         5414    i.__kernel_sin      m_wv.l(sin_i.o)
    0x08006760   0x08006760   0x00000018   Code   RO         5379    i.__mathlib_dbl_invalid  m_wv.l(dunder.o)
    0x08006778   0x08006778   0x00000018   Code   RO         5382    i.__mathlib_dbl_underflow  m_wv.l(dunder.o)
    0x08006790   0x08006790   0x00000018   Code   RO         5392    i.__mathlib_flt_divzero  m_wv.l(funder.o)
    0x080067a8   0x080067a8   0x00000006   Code   RO         5393    i.__mathlib_flt_infnan  m_wv.l(funder.o)
    0x080067ae   0x080067ae   0x00000006   Code   RO         5394    i.__mathlib_flt_infnan2  m_wv.l(funder.o)
    0x080067b4   0x080067b4   0x00000010   Code   RO         5395    i.__mathlib_flt_invalid  m_wv.l(funder.o)
    0x080067c4   0x080067c4   0x00000010   Code   RO         5396    i.__mathlib_flt_overflow  m_wv.l(funder.o)
    0x080067d4   0x080067d4   0x00000010   Code   RO         5398    i.__mathlib_flt_underflow  m_wv.l(funder.o)
    0x080067e4   0x080067e4   0x00000154   Code   RO         5411    i.__mathlib_rredf2  m_wv.l(rredf.o)
    0x08006938   0x08006938   0x0000000e   Code   RO         5481    i.__scatterload_copy  mc_w.l(handlers.o)
    0x08006946   0x08006946   0x00000002   Code   RO         5482    i.__scatterload_null  mc_w.l(handlers.o)
    0x08006948   0x08006948   0x0000000e   Code   RO         5483    i.__scatterload_zeroinit  mc_w.l(handlers.o)
    0x08006956   0x08006956   0x00000002   PAD
    0x08006958   0x08006958   0x0000000c   Code   RO         5443    i.__set_errno       mc_w.l(errno.o)
    0x08006964   0x08006964   0x00000184   Code   RO         5352    i._fp_digits        mc_w.l(printfa.o)
    0x08006ae8   0x08006ae8   0x000006dc   Code   RO         5353    i._printf_core      mc_w.l(printfa.o)
    0x080071c4   0x080071c4   0x00000024   Code   RO         5354    i._printf_post_padding  mc_w.l(printfa.o)
    0x080071e8   0x080071e8   0x0000002e   Code   RO         5355    i._printf_pre_padding  mc_w.l(printfa.o)
    0x08007216   0x08007216   0x00000002   PAD
    0x08007218   0x08007218   0x000000f4   Code   RO         4415    i.cal_foot_end_pos  gait.o
    0x0800730c   0x0800730c   0x00000006   Code   RO         4494    i.default_checker   fsm.o
    0x08007312   0x08007312   0x00000002   Code   RO         4495    i.default_handler   fsm.o
    0x08007314   0x08007314   0x000000f4   Code   RO         4206    i.dog_cog_to_foot   dog.o
    0x08007408   0x08007408   0x00000016   Code   RO         4496    i.dog_fsm_init      fsm.o
    0x0800741e   0x0800741e   0x00000002   PAD
    0x08007420   0x08007420   0x00000020   Code   RO         4208    i.dog_get_body_vel  dog.o
    0x08007440   0x08007440   0x0000004c   Code   RO         4209    i.dog_get_body_vel_without_cog  dog.o
    0x0800748c   0x0800748c   0x0000000c   Code   RO         4210    i.dog_get_stand_height  dog.o
    0x08007498   0x08007498   0x000000f8   Code   RO         4211    i.dog_init          dog.o
    0x08007590   0x08007590   0x0000003c   Code   RO         4212    i.dog_send_motors   dog.o
    0x080075cc   0x080075cc   0x00000050   Code   RO         4214    i.dog_set_body_vel  dog.o
    0x0800761c   0x0800761c   0x000000fc   Code   RO         4216    i.dog_smooth_cog    dog.o
    0x08007718   0x08007718   0x00000018   Code   RO         5465    i.fabs              m_wv.l(fabs.o)
    0x08007730   0x08007730   0x00000002   Code   RO          404    i.fputc             usart.o
    0x08007732   0x08007732   0x00000002   PAD
    0x08007734   0x08007734   0x0000001c   Code   RO         4497    i.fsm_change_to     fsm.o
    0x08007750   0x08007750   0x0000000c   Code   RO         4500    i.fsm_get_previous_state  fsm.o
    0x0800775c   0x0800775c   0x00000064   Code   RO         4501    i.fsm_init          fsm.o
    0x080077c0   0x080077c0   0x0000003c   Code   RO         4502    i.fsm_register_state  fsm.o
    0x080077fc   0x080077fc   0x0000006c   Code   RO         4503    i.fsm_update        fsm.o
    0x08007868   0x08007868   0x00000264   Code   RO         4416    i.gait_generator    gait.o
    0x08007acc   0x08007acc   0x00000084   Code   RO         4779    i.gamepad_control   gamepad.o
    0x08007b50   0x08007b50   0x00000020   Code   RO         4459    i.getTime           timer.o
    0x08007b70   0x08007b70   0x00000008   Code   RO         4967    i.get_robot_params  robot_params.o
    0x08007b78   0x08007b78   0x0000000c   Code   RO         4417    i.get_trot_params   gait.o
    0x08007b84   0x08007b84   0x0000001e   Code   RO         4217    i.leg_foot_to_motor  dog.o
    0x08007ba2   0x08007ba2   0x00000002   PAD
    0x08007ba4   0x08007ba4   0x00000150   Code   RO         4218    i.leg_forward_kinematics  dog.o
    0x08007cf4   0x08007cf4   0x0000001a   Code   RO         4219    i.leg_get_current_foot_pos  dog.o
    0x08007d0e   0x08007d0e   0x0000001a   Code   RO         4220    i.leg_get_current_joints  dog.o
    0x08007d28   0x08007d28   0x0000002a   Code   RO         4730    i.leg_get_motors_current_pos  motor.o
    0x08007d52   0x08007d52   0x00000002   PAD
    0x08007d54   0x08007d54   0x00000020   Code   RO         4222    i.leg_get_neutral_current_pos  dog.o
    0x08007d74   0x08007d74   0x000001b8   Code   RO         4224    i.leg_inverse_kinematics  dog.o
    0x08007f2c   0x08007f2c   0x00000016   Code   RO         4225    i.leg_joint_to_motor  dog.o
    0x08007f42   0x08007f42   0x00000016   Code   RO         4226    i.leg_motor_to_joint  dog.o
    0x08007f58   0x08007f58   0x00000076   Code   RO         4731    i.leg_set_motor_kp_kd  motor.o
    0x08007fce   0x08007fce   0x00000002   PAD
    0x08007fd0   0x08007fd0   0x00000020   Code   RO         4228    i.leg_set_motor_pos  dog.o
    0x08007ff0   0x08007ff0   0x00000020   Code   RO         4229    i.leg_set_target_foot_pos  dog.o
    0x08008010   0x08008010   0x00000044   Code   RO         4230    i.leg_thigh_to_hip  dog.o
    0x08008054   0x08008054   0x000000bc   Code   RO         4231    i.leg_transform     dog.o
    0x08008110   0x08008110   0x0000007c   Code   RO           16    i.main              main.o
    0x0800818c   0x0800818c   0x000001b8   Code   RO         4732    i.motor_init        motor.o
    0x08008344   0x08008344   0x00000006   Code   RO         4583    i.passive_check_transition  passive_state.o
    0x0800834a   0x0800834a   0x00000002   PAD
    0x0800834c   0x0800834c   0x00000048   Code   RO         4584    i.passive_enter     passive_state.o
    0x08008394   0x08008394   0x0000001c   Code   RO         4585    i.passive_exit      passive_state.o
    0x080083b0   0x080083b0   0x00000002   Code   RO         4586    i.passive_run       passive_state.o
    0x080083b2   0x080083b2   0x00000126   Code   RO         4418    i.phase_wave_generator  gait.o
    0x080084d8   0x080084d8   0x00000024   Code   RO         4587    i.register_passive_state  passive_state.o
    0x080084fc   0x080084fc   0x00000024   Code   RO         4630    i.register_stand_state  stand_state.o
    0x08008520   0x08008520   0x00000024   Code   RO         4681    i.register_trot_state  trot_state.o
    0x08008544   0x08008544   0x0000005c   Code   RO         4733    i.send_motors_target_pos  motor.o
    0x080085a0   0x080085a0   0x00000040   Code   RO         4232    i.smooth            dog.o
    0x080085e0   0x080085e0   0x0000003e   Code   RO         5091    i.sqrtf             m_wv.l(sqrtf.o)
    0x0800861e   0x0800861e   0x00000002   PAD
    0x08008620   0x08008620   0x00000034   Code   RO         4631    i.stand_check_transition  stand_state.o
    0x08008654   0x08008654   0x00000154   Code   RO         4632    i.stand_enter       stand_state.o
    0x080087a8   0x080087a8   0x0000001c   Code   RO         4633    i.stand_exit        stand_state.o
    0x080087c4   0x080087c4   0x0000027c   Code   RO         4634    i.stand_run         stand_state.o
    0x08008a40   0x08008a40   0x00000024   Code   RO         4460    i.timer_init        timer.o
    0x08008a64   0x08008a64   0x00000038   Code   RO         4682    i.trot_check_transition  trot_state.o
    0x08008a9c   0x08008a9c   0x00000030   Code   RO         4683    i.trot_enter        trot_state.o
    0x08008acc   0x08008acc   0x00000020   Code   RO         4684    i.trot_exit         trot_state.o
    0x08008aec   0x08008aec   0x000000cc   Code   RO         4685    i.trot_run          trot_state.o
    0x08008bb8   0x08008bb8   0x00000008   Data   RO         1369    .constdata          stm32f7xx_hal_dma.o
    0x08008bc0   0x08008bc0   0x00000018   Data   RO         4171    .constdata          system_stm32f7xx.o
    0x08008bd8   0x08008bd8   0x00000020   Data   RO         4419    .constdata          gait.o
    0x08008bf8   0x08008bf8   0x00000140   Data   RO         5054    .constdata          m_wv.l(powf.o)
    0x08008d38   0x08008d38   0x00000030   Data   RO         5374    .constdata          m_wv.l(cos_i.o)
    0x08008d68   0x08008d68   0x000000c8   Data   RO         5408    .constdata          m_wv.l(rred.o)
    0x08008e30   0x08008e30   0x00000020   Data   RO         5412    .constdata          m_wv.l(rredf.o)
    0x08008e50   0x08008e50   0x00000028   Data   RO         5415    .constdata          m_wv.l(sin_i.o)
    0x08008e78   0x08008e78   0x00000020   Data   RO         5479    Region$$Table       anon$$obj.o


    Execution Region RW_IRAM1 (Exec base: 0x20000000, Load base: 0x08008e98, Size: 0x00003980, Max: 0x00080000, ABSOLUTE, COMPRESSED[0x00000140])

    Exec Addr    Load Addr    Size         Type   Attr      Idx    E Section Name        Object

    0x20000000   COMPRESSED   0x00000004   Data   RW          236    .data               can.o
    0x20000004   COMPRESSED   0x00000009   Data   RW         1900    .data               stm32f7xx_hal.o
    0x2000000d   COMPRESSED   0x00000003   PAD
    0x20000010   COMPRESSED   0x00000004   Data   RW         4172    .data               system_stm32f7xx.o
    0x20000014   COMPRESSED   0x0000002c   Data   RW         4636    .data               stand_state.o
    0x20000040   COMPRESSED   0x00000008   Data   RW         4687    .data               trot_state.o
    0x20000048   COMPRESSED   0x00000024   Data   RW         4780    .data               gamepad.o
    0x2000006c   COMPRESSED   0x00000014   Data   RW         4831    .data               j60.o
    0x20000080   COMPRESSED   0x000001e0   Data   RW         4968    .data               robot_params.o
    0x20000260   COMPRESSED   0x00000004   Data   RW         5434    .data               mc_w.l(stdout.o)
    0x20000264   COMPRESSED   0x00000004   Data   RW         5444    .data               mc_w.l(errno.o)
    0x20000268        -       0x00000078   Zero   RW          235    .bss                can.o
    0x200002e0        -       0x000002ac   Zero   RW          320    .bss                tim.o
    0x2000058c        -       0x000002b8   Zero   RW          405    .bss                usart.o
    0x20000844        -       0x0000040c   Zero   RW         4234    .bss                dog.o
    0x20000c50        -       0x00000074   Zero   RW         4504    .bss                fsm.o
    0x20000cc4        -       0x000000f0   Zero   RW         4635    .bss                stand_state.o
    0x20000db4        -       0x00000078   Zero   RW         4686    .bss                trot_state.o
    0x20000e2c        -       0x00000b54   Zero   RW         4830    .bss                j60.o
    0x20001980        -       0x00002000   Zero   RW            1    STACK               startup_stm32f767xx.o


==============================================================================

Image component sizes


      Code (inc. data)   RO Data    RW Data    ZI Data      Debug   Object Name

       652         54          0          4        120       3011   can.o
       112          6          0          0          0        790   dma.o
      2322        114          0          0       1036      16998   dog.o
       338         36          0          0        116       4835   fsm.o
      1162         30         32          0          0       4293   gait.o
       132         30          0         36          0        925   gamepad.o
       116          6          0          0          0        851   gpio.o
      2178        228          0         20       2900      15836   j60.o
       396          8          0          0          0     905760   main.o
       692         58          0          0          0       3489   motor.o
       144         56          0          0          0       2341   passive_state.o
         8          4          0        480          0       1014   robot_params.o
      1092        168          0         44        240       4534   stand_state.o
        36          8        504          0       8192        824   startup_stm32f767xx.o
       174         30          0          9          0       9089   stm32f7xx_hal.o
      2230          8          0          0          0      14837   stm32f7xx_hal_can.o
       504         40          0          0          0      41445   stm32f7xx_hal_cortex.o
      1250         18          8          0          0       5303   stm32f7xx_hal_dma.o
       524         52          0          0          0       1456   stm32f7xx_hal_gpio.o
        64          4          0          0          0        830   stm32f7xx_hal_msp.o
       144          8          0          0          0       1248   stm32f7xx_hal_pwr_ex.o
      1956         74          0          0          0       5516   stm32f7xx_hal_rcc.o
      1884         16          0          0          0       2212   stm32f7xx_hal_rcc_ex.o
      1328         84          0          0          0       9723   stm32f7xx_hal_tim.o
       210         30          0          0          0       3084   stm32f7xx_hal_tim_ex.o
      2622         76          0          0          0      11167   stm32f7xx_hal_uart.o
       322        106          0          0          0      12439   stm32f7xx_it.o
        20          6         24          4          0       1091   system_stm32f7xx.o
      1420        110          0          0        684       6880   tim.o
       132         36          0          0          0       1843   timer.o
       376         80          0          8        120       2908   trot_state.o
       862         76          0          0        696       5250   usart.o

    ----------------------------------------------------------------------
     25440       1660        600        608      14104    1101822   Object Totals
         0          0         32          0          0          0   (incl. Generated)
        38          0          0          3          0          0   (incl. Padding)

    ----------------------------------------------------------------------

      Code (inc. data)   RO Data    RW Data    ZI Data      Debug   Library Member Name

       292         58          0          0          0        176   acosf.o
       600         98          0          0          0        184   atan2f.o
       176         18          0          0          0        156   cos.o
       224         42         48          0          0        184   cos_i.o
       336         60          0          0          0        136   cosf.o
        48         28          0          0          0        232   dunder.o
        24          0          0          0          0        124   fabs.o
       252          6          0          0          0        144   fmod.o
        48          0          0          0          0        124   fpclassify.o
        38          0          0          0          0        116   fpclassifyf.o
        84         28          0          0          0        696   funder.o
       112          0          0          0          0        116   poly.o
      1624        130        320          0          0        400   powf.o
       784        138        200          0          0        172   rred.o
       340         24         32          0          0        160   rredf.o
       176         18          0          0          0        160   sin.o
       168         24         40          0          0        196   sin_i.o
       404         60          0          0          0        212   sinf.o
       120          0          0          0          0        272   sqrtf.o
        86          0          0          0          0          0   __dczerorl2.o
         0          0          0          0          0          0   entry.o
         0          0          0          0          0          0   entry10a.o
         0          0          0          0          0          0   entry11a.o
         8          4          0          0          0          0   entry2.o
         4          0          0          0          0          0   entry5.o
         0          0          0          0          0          0   entry7b.o
         0          0          0          0          0          0   entry8b.o
         8          4          0          0          0          0   entry9a.o
        12          6          0          4          0         68   errno.o
        30          0          0          0          0          0   handlers.o
        36          8          0          0          0         68   init.o
         0          0          0          0          0          0   iusefp.o
        30          0          0          0          0         68   llshl.o
        36          0          0          0          0         68   llsshr.o
        32          0          0          0          0         68   llushr.o
        36          0          0          0          0         68   memcpya.o
        36          0          0          0          0        108   memseta.o
      2258         90          0          0          0        452   printfa.o
         0          0          0          4          0          0   stdout.o
        44          0          0          0          0         80   uidiv.o
        98          0          0          0          0         92   uldiv.o
        48          0          0          0          0         68   cdrcmple.o
       334          0          0          0          0        148   dadd.o
       222          0          0          0          0        100   ddiv.o
       186          0          0          0          0        176   depilogue.o
        48          0          0          0          0         68   dfixul.o
       228          0          0          0          0         96   dmul.o
       134          0          0          0          0         96   drem.o
         4          0          0          0          0         68   fpstat.o

    ----------------------------------------------------------------------
      9824        848        640          8          0       5920   Library Totals
        16          4          0          0          0          0   (incl. Padding)

    ----------------------------------------------------------------------

      Code (inc. data)   RO Data    RW Data    ZI Data      Debug   Library Name

      5850        732        640          0          0       3960   m_wv.l
      2754        112          0          8          0       1140   mc_w.l
      1204          0          0          0          0        820   mf_w.l

    ----------------------------------------------------------------------
      9824        848        640          8          0       5920   Library Totals

    ----------------------------------------------------------------------

==============================================================================


      Code (inc. data)   RO Data    RW Data    ZI Data      Debug   

     35264       2508       1240        616      14104    1084938   Grand Totals
     35264       2508       1240        320      14104    1084938   ELF Image Totals (compressed)
     35264       2508       1240        320          0          0   ROM Totals

==============================================================================

    Total RO  Size (Code + RO Data)                36504 (  35.65kB)
    Total RW  Size (RW Data + ZI Data)             14720 (  14.38kB)
    Total ROM Size (Code + RO Data + RW Data)      36824 (  35.96kB)

==============================================================================

