Component: ARM Compiler 5.06 update 6 (build 750) Tool: armlink [4d35ed]

==============================================================================

Section Cross References

    startup_stm32f767xx.o(RESET) refers to startup_stm32f767xx.o(STACK) for __initial_sp
    startup_stm32f767xx.o(RESET) refers to startup_stm32f767xx.o(.text) for Reset_Handler
    startup_stm32f767xx.o(RESET) refers to stm32f7xx_it.o(i.NMI_Handler) for NMI_Handler
    startup_stm32f767xx.o(RESET) refers to stm32f7xx_it.o(i.HardFault_Handler) for HardFault_Handler
    startup_stm32f767xx.o(RESET) refers to stm32f7xx_it.o(i.MemManage_Handler) for MemManage_Handler
    startup_stm32f767xx.o(RESET) refers to stm32f7xx_it.o(i.BusFault_Handler) for BusFault_Handler
    startup_stm32f767xx.o(RESET) refers to stm32f7xx_it.o(i.UsageFault_Handler) for UsageFault_Handler
    startup_stm32f767xx.o(RESET) refers to stm32f7xx_it.o(i.SVC_Handler) for SVC_Handler
    startup_stm32f767xx.o(RESET) refers to stm32f7xx_it.o(i.DebugMon_Handler) for DebugMon_Handler
    startup_stm32f767xx.o(RESET) refers to stm32f7xx_it.o(i.PendSV_Handler) for PendSV_Handler
    startup_stm32f767xx.o(RESET) refers to stm32f7xx_it.o(i.SysTick_Handler) for SysTick_Handler
    startup_stm32f767xx.o(RESET) refers to stm32f7xx_it.o(i.DMA1_Stream4_IRQHandler) for DMA1_Stream4_IRQHandler
    startup_stm32f767xx.o(RESET) refers to stm32f7xx_it.o(i.DMA1_Stream5_IRQHandler) for DMA1_Stream5_IRQHandler
    startup_stm32f767xx.o(RESET) refers to stm32f7xx_it.o(i.CAN1_RX0_IRQHandler) for CAN1_RX0_IRQHandler
    startup_stm32f767xx.o(RESET) refers to stm32f7xx_it.o(i.TIM1_BRK_TIM9_IRQHandler) for TIM1_BRK_TIM9_IRQHandler
    startup_stm32f767xx.o(RESET) refers to stm32f7xx_it.o(i.TIM1_UP_TIM10_IRQHandler) for TIM1_UP_TIM10_IRQHandler
    startup_stm32f767xx.o(RESET) refers to stm32f7xx_it.o(i.TIM2_IRQHandler) for TIM2_IRQHandler
    startup_stm32f767xx.o(RESET) refers to stm32f7xx_it.o(i.TIM3_IRQHandler) for TIM3_IRQHandler
    startup_stm32f767xx.o(RESET) refers to stm32f7xx_it.o(i.TIM4_IRQHandler) for TIM4_IRQHandler
    startup_stm32f767xx.o(RESET) refers to stm32f7xx_it.o(i.USART1_IRQHandler) for USART1_IRQHandler
    startup_stm32f767xx.o(RESET) refers to stm32f7xx_it.o(i.USART2_IRQHandler) for USART2_IRQHandler
    startup_stm32f767xx.o(RESET) refers to stm32f7xx_it.o(i.TIM5_IRQHandler) for TIM5_IRQHandler
    startup_stm32f767xx.o(RESET) refers to stm32f7xx_it.o(i.UART4_IRQHandler) for UART4_IRQHandler
    startup_stm32f767xx.o(RESET) refers to stm32f7xx_it.o(i.TIM6_DAC_IRQHandler) for TIM6_DAC_IRQHandler
    startup_stm32f767xx.o(RESET) refers to stm32f7xx_it.o(i.TIM7_IRQHandler) for TIM7_IRQHandler
    startup_stm32f767xx.o(RESET) refers to stm32f7xx_it.o(i.DMA2_Stream2_IRQHandler) for DMA2_Stream2_IRQHandler
    startup_stm32f767xx.o(RESET) refers to stm32f7xx_it.o(i.CAN2_RX0_IRQHandler) for CAN2_RX0_IRQHandler
    startup_stm32f767xx.o(RESET) refers to stm32f7xx_it.o(i.CAN3_RX0_IRQHandler) for CAN3_RX0_IRQHandler
    startup_stm32f767xx.o(.text) refers to system_stm32f7xx.o(i.SystemInit) for SystemInit
    startup_stm32f767xx.o(.text) refers to entry.o(.ARM.Collect$$$$00000000) for __main
    main.o(i.MPU_Config) refers to stm32f7xx_hal_cortex.o(i.HAL_MPU_Disable) for HAL_MPU_Disable
    main.o(i.MPU_Config) refers to stm32f7xx_hal_cortex.o(i.HAL_MPU_ConfigRegion) for HAL_MPU_ConfigRegion
    main.o(i.MPU_Config) refers to stm32f7xx_hal_cortex.o(i.HAL_MPU_Enable) for HAL_MPU_Enable
    main.o(i.SystemClock_Config) refers to memseta.o(.text) for __aeabi_memclr4
    main.o(i.SystemClock_Config) refers to stm32f7xx_hal_pwr.o(i.HAL_PWR_EnableBkUpAccess) for HAL_PWR_EnableBkUpAccess
    main.o(i.SystemClock_Config) refers to stm32f7xx_hal_rcc.o(i.HAL_RCC_OscConfig) for HAL_RCC_OscConfig
    main.o(i.SystemClock_Config) refers to main.o(i.Error_Handler) for Error_Handler
    main.o(i.SystemClock_Config) refers to stm32f7xx_hal_pwr_ex.o(i.HAL_PWREx_EnableOverDrive) for HAL_PWREx_EnableOverDrive
    main.o(i.SystemClock_Config) refers to stm32f7xx_hal_rcc.o(i.HAL_RCC_ClockConfig) for HAL_RCC_ClockConfig
    main.o(i.main) refers to main.o(i.MPU_Config) for MPU_Config
    main.o(i.main) refers to stm32f7xx_hal.o(i.HAL_Init) for HAL_Init
    main.o(i.main) refers to main.o(i.SystemClock_Config) for SystemClock_Config
    main.o(i.main) refers to gpio.o(i.MX_GPIO_Init) for MX_GPIO_Init
    main.o(i.main) refers to dma.o(i.MX_DMA_Init) for MX_DMA_Init
    main.o(i.main) refers to tim.o(i.MX_TIM1_Init) for MX_TIM1_Init
    main.o(i.main) refers to usart.o(i.MX_USART1_UART_Init) for MX_USART1_UART_Init
    main.o(i.main) refers to can.o(i.MX_CAN1_Init) for MX_CAN1_Init
    main.o(i.main) refers to can.o(i.MX_CAN2_Init) for MX_CAN2_Init
    main.o(i.main) refers to can.o(i.MX_CAN3_Init) for MX_CAN3_Init
    main.o(i.main) refers to tim.o(i.MX_TIM2_Init) for MX_TIM2_Init
    main.o(i.main) refers to tim.o(i.MX_TIM3_Init) for MX_TIM3_Init
[...]
    i.leg_transform                          0x08007eac   Section        0  dog.o(i.leg_transform)
    i.main                                   0x08007f68   Section        0  main.o(i.main)
    i.motor_init                             0x08007fd4   Section        0  motor.o(i.motor_init)
    i.phase_wave_generator                   0x080081b4   Section        0  gait.o(i.phase_wave_generator)
    i.register_stand_state                   0x080082dc   Section        0  stand_state.o(i.register_stand_state)
    i.register_trot_state                    0x08008300   Section        0  trot_state.o(i.register_trot_state)
    i.send_motors_target_pos                 0x08008324   Section        0  motor.o(i.send_motors_target_pos)
    i.sqrtf                                  0x08008380   Section        0  sqrtf.o(i.sqrtf)
    i.stand_check_transition                 0x080083c0   Section        0  stand_state.o(i.stand_check_transition)
    stand_check_transition                   0x080083c1   Thumb Code    36  stand_state.o(i.stand_check_transition)
    i.stand_enter                            0x080083ec   Section        0  stand_state.o(i.stand_enter)
    stand_enter                              0x080083ed   Thumb Code   150  stand_state.o(i.stand_enter)
    i.stand_exit                             0x080084bc   Section        0  stand_state.o(i.stand_exit)
    stand_exit                               0x080084bd   Thumb Code    10  stand_state.o(i.stand_exit)
    i.stand_run                              0x080084d8   Section        0  stand_state.o(i.stand_run)
    stand_run                                0x080084d9   Thumb Code   584  stand_state.o(i.stand_run)
    i.timer_init                             0x08008740   Section        0  timer.o(i.timer_init)
    i.trot_check_transition                  0x08008764   Section        0  trot_state.o(i.trot_check_transition)
    trot_check_transition                    0x08008765   Thumb Code    44  trot_state.o(i.trot_check_transition)
    i.trot_enter                             0x08008794   Section        0  trot_state.o(i.trot_enter)
    trot_enter                               0x08008795   Thumb Code    24  trot_state.o(i.trot_enter)
    i.trot_exit                              0x080087c4   Section        0  trot_state.o(i.trot_exit)
    trot_exit                                0x080087c5   Thumb Code    10  trot_state.o(i.trot_exit)
    i.trot_run                               0x080087e4   Section        0  trot_state.o(i.trot_run)
    trot_run                                 0x080087e5   Thumb Code   140  trot_state.o(i.trot_run)
    .constdata                               0x08008874   Section        8  stm32f7xx_hal_dma.o(.constdata)
    flagBitshiftOffset                       0x08008874   Data           8  stm32f7xx_hal_dma.o(.constdata)
    .constdata                               0x0800887c   Section       24  system_stm32f7xx.o(.constdata)
    .constdata                               0x08008894   Section       32  gait.o(.constdata)
    .constdata                               0x080088b4   Section       12  motor.o(.constdata)
    .constdata                               0x080088c0   Section      468  robot_params.o(.constdata)
    robot_params                             0x080088c0   Data         468  robot_params.o(.constdata)
    .constdata                               0x08008a94   Section      320  powf.o(.constdata)
    table                                    0x08008a94   Data         128  powf.o(.constdata)
    powersof2to1over16top                    0x08008b14   Data          64  powf.o(.constdata)
    powersof2to1over16bot                    0x08008b54   Data          64  powf.o(.constdata)
    powersof2to1over16all                    0x08008b94   Data          64  powf.o(.constdata)
    .constdata                               0x08008bd8   Section       48  cos_i.o(.constdata)
    C                                        0x08008bd8   Data          48  cos_i.o(.constdata)
    .constdata                               0x08008c08   Section      200  rred.o(.constdata)
    pio2s                                    0x08008c08   Data          48  rred.o(.constdata)
    twooverpi                                0x08008c38   Data         152  rred.o(.constdata)
    .constdata                               0x08008cd0   Section       32  rredf.o(.constdata)
    twooverpi                                0x08008cd0   Data          32  rredf.o(.constdata)
    .constdata                               0x08008cf0   Section       40  sin_i.o(.constdata)
    S                                        0x08008cf0   Data          40  sin_i.o(.constdata)
    .conststring                             0x08008d18   Section       20  motor.o(.conststring)
    .data                                    0x20000000   Section        4  can.o(.data)
    HAL_RCC_CAN1_CLK_ENABLED                 0x20000000   Data           4  can.o(.data)
    .data                                    0x20000004   Section        9  stm32f7xx_hal.o(.data)
    .data                                    0x20000010   Section        4  system_stm32f7xx.o(.data)
    .data                                    0x20000014   Section       20  stand_state.o(.data)
    stand_T                                  0x20000014   Data           4  stand_state.o(.data)
    T                                        0x20000018   Data           4  stand_state.o(.data)
    time_start                               0x2000001c   Data           4  stand_state.o(.data)
    p                                        0x20000020   Data           4  stand_state.o(.data)
    t                                        0x20000024   Data           4  stand_state.o(.data)
    .data                                    0x20000028   Section       12  j60.o(.data)
    .data                                    0x20000034   Section        4  stdout.o(.data)
    .data                                    0x20000038   Section        4  errno.o(.data)
    _errno                                   0x20000038   Data           4  errno.o(.data)
    .bss                                     0x2000003c   Section      120  can.o(.bss)
    .bss                                     0x200000b4   Section      684  tim.o(.bss)
    .bss                                     0x20000360   Section      696  usart.o(.bss)
    .bss                                     0x20000618   Section     1024  dog.o(.bss)
    .bss                                     0x20000a18   Section      116  fsm.o(.bss)
    fsm_context                              0x20000a18   Data         116  fsm.o(.bss)
    .bss                                     0x20000a8c   Section       96  stand_state.o(.bss)
    foot_start_pos                           0x20000a8c   Data          48  stand_state.o(.bss)
    foot_target_pos                          0x20000abc   Data          48  stand_state.o(.bss)
    .bss                                     0x20000aec   Section      120  trot_state.o(.bss)
    .bss                                     0x20000b64   Section     2876  j60.o(.bss)
    STACK                                    0x200016a0   Section     8192  startup_stm32f767xx.o(STACK)

    Global Symbols

    Symbol Name                              Value     Ov Type        Size  Object(Section)

    BuildAttributes$$THM_ISAv4$E$P$D$K$B$S$7EM$VFPv5_D16$PE$PLD8$A:L22UL41UL21$X:L11$S22US41US21$IEEE1$IW$USESV6$~STKCKD$USESV7$~SHL$OTIME$ROPI$IEEEX$EBA8$MICROLIB$REQ8$PRES8$EABIv2 0x00000000   Number         0  anon$$obj.o ABSOLUTE
    __ARM_use_no_argv                        0x00000000   Number         0  main.o ABSOLUTE
    _printf_a                                0x00000000   Number         0  stubs.o ABSOLUTE
    _printf_c                                0x00000000   Number         0  stubs.o ABSOLUTE
    _printf_charcount                        0x00000000   Number         0  stubs.o ABSOLUTE
    _printf_d                                0x00000000   Number         0  stubs.o ABSOLUTE
    _printf_e                                0x00000000   Number         0  stubs.o ABSOLUTE
    _printf_f                                0x00000000   Number         0  stubs.o ABSOLUTE
    _printf_flags                            0x00000000   Number         0  stubs.o ABSOLUTE
    _printf_fp_dec                           0x00000000   Number         0  stubs.o ABSOLUTE
    _printf_fp_hex                           0x00000000   Number         0  stubs.o ABSOLUTE
    _printf_g                                0x00000000   Number         0  stubs.o ABSOLUTE
    _printf_i                                0x00000000   Number         0  stubs.o ABSOLUTE
    _printf_int_dec                          0x00000000   Number         0  stubs.o ABSOLUTE
    _printf_l                                0x00000000   Number         0  stubs.o ABSOLUTE
    _printf_lc                               0x00000000   Number         0  stubs.o ABSOLUTE
    _printf_ll                               0x00000000   Number         0  stubs.o ABSOLUTE
    _printf_lld                              0x00000000   Number         0  stubs.o ABSOLUTE
    _printf_lli                              0x00000000   Number         0  stubs.o ABSOLUTE
    _printf_llo                              0x00000000   Number         0  stubs.o ABSOLUTE
    _printf_llu                              0x00000000   Number         0  stubs.o ABSOLUTE
    _printf_llx                              0x00000000   Number         0  stubs.o ABSOLUTE
    _printf_longlong_dec                     0x00000000   Number         0  stubs.o ABSOLUTE
    _printf_longlong_hex                     0x00000000   Number         0  stubs.o ABSOLUTE
    _printf_longlong_oct                     0x00000000   Number         0  stubs.o ABSOLUTE
    _printf_ls                               0x00000000   Number         0  stubs.o ABSOLUTE
    _printf_mbtowc                           0x00000000   Number         0  stubs.o ABSOLUTE
    _printf_n                                0x00000000   Number         0  stubs.o ABSOLUTE
    _printf_o                                0x00000000   Number         0  stubs.o ABSOLUTE
    _printf_p                                0x00000000   Number         0  stubs.o ABSOLUTE
    _printf_percent                          0x00000000   Number         0  stubs.o ABSOLUTE
    _printf_pre_padding                      0x00000000   Number         0  stubs.o ABSOLUTE
    _printf_return_value                     0x00000000   Number         0  stubs.o ABSOLUTE
    _printf_s                                0x00000000   Number         0  stubs.o ABSOLUTE
    _printf_sizespec                         0x00000000   Number         0  stubs.o ABSOLUTE
    _printf_str                              0x00000000   Number         0  stubs.o ABSOLUTE
    _printf_truncate_signed                  0x00000000   Number         0  stubs.o ABSOLUTE
    _printf_truncate_unsigned                0x00000000   Number         0  stubs.o ABSOLUTE
    _printf_u                                0x00000000   Number         0  stubs.o ABSOLUTE
    _printf_wc                               0x00000000   Number         0  stubs.o ABSOLUTE
    _printf_wctomb                           0x00000000   Number         0  stubs.o ABSOLUTE
    _printf_widthprec                        0x00000000   Number         0  stubs.o ABSOLUTE
    _printf_x                                0x00000000   Number         0  stubs.o ABSOLUTE
    __cpp_initialize__aeabi_                  - Undefined Weak Reference
    __cxa_finalize                            - Undefined Weak Reference
    __decompress                              - Undefined Weak Reference
    _clock_init                               - Undefined Weak Reference
    _microlib_exit                            - Undefined Weak Reference
    __Vectors_Size                           0x000001f8   Number         0  startup_stm32f767xx.o ABSOLUTE
    __Vectors                                0x08000000   Data           4  startup_stm32f767xx.o(RESET)
    __Vectors_End                            0x080001f8   Data           0  startup_stm32f767xx.o(RESET)
    __main                                   0x080001f9   Thumb Code     0  entry.o(.ARM.Collect$$$$00000000)
    _main_stk                                0x080001f9   Thumb Code     0  entry2.o(.ARM.Collect$$$$00000001)
    _main_scatterload                        0x080001fd   Thumb Code     0  entry5.o(.ARM.Collect$$$$00000004)
    __main_after_scatterload                 0x08000201   Thumb Code     0  entry5.o(.ARM.Collect$$$$00000004)
    _main_clock                              0x08000201   Thumb Code     0  entry7b.o(.ARM.Collect$$$$00000008)
    _main_cpp_init                           0x08000201   Thumb Code     0  entry8b.o(.ARM.Collect$$$$0000000A)
    _main_init                               0x08000201   Thumb Code     0  entry9a.o(.ARM.Collect$$$$0000000B)
    __rt_final_cpp                           0x08000209   Thumb Code     0  entry10a.o(.ARM.Collect$$$$0000000D)
    __rt_final_exit                          0x08000209   Thumb Code     0  entry11a.o(.ARM.Collect$$$$0000000F)
    Reset_Handler                            0x0800020d   Thumb Code     8  startup_stm32f767xx.o(.text)
    ADC_IRQHandler                           0x08000227   Thumb Code     0  startup_stm32f767xx.o(.text)
    CAN1_RX1_IRQHandler                      0x08000227   Thumb Code     0  startup_stm32f767xx.o(.text)
    CAN1_SCE_IRQHandler                      0x08000227   Thumb Code     0  startup_stm32f767xx.o(.text)
    CAN1_TX_IRQHandler                       0x08000227   Thumb Code     0  startup_stm32f767xx.o(.text)
    CAN2_RX1_IRQHandler                      0x08000227   Thumb Code     0  startup_stm32f767xx.o(.text)
    CAN2_SCE_IRQHandler                      0x08000227   Thumb Code     0  startup_stm32f767xx.o(.text)
    CAN2_TX_IRQHandler                       0x08000227   Thumb Code     0  startup_stm32f767xx.o(.text)
    CAN3_RX1_IRQHandler                      0x08000227   Thumb Code     0  startup_stm32f767xx.o(.text)
    CAN3_SCE_IRQHandler                      0x08000227   Thumb Code     0  startup_stm32f767xx.o(.text)
    CAN3_TX_IRQHandler                       0x08000227   Thumb Code     0  startup_stm32f767xx.o(.text)
    CEC_IRQHandler                           0x08000227   Thumb Code     0  startup_stm32f767xx.o(.text)
    DCMI_IRQHandler                          0x08000227   Thumb Code     0  startup_stm32f767xx.o(.text)
    DFSDM1_FLT0_IRQHandler                   0x08000227   Thumb Code     0  startup_stm32f767xx.o(.text)
    DFSDM1_FLT1_IRQHandler                   0x08000227   Thumb Code     0  startup_stm32f767xx.o(.text)
    DFSDM1_FLT2_IRQHandler                   0x08000227   Thumb Code     0  startup_stm32f767xx.o(.text)
    DFSDM1_FLT3_IRQHandler                   0x08000227   Thumb Code     0  startup_stm32f767xx.o(.text)
    DMA1_Stream0_IRQHandler                  0x08000227   Thumb Code     0  startup_stm32f767xx.o(.text)
    DMA1_Stream1_IRQHandler                  0x08000227   Thumb Code     0  startup_stm32f767xx.o(.text)
    DMA1_Stream2_IRQHandler                  0x08000227   Thumb Code     0  startup_stm32f767xx.o(.text)
    DMA1_Stream3_IRQHandler                  0x08000227   Thumb Code     0  startup_stm32f767xx.o(.text)
    DMA1_Stream6_IRQHandler                  0x08000227   Thumb Code     0  startup_stm32f767xx.o(.text)
    DMA1_Stream7_IRQHandler                  0x08000227   Thumb Code     0  startup_stm32f767xx.o(.text)
    DMA2D_IRQHandler                         0x08000227   Thumb Code     0  startup_stm32f767xx.o(.text)
    DMA2_Stream0_IRQHandler                  0x08000227   Thumb Code     0  startup_stm32f767xx.o(.text)
    DMA2_Stream1_IRQHandler                  0x08000227   Thumb Code     0  startup_stm32f767xx.o(.text)
    DMA2_Stream3_IRQHandler                  0x08000227   Thumb Code     0  startup_stm32f767xx.o(.text)
    DMA2_Stream4_IRQHandler                  0x08000227   Thumb Code     0  startup_stm32f767xx.o(.text)
    DMA2_Stream5_IRQHandler                  0x08000227   Thumb Code     0  startup_stm32f767xx.o(.text)
    DMA2_Stream6_IRQHandler                  0x08000227   Thumb Code     0  startup_stm32f767xx.o(.text)
    DMA2_Stream7_IRQHandler                  0x08000227   Thumb Code     0  startup_stm32f767xx.o(.text)
    ETH_IRQHandler                           0x08000227   Thumb Code     0  startup_stm32f767xx.o(.text)
    ETH_WKUP_IRQHandler                      0x08000227   Thumb Code     0  startup_stm32f767xx.o(.text)
    EXTI0_IRQHandler                         0x08000227   Thumb Code     0  startup_stm32f767xx.o(.text)
    EXTI15_10_IRQHandler                     0x08000227   Thumb Code     0  startup_stm32f767xx.o(.text)
    EXTI1_IRQHandler                         0x08000227   Thumb Code     0  startup_stm32f767xx.o(.text)
    EXTI2_IRQHandler                         0x08000227   Thumb Code     0  startup_stm32f767xx.o(.text)
    EXTI3_IRQHandler                         0x08000227   Thumb Code     0  startup_stm32f767xx.o(.text)
    EXTI4_IRQHandler                         0x08000227   Thumb Code     0  startup_stm32f767xx.o(.text)
    EXTI9_5_IRQHandler                       0x08000227   Thumb Code     0  startup_stm32f767xx.o(.text)
    FLASH_IRQHandler                         0x08000227   Thumb Code     0  startup_stm32f767xx.o(.text)
    FMC_IRQHandler                           0x08000227   Thumb Code     0  startup_stm32f767xx.o(.text)
    FPU_IRQHandler                           0x08000227   Thumb Code     0  startup_stm32f767xx.o(.text)
    I2C1_ER_IRQHandler                       0x08000227   Thumb Code     0  startup_stm32f767xx.o(.text)
    I2C1_EV_IRQHandler                       0x08000227   Thumb Code     0  startup_stm32f767xx.o(.text)
    I2C2_ER_IRQHandler                       0x08000227   Thumb Code     0  startup_stm32f767xx.o(.text)
    I2C2_EV_IRQHandler                       0x08000227   Thumb Code     0  startup_stm32f767xx.o(.text)
    I2C3_ER_IRQHandler                       0x08000227   Thumb Code     0  startup_stm32f767xx.o(.text)
    I2C3_EV_IRQHandler                       0x08000227   Thumb Code     0  startup_stm32f767xx.o(.text)
    I2C4_ER_IRQHandler                       0x08000227   Thumb Code     0  startup_stm32f767xx.o(.text)
    I2C4_EV_IRQHandler                       0x08000227   Thumb Code     0  startup_stm32f767xx.o(.text)
    JPEG_IRQHandler                          0x08000227   Thumb Code     0  startup_stm32f767xx.o(.text)
    LPTIM1_IRQHandler                        0x08000227   Thumb Code     0  startup_stm32f767xx.o(.text)
    LTDC_ER_IRQHandler                       0x08000227   Thumb Code     0  startup_stm32f767xx.o(.text)
    LTDC_IRQHandler                          0x08000227   Thumb Code     0  startup_stm32f767xx.o(.text)
    MDIOS_IRQHandler                         0x08000227   Thumb Code     0  startup_stm32f767xx.o(.text)
    OTG_FS_IRQHandler                        0x08000227   Thumb Code     0  startup_stm32f767xx.o(.text)
    OTG_FS_WKUP_IRQHandler                   0x08000227   Thumb Code     0  startup_stm32f767xx.o(.text)
    OTG_HS_EP1_IN_IRQHandler                 0x08000227   Thumb Code     0  startup_stm32f767xx.o(.text)
    OTG_HS_EP1_OUT_IRQHandler                0x08000227   Thumb Code     0  startup_stm32f767xx.o(.text)
    OTG_HS_IRQHandler                        0x08000227   Thumb Code     0  startup_stm32f767xx.o(.text)
    OTG_HS_WKUP_IRQHandler                   0x08000227   Thumb Code     0  startup_stm32f767xx.o(.text)
    PVD_IRQHandler                           0x08000227   Thumb Code     0  startup_stm32f767xx.o(.text)
    QUADSPI_IRQHandler                       0x08000227   Thumb Code     0  startup_stm32f767xx.o(.text)
    RCC_IRQHandler                           0x08000227   Thumb Code     0  startup_stm32f767xx.o(.text)
    RNG_IRQHandler                           0x08000227   Thumb Code     0  startup_stm32f767xx.o(.text)
    RTC_Alarm_IRQHandler                     0x08000227   Thumb Code     0  startup_stm32f767xx.o(.text)
    RTC_WKUP_IRQHandler                      0x08000227   Thumb Code     0  startup_stm32f767xx.o(.text)
    SAI1_IRQHandler                          0x08000227   Thumb Code     0  startup_stm32f767xx.o(.text)
    SAI2_IRQHandler                          0x08000227   Thumb Code     0  startup_stm32f767xx.o(.text)
    SDMMC1_IRQHandler                        0x08000227   Thumb Code     0  startup_stm32f767xx.o(.text)
    SDMMC2_IRQHandler                        0x08000227   Thumb Code     0  startup_stm32f767xx.o(.text)
    SPDIF_RX_IRQHandler                      0x08000227   Thumb Code     0  startup_stm32f767xx.o(.text)
    SPI1_IRQHandler                          0x08000227   Thumb Code     0  startup_stm32f767xx.o(.text)
    SPI2_IRQHandler                          0x08000227   Thumb Code     0  startup_stm32f767xx.o(.text)
    SPI3_IRQHandler                          0x08000227   Thumb Code     0  startup_stm32f767xx.o(.text)
    SPI4_IRQHandler                          0x08000227   Thumb Code     0  startup_stm32f767xx.o(.text)
    SPI5_IRQHandler                          0x08000227   Thumb Code     0  startup_stm32f767xx.o(.text)
    SPI6_IRQHandler                          0x08000227   Thumb Code     0  startup_stm32f767xx.o(.text)
    TAMP_STAMP_IRQHandler                    0x08000227   Thumb Code     0  startup_stm32f767xx.o(.text)
    TIM1_CC_IRQHandler                       0x08000227   Thumb Code     0  startup_stm32f767xx.o(.text)
    TIM1_TRG_COM_TIM11_IRQHandler            0x08000227   Thumb Code     0  startup_stm32f767xx.o(.text)
    TIM8_BRK_TIM12_IRQHandler                0x08000227   Thumb Code     0  startup_stm32f767xx.o(.text)
    TIM8_CC_IRQHandler                       0x08000227   Thumb Code     0  startup_stm32f767xx.o(.text)
    TIM8_TRG_COM_TIM14_IRQHandler            0x08000227   Thumb Code     0  startup_stm32f767xx.o(.text)
    TIM8_UP_TIM13_IRQHandler                 0x08000227   Thumb Code     0  startup_stm32f767xx.o(.text)
    UART5_IRQHandler                         0x08000227   Thumb Code     0  startup_stm32f767xx.o(.text)
    UART7_IRQHandler                         0x08000227   Thumb Code     0  startup_stm32f767xx.o(.text)
    UART8_IRQHandler                         0x08000227   Thumb Code     0  startup_stm32f767xx.o(.text)
    USART3_IRQHandler                        0x08000227   Thumb Code     0  startup_stm32f767xx.o(.text)
    USART6_IRQHandler                        0x08000227   Thumb Code     0  startup_stm32f767xx.o(.text)
    WWDG_IRQHandler                          0x08000227   Thumb Code     0  startup_stm32f767xx.o(.text)
    __aeabi_uldivmod                         0x08000231   Thumb Code    98  uldiv.o(.text)
    __aeabi_memcpy                           0x08000293   Thumb Code    36  memcpya.o(.text)
    __aeabi_memcpy4                          0x08000293   Thumb Code     0  memcpya.o(.text)
    __aeabi_memcpy8                          0x08000293   Thumb Code     0  memcpya.o(.text)
    __aeabi_memset                           0x080002b7   Thumb Code    14  memseta.o(.text)
    __aeabi_memset4                          0x080002b7   Thumb Code     0  memseta.o(.text)
    __aeabi_memset8                          0x080002b7   Thumb Code     0  memseta.o(.text)
    __aeabi_memclr                           0x080002c5   Thumb Code     4  memseta.o(.text)
    __aeabi_memclr4                          0x080002c5   Thumb Code     0  memseta.o(.text)
    __aeabi_memclr8                          0x080002c5   Thumb Code     0  memseta.o(.text)
    _memset$wrapper                          0x080002c9   Thumb Code    18  memseta.o(.text)
    __aeabi_uidiv                            0x080002db   Thumb Code     0  uidiv.o(.text)
    __aeabi_uidivmod                         0x080002db   Thumb Code    44  uidiv.o(.text)
    __aeabi_llsl                             0x08000307   Thumb Code    30  llshl.o(.text)
    _ll_shift_l                              0x08000307   Thumb Code     0  llshl.o(.text)
    __aeabi_llsr                             0x08000325   Thumb Code    32  llushr.o(.text)
    _ll_ushift_r                             0x08000325   Thumb Code     0  llushr.o(.text)
    __I$use$fp                               0x08000345   Thumb Code     0  iusefp.o(.text)
    __aeabi_dadd                             0x08000345   Thumb Code   322  dadd.o(.text)
    __aeabi_dsub                             0x08000487   Thumb Code     6  dadd.o(.text)
    __aeabi_drsub                            0x0800048d   Thumb Code     6  dadd.o(.text)
    __aeabi_dmul                             0x08000493   Thumb Code   228  dmul.o(.text)
    __aeabi_ddiv                             0x08000577   Thumb Code   222  ddiv.o(.text)
    _drem                                    0x08000655   Thumb Code   134  drem.o(.text)
    __aeabi_d2ulz                            0x080006db   Thumb Code    48  dfixul.o(.text)
    __aeabi_cdrcmple                         0x0800070d   Thumb Code    48  cdrcmple.o(.text)
    __fp_status                              0x0800073d   Thumb Code     4  fpstat.o(.text)
    __ieee_status                            0x0800073d   Thumb Code     0  fpstat.o(.text)
    __scatterload                            0x08000741   Thumb Code    28  init.o(.text)
    __scatterload_rt2                        0x08000741   Thumb Code     0  init.o(.text)
    __aeabi_lasr                             0x08000765   Thumb Code    36  llsshr.o(.text)
    _ll_sshift_r                             0x08000765   Thumb Code     0  llsshr.o(.text)
    _double_round                            0x08000789   Thumb Code    30  depilogue.o(.text)
    _double_epilogue                         0x080007a7   Thumb Code   156  depilogue.o(.text)
    BusFault_Handler                         0x08000843   Thumb Code     4  stm32f7xx_it.o(i.BusFault_Handler)
    CAN1_RX0_IRQHandler                      0x08000849   Thumb Code    10  stm32f7xx_it.o(i.CAN1_RX0_IRQHandler)
    CAN2_RX0_IRQHandler                      0x08000859   Thumb Code    10  stm32f7xx_it.o(i.CAN2_RX0_IRQHandler)
    CAN3_RX0_IRQHandler                      0x08000869   Thumb Code    10  stm32f7xx_it.o(i.CAN3_RX0_IRQHandler)
    DMA1_Stream4_IRQHandler                  0x0800091d   Thumb Code    10  stm32f7xx_it.o(i.DMA1_Stream4_IRQHandler)
    DMA1_Stream5_IRQHandler                  0x0800092d   Thumb Code    10  stm32f7xx_it.o(i.DMA1_Stream5_IRQHandler)
    DMA2_Stream2_IRQHandler                  0x0800093d   Thumb Code    10  stm32f7xx_it.o(i.DMA2_Stream2_IRQHandler)
    DebugMon_Handler                         0x08000a2b   Thumb Code     2  stm32f7xx_it.o(i.DebugMon_Handler)
    Error_Handler                            0x08000a2d   Thumb Code     6  main.o(i.Error_Handler)
    HAL_CAN_ActivateNotification             0x08000a33   Thumb Code    42  stm32f7xx_hal_can.o(i.HAL_CAN_ActivateNotification)
    HAL_CAN_AddTxMessage                     0x08000a5d   Thumb Code   330  stm32f7xx_hal_can.o(i.HAL_CAN_AddTxMessage)
    HAL_CAN_ConfigFilter                     0x08000ba9   Thumb Code   312  stm32f7xx_hal_can.o(i.HAL_CAN_ConfigFilter)
    HAL_CAN_ErrorCallback                    0x08000ce9   Thumb Code     2  stm32f7xx_hal_can.o(i.HAL_CAN_ErrorCallback)
    HAL_CAN_GetRxMessage                     0x08000ceb   Thumb Code   404  stm32f7xx_hal_can.o(i.HAL_CAN_GetRxMessage)
    HAL_CAN_GetTxMailboxesFreeLevel          0x08000e7f   Thumb Code    54  stm32f7xx_hal_can.o(i.HAL_CAN_GetTxMailboxesFreeLevel)
    HAL_CAN_IRQHandler                       0x08000eb5   Thumb Code   590  stm32f7xx_hal_can.o(i.HAL_CAN_IRQHandler)
    HAL_CAN_Init                             0x08001103   Thumb Code   372  stm32f7xx_hal_can.o(i.HAL_CAN_Init)
    HAL_CAN_MspInit                          0x08001279   Thumb Code   424  can.o(i.HAL_CAN_MspInit)
    HAL_CAN_RxFifo0FullCallback              0x08001439   Thumb Code     2  stm32f7xx_hal_can.o(i.HAL_CAN_RxFifo0FullCallback)
    HAL_CAN_RxFifo0MsgPendingCallback        0x0800143b   Thumb Code    34  j60.o(i.HAL_CAN_RxFifo0MsgPendingCallback)
    HAL_CAN_RxFifo1FullCallback              0x0800145d   Thumb Code     2  stm32f7xx_hal_can.o(i.HAL_CAN_RxFifo1FullCallback)
    HAL_CAN_RxFifo1MsgPendingCallback        0x0800145f   Thumb Code     2  stm32f7xx_hal_can.o(i.HAL_CAN_RxFifo1MsgPendingCallback)
    HAL_CAN_SleepCallback                    0x08001461   Thumb Code     2  stm32f7xx_hal_can.o(i.HAL_CAN_SleepCallback)
    HAL_CAN_Start                            0x08001463   Thumb Code    94  stm32f7xx_hal_can.o(i.HAL_CAN_Start)
    HAL_CAN_TxMailbox0AbortCallback          0x080014c1   Thumb Code     2  stm32f7xx_hal_can.o(i.HAL_CAN_TxMailbox0AbortCallback)
    HAL_CAN_TxMailbox0CompleteCallback       0x080014c3   Thumb Code     2  stm32f7xx_hal_can.o(i.HAL_CAN_TxMailbox0CompleteCallback)
    HAL_CAN_TxMailbox1AbortCallback          0x080014c5   Thumb Code     2  stm32f7xx_hal_can.o(i.HAL_CAN_TxMailbox1AbortCallback)
    HAL_CAN_TxMailbox1CompleteCallback       0x080014c7   Thumb Code     2  stm32f7xx_hal_can.o(i.HAL_CAN_TxMailbox1CompleteCallback)
    HAL_CAN_TxMailbox2AbortCallback          0x080014c9   Thumb Code     2  stm32f7xx_hal_can.o(i.HAL_CAN_TxMailbox2AbortCallback)
    HAL_CAN_TxMailbox2CompleteCallback       0x080014cb   Thumb Code     2  stm32f7xx_hal_can.o(i.HAL_CAN_TxMailbox2CompleteCallback)
    HAL_CAN_WakeUpFromRxMsgCallback          0x080014cd   Thumb Code     2  stm32f7xx_hal_can.o(i.HAL_CAN_WakeUpFromRxMsgCallback)
    HAL_DMA_Abort                            0x080014cf   Thumb Code   172  stm32f7xx_hal_dma.o(i.HAL_DMA_Abort)
    HAL_DMA_Abort_IT                         0x0800157b   Thumb Code    40  stm32f7xx_hal_dma.o(i.HAL_DMA_Abort_IT)
    HAL_DMA_IRQHandler                       0x080015a5   Thumb Code   570  stm32f7xx_hal_dma.o(i.HAL_DMA_IRQHandler)
    HAL_DMA_Init                             0x080017e5   Thumb Code   234  stm32f7xx_hal_dma.o(i.HAL_DMA_Init)
    HAL_GPIO_Init                            0x080018d5   Thumb Code   472  stm32f7xx_hal_gpio.o(i.HAL_GPIO_Init)
    HAL_GetTick                              0x08001ae1   Thumb Code     6  stm32f7xx_hal.o(i.HAL_GetTick)
    HAL_IncTick                              0x08001aed   Thumb Code    16  stm32f7xx_hal.o(i.HAL_IncTick)
    HAL_Init                                 0x08001b05   Thumb Code    22  stm32f7xx_hal.o(i.HAL_Init)
    HAL_InitTick                             0x08001b1d   Thumb Code    64  stm32f7xx_hal.o(i.HAL_InitTick)
    HAL_MPU_ConfigRegion                     0x08001b69   Thumb Code    86  stm32f7xx_hal_cortex.o(i.HAL_MPU_ConfigRegion)
    HAL_MPU_Disable                          0x08001bc5   Thumb Code    38  stm32f7xx_hal_cortex.o(i.HAL_MPU_Disable)
    HAL_MPU_Enable                           0x08001bf1   Thumb Code    58  stm32f7xx_hal_cortex.o(i.HAL_MPU_Enable)
    HAL_MspInit                              0x08001c31   Thumb Code    60  stm32f7xx_hal_msp.o(i.HAL_MspInit)
    HAL_NVIC_EnableIRQ                       0x08001c71   Thumb Code    32  stm32f7xx_hal_cortex.o(i.HAL_NVIC_EnableIRQ)
    HAL_NVIC_SetPriority                     0x08001c91   Thumb Code   124  stm32f7xx_hal_cortex.o(i.HAL_NVIC_SetPriority)
    HAL_NVIC_SetPriorityGrouping             0x08001d0d   Thumb Code    32  stm32f7xx_hal_cortex.o(i.HAL_NVIC_SetPriorityGrouping)
    HAL_PWREx_EnableOverDrive                0x08001d35   Thumb Code   136  stm32f7xx_hal_pwr_ex.o(i.HAL_PWREx_EnableOverDrive)
    HAL_PWR_EnableBkUpAccess                 0x08001dc5   Thumb Code    14  stm32f7xx_hal_pwr.o(i.HAL_PWR_EnableBkUpAccess)
    HAL_RCCEx_PeriphCLKConfig                0x08001dd9   Thumb Code  1880  stm32f7xx_hal_rcc_ex.o(i.HAL_RCCEx_PeriphCLKConfig)
    HAL_RCC_ClockConfig                      0x08002535   Thumb Code   384  stm32f7xx_hal_rcc.o(i.HAL_RCC_ClockConfig)
    HAL_RCC_GetHCLKFreq                      0x080026c9   Thumb Code     6  stm32f7xx_hal_rcc.o(i.HAL_RCC_GetHCLKFreq)
    HAL_RCC_GetPCLK1Freq                     0x080026d5   Thumb Code    22  stm32f7xx_hal_rcc.o(i.HAL_RCC_GetPCLK1Freq)
    HAL_RCC_GetPCLK2Freq                     0x080026f5   Thumb Code    22  stm32f7xx_hal_rcc.o(i.HAL_RCC_GetPCLK2Freq)
    HAL_RCC_GetSysClockFreq                  0x08002715   Thumb Code   162  stm32f7xx_hal_rcc.o(i.HAL_RCC_GetSysClockFreq)
    HAL_RCC_OscConfig                        0x080027c5   Thumb Code  1296  stm32f7xx_hal_rcc.o(i.HAL_RCC_OscConfig)
    HAL_SYSTICK_Config                       0x08002cd9   Thumb Code    52  stm32f7xx_hal_cortex.o(i.HAL_SYSTICK_Config)
    HAL_TIMEx_Break2Callback                 0x08002d0d   Thumb Code     2  stm32f7xx_hal_tim_ex.o(i.HAL_TIMEx_Break2Callback)
    HAL_TIMEx_BreakCallback                  0x08002d0f   Thumb Code     2  stm32f7xx_hal_tim_ex.o(i.HAL_TIMEx_BreakCallback)
    HAL_TIMEx_CommutCallback                 0x08002d11   Thumb Code     2  stm32f7xx_hal_tim_ex.o(i.HAL_TIMEx_CommutCallback)
    HAL_TIMEx_MasterConfigSynchronization    0x08002d15   Thumb Code   174  stm32f7xx_hal_tim_ex.o(i.HAL_TIMEx_MasterConfigSynchronization)
    HAL_TIM_Base_Init                        0x08002de1   Thumb Code   110  stm32f7xx_hal_tim.o(i.HAL_TIM_Base_Init)
    HAL_TIM_Base_MspInit                     0x08002e51   Thumb Code   530  tim.o(i.HAL_TIM_Base_MspInit)
    HAL_TIM_Base_Start_IT                    0x08003089   Thumb Code   146  stm32f7xx_hal_tim.o(i.HAL_TIM_Base_Start_IT)
    HAL_TIM_ConfigClockSource                0x0800313d   Thumb Code   268  stm32f7xx_hal_tim.o(i.HAL_TIM_ConfigClockSource)
    HAL_TIM_IC_CaptureCallback               0x0800324d   Thumb Code     2  stm32f7xx_hal_tim.o(i.HAL_TIM_IC_CaptureCallback)
    HAL_TIM_IRQHandler                       0x0800324f   Thumb Code   408  stm32f7xx_hal_tim.o(i.HAL_TIM_IRQHandler)
    HAL_TIM_OC_DelayElapsedCallback          0x080033e7   Thumb Code     2  stm32f7xx_hal_tim.o(i.HAL_TIM_OC_DelayElapsedCallback)
    HAL_TIM_PWM_PulseFinishedCallback        0x080033e9   Thumb Code     2  stm32f7xx_hal_tim.o(i.HAL_TIM_PWM_PulseFinishedCallback)
    HAL_TIM_PeriodElapsedCallback            0x080033ed   Thumb Code    42  timer.o(i.HAL_TIM_PeriodElapsedCallback)
    HAL_TIM_TriggerCallback                  0x08003421   Thumb Code     2  stm32f7xx_hal_tim.o(i.HAL_TIM_TriggerCallback)
    HAL_UARTEx_RxEventCallback               0x08003423   Thumb Code     2  stm32f7xx_hal_uart.o(i.HAL_UARTEx_RxEventCallback)
    HAL_UARTEx_WakeupCallback                0x08003425   Thumb Code     2  stm32f7xx_hal_uart.o(i.HAL_UARTEx_WakeupCallback)
    HAL_UART_ErrorCallback                   0x08003427   Thumb Code     2  stm32f7xx_hal_uart.o(i.HAL_UART_ErrorCallback)
    HAL_UART_IRQHandler                      0x08003429   Thumb Code   838  stm32f7xx_hal_uart.o(i.HAL_UART_IRQHandler)
    HAL_UART_Init                            0x08003779   Thumb Code   116  stm32f7xx_hal_uart.o(i.HAL_UART_Init)
    HAL_UART_MspInit                         0x080037ed   Thumb Code   612  usart.o(i.HAL_UART_MspInit)
    HAL_UART_TxCpltCallback                  0x08003a81   Thumb Code     2  stm32f7xx_hal_uart.o(i.HAL_UART_TxCpltCallback)
    HardFault_Handler                        0x08003a83   Thumb Code     4  stm32f7xx_it.o(i.HardFault_Handler)
    J60_ConfigMotor                          0x08003a89   Thumb Code   120  j60.o(i.J60_ConfigMotor)
    J60_EnableMotor                          0x08003b09   Thumb Code    18  j60.o(i.J60_EnableMotor)
    J60_GetMotor                             0x08003b1d   Thumb Code    30  j60.o(i.J60_GetMotor)
    J60_Init                                 0x08003b41   Thumb Code   168  j60.o(i.J60_Init)
    J60_MapKdToUint8                         0x08003c19   Thumb Code    68  j60.o(i.J60_MapKdToUint8)
    J60_MapKpToUint10                        0x08003c69   Thumb Code    52  j60.o(i.J60_MapKpToUint10)
    J60_MapPositionToUint16                  0x08003ca5   Thumb Code    80  j60.o(i.J60_MapPositionToUint16)
    J60_MapTorqueToUint16                    0x08003d05   Thumb Code    80  j60.o(i.J60_MapTorqueToUint16)
    J60_MapUint16ToTorque                    0x08003d65   Thumb Code    34  j60.o(i.J60_MapUint16ToTorque)
    J60_MapUint20ToPosition                  0x08003d95   Thumb Code    42  j60.o(i.J60_MapUint20ToPosition)
    J60_MapUint20ToVelocity                  0x08003dd1   Thumb Code    42  j60.o(i.J60_MapUint20ToVelocity)
    J60_MapUint7ToTemperature                0x08003e0d   Thumb Code    40  j60.o(i.J60_MapUint7ToTemperature)
    J60_MapVelocityToUint14                  0x08003e3d   Thumb Code    80  j60.o(i.J60_MapVelocityToUint14)
    J60_MotorControl                         0x08003e9d   Thumb Code   196  j60.o(i.J60_MotorControl)
    J60_ProcessCanQueues                     0x08003f65   Thumb Code   170  j60.o(i.J60_ProcessCanQueues)
    J60_ProcessReceivedData                  0x08004019   Thumb Code   280  j60.o(i.J60_ProcessReceivedData)
    MX_CAN1_Init                             0x08004279   Thumb Code    58  can.o(i.MX_CAN1_Init)
    MX_CAN2_Init                             0x080042bd   Thumb Code    58  can.o(i.MX_CAN2_Init)
    MX_CAN3_Init                             0x08004301   Thumb Code    58  can.o(i.MX_CAN3_Init)
    MX_DMA_Init                              0x08004345   Thumb Code   106  dma.o(i.MX_DMA_Init)
    MX_GPIO_Init                             0x080043b5   Thumb Code   136  gpio.o(i.MX_GPIO_Init)
    MX_TIM10_Init                            0x08004441   Thumb Code    44  tim.o(i.MX_TIM10_Init)
    MX_TIM1_Init                             0x08004475   Thumb Code   108  tim.o(i.MX_TIM1_Init)
    MX_TIM2_Init                             0x080044e9   Thumb Code   106  tim.o(i.MX_TIM2_Init)
    MX_TIM3_Init                             0x08004559   Thumb Code   104  tim.o(i.MX_TIM3_Init)
    MX_TIM4_Init                             0x080045c9   Thumb Code   104  tim.o(i.MX_TIM4_Init)
    MX_TIM5_Init                             0x08004639   Thumb Code   104  tim.o(i.MX_TIM5_Init)
    MX_TIM6_Init                             0x080046a9   Thumb Code    68  tim.o(i.MX_TIM6_Init)
    MX_TIM7_Init                             0x080046f5   Thumb Code    68  tim.o(i.MX_TIM7_Init)
    MX_TIM9_Init                             0x08004741   Thumb Code    74  tim.o(i.MX_TIM9_Init)
    MX_UART4_Init                            0x08004795   Thumb Code    56  usart.o(i.MX_UART4_Init)
    MX_USART1_UART_Init                      0x080047d5   Thumb Code    56  usart.o(i.MX_USART1_UART_Init)
    MX_USART2_UART_Init                      0x08004815   Thumb Code    60  usart.o(i.MX_USART2_UART_Init)
    MemManage_Handler                        0x0800485d   Thumb Code     4  stm32f7xx_it.o(i.MemManage_Handler)
    NMI_Handler                              0x08004861   Thumb Code     4  stm32f7xx_it.o(i.NMI_Handler)
    PendSV_Handler                           0x08004865   Thumb Code     2  stm32f7xx_it.o(i.PendSV_Handler)
    SVC_Handler                              0x08004867   Thumb Code     2  stm32f7xx_it.o(i.SVC_Handler)
    SysTick_Handler                          0x08004869   Thumb Code     8  stm32f7xx_it.o(i.SysTick_Handler)
    SystemClock_Config                       0x08004871   Thumb Code   178  main.o(i.SystemClock_Config)
    SystemInit                               0x0800492d   Thumb Code    14  system_stm32f7xx.o(i.SystemInit)
    TIM1_BRK_TIM9_IRQHandler                 0x08004941   Thumb Code    16  stm32f7xx_it.o(i.TIM1_BRK_TIM9_IRQHandler)
    TIM1_UP_TIM10_IRQHandler                 0x08004959   Thumb Code    16  stm32f7xx_it.o(i.TIM1_UP_TIM10_IRQHandler)
    TIM2_IRQHandler                          0x08004971   Thumb Code    10  stm32f7xx_it.o(i.TIM2_IRQHandler)
    TIM3_IRQHandler                          0x08004981   Thumb Code    10  stm32f7xx_it.o(i.TIM3_IRQHandler)
    TIM4_IRQHandler                          0x08004991   Thumb Code    10  stm32f7xx_it.o(i.TIM4_IRQHandler)
    TIM5_IRQHandler                          0x080049a1   Thumb Code    10  stm32f7xx_it.o(i.TIM5_IRQHandler)
    TIM6_DAC_IRQHandler                      0x080049b1   Thumb Code    10  stm32f7xx_it.o(i.TIM6_DAC_IRQHandler)
    TIM7_IRQHandler                          0x080049c1   Thumb Code    10  stm32f7xx_it.o(i.TIM7_IRQHandler)
    TIM_Base_SetConfig                       0x080049d1   Thumb Code   186  stm32f7xx_hal_tim.o(i.TIM_Base_SetConfig)
    TIM_ETR_SetConfig                        0x08004ab9   Thumb Code    22  stm32f7xx_hal_tim.o(i.TIM_ETR_SetConfig)
    UART4_IRQHandler                         0x08004b31   Thumb Code    10  stm32f7xx_it.o(i.UART4_IRQHandler)
    UART_AdvFeatureConfig                    0x08004b41   Thumb Code   248  stm32f7xx_hal_uart.o(i.UART_AdvFeatureConfig)
    UART_CheckIdleState                      0x08004c39   Thumb Code   230  stm32f7xx_hal_uart.o(i.UART_CheckIdleState)
    UART_SetConfig                           0x08004dcd   Thumb Code   782  stm32f7xx_hal_uart.o(i.UART_SetConfig)
    UART_WaitOnFlagUntilTimeout              0x08005109   Thumb Code   172  stm32f7xx_hal_uart.o(i.UART_WaitOnFlagUntilTimeout)
    USART1_IRQHandler                        0x080051b5   Thumb Code    10  stm32f7xx_it.o(i.USART1_IRQHandler)
    USART2_IRQHandler                        0x080051c5   Thumb Code    10  stm32f7xx_it.o(i.USART2_IRQHandler)
    UsageFault_Handler                       0x080051d5   Thumb Code     4  stm32f7xx_it.o(i.UsageFault_Handler)
    __0printf                                0x080051d9   Thumb Code    22  printfa.o(i.__0printf)
    __1printf                                0x080051d9   Thumb Code     0  printfa.o(i.__0printf)
    __2printf                                0x080051d9   Thumb Code     0  printfa.o(i.__0printf)
    __c89printf                              0x080051d9   Thumb Code     0  printfa.o(i.__0printf)
    printf                                   0x080051d9   Thumb Code     0  printfa.o(i.__0printf)
    __ARM_fpclassify                         0x080051f9   Thumb Code    48  fpclassify.o(i.__ARM_fpclassify)
    __ARM_fpclassifyf                        0x08005229   Thumb Code    38  fpclassifyf.o(i.__ARM_fpclassifyf)
    __hardfp_acosf                           0x08005289   Thumb Code   234  acosf.o(i.__hardfp_acosf)
    __hardfp_atan2f                          0x080053ad   Thumb Code   502  atan2f.o(i.__hardfp_atan2f)
    __hardfp_cos                             0x08005609   Thumb Code   158  cos.o(i.__hardfp_cos)
    __hardfp_cosf                            0x080056b9   Thumb Code   276  cosf.o(i.__hardfp_cosf)
    __hardfp_fmod                            0x08005809   Thumb Code   246  fmod.o(i.__hardfp_fmod)
    __hardfp_powf                            0x08005905   Thumb Code  1590  powf.o(i.__hardfp_powf)
    __mathlib_powf                           0x08005905   Thumb Code     0  powf.o(i.__hardfp_powf)
    __hardfp_sin                             0x08005f61   Thumb Code   158  sin.o(i.__hardfp_sin)
    __hardfp_sinf                            0x08006011   Thumb Code   344  sinf.o(i.__hardfp_sinf)
    __hardfp_sqrtf                           0x080061a5   Thumb Code    58  sqrtf.o(i.__hardfp_sqrtf)
    __ieee754_rem_pio2                       0x080061e1   Thumb Code   646  rred.o(i.__ieee754_rem_pio2)
    __kernel_cos                             0x080064f1   Thumb Code   182  cos_i.o(i.__kernel_cos)
    __kernel_poly                            0x080065d1   Thumb Code   112  poly.o(i.__kernel_poly)
    __kernel_sin                             0x08006641   Thumb Code   144  sin_i.o(i.__kernel_sin)
    __mathlib_dbl_invalid                    0x080066e9   Thumb Code    10  dunder.o(i.__mathlib_dbl_invalid)
    __mathlib_dbl_underflow                  0x08006701   Thumb Code    10  dunder.o(i.__mathlib_dbl_underflow)
    __mathlib_flt_divzero                    0x08006719   Thumb Code    14  funder.o(i.__mathlib_flt_divzero)
    __mathlib_flt_infnan                     0x08006731   Thumb Code     6  funder.o(i.__mathlib_flt_infnan)
    __mathlib_flt_infnan2                    0x08006737   Thumb Code     6  funder.o(i.__mathlib_flt_infnan2)
    __mathlib_flt_invalid                    0x0800673d   Thumb Code    10  funder.o(i.__mathlib_flt_invalid)
    __mathlib_flt_overflow                   0x0800674d   Thumb Code    10  funder.o(i.__mathlib_flt_overflow)
    __mathlib_flt_underflow                  0x0800675d   Thumb Code    10  funder.o(i.__mathlib_flt_underflow)
    __mathlib_rredf2                         0x0800676d   Thumb Code   316  rredf.o(i.__mathlib_rredf2)
    __scatterload_copy                       0x080068c1   Thumb Code    14  handlers.o(i.__scatterload_copy)
    __scatterload_null                       0x080068cf   Thumb Code     2  handlers.o(i.__scatterload_null)
    __scatterload_zeroinit                   0x080068d1   Thumb Code    14  handlers.o(i.__scatterload_zeroinit)
    __set_errno                              0x080068e1   Thumb Code     6  errno.o(i.__set_errno)
    cal_foot_end_pos                         0x080071a1   Thumb Code   228  gait.o(i.cal_foot_end_pos)
    check_motor_limit                        0x08007295   Thumb Code   268  motor.o(i.check_motor_limit)
    dog_cog_to_foot                          0x08007429   Thumb Code   240  dog.o(i.dog_cog_to_foot)
    dog_fsm_init                             0x0800751d   Thumb Code    18  fsm.o(i.dog_fsm_init)
    dog_get_body_vel                         0x08007531   Thumb Code    10  dog.o(i.dog_get_body_vel)
    dog_get_stand_height                     0x08007541   Thumb Code     8  dog.o(i.dog_get_stand_height)
    dog_init                                 0x0800754d   Thumb Code   192  dog.o(i.dog_init)
    dog_send_motors                          0x08007611   Thumb Code    54  dog.o(i.dog_send_motors)
    fabs                                     0x0800764d   Thumb Code    24  fabs.o(i.fabs)
    fputc                                    0x08007665   Thumb Code     2  usart.o(i.fputc)
    fsm_change_to                            0x08007669   Thumb Code    24  fsm.o(i.fsm_change_to)
    fsm_get_previous_state                   0x08007685   Thumb Code     6  fsm.o(i.fsm_get_previous_state)
    fsm_init                                 0x08007691   Thumb Code    86  fsm.o(i.fsm_init)
    fsm_register_state                       0x080076f5   Thumb Code    54  fsm.o(i.fsm_register_state)
    fsm_update                               0x08007731   Thumb Code   102  fsm.o(i.fsm_update)
    gait_generator                           0x0800779d   Thumb Code   598  gait.o(i.gait_generator)
    getTime                                  0x08007a01   Thumb Code    24  timer.o(i.getTime)
    get_robot_params                         0x08007a21   Thumb Code     4  robot_params.o(i.get_robot_params)
    get_trot_params                          0x08007a29   Thumb Code    12  gait.o(i.get_trot_params)
    leg_foot_to_motor                        0x08007a35   Thumb Code    30  dog.o(i.leg_foot_to_motor)
    leg_forward_kinematics                   0x08007a55   Thumb Code   306  dog.o(i.leg_forward_kinematics)
    leg_get_current_foot_pos                 0x08007ba5   Thumb Code    26  dog.o(i.leg_get_current_foot_pos)
    leg_get_current_joints                   0x08007bbf   Thumb Code    26  dog.o(i.leg_get_current_joints)
    leg_get_motors_current_pos               0x08007bd9   Thumb Code    42  motor.o(i.leg_get_motors_current_pos)
    leg_get_neutral_pos                      0x08007c05   Thumb Code    26  dog.o(i.leg_get_neutral_pos)
    leg_get_target_foot_pos                  0x08007c25   Thumb Code    26  dog.o(i.leg_get_target_foot_pos)
    leg_inverse_kinematics                   0x08007c45   Thumb Code   432  dog.o(i.leg_inverse_kinematics)
    leg_joint_to_motor                       0x08007dfd   Thumb Code    22  dog.o(i.leg_joint_to_motor)
    leg_motor_to_joint                       0x08007e13   Thumb Code    22  dog.o(i.leg_motor_to_joint)
    leg_set_motor_pos                        0x08007e29   Thumb Code    26  dog.o(i.leg_set_motor_pos)
    leg_set_target_foot_pos                  0x08007e49   Thumb Code    26  dog.o(i.leg_set_target_foot_pos)
    leg_thigh_to_hip                         0x08007e69   Thumb Code    62  dog.o(i.leg_thigh_to_hip)
    leg_transform                            0x08007ead   Thumb Code   178  dog.o(i.leg_transform)
    main                                     0x08007f69   Thumb Code   108  main.o(i.main)
    motor_init                               0x08007fd5   Thumb Code   432  motor.o(i.motor_init)
    phase_wave_generator                     0x080081b5   Thumb Code   294  gait.o(i.phase_wave_generator)
    register_stand_state                     0x080082dd   Thumb Code    20  stand_state.o(i.register_stand_state)
    register_trot_state                      0x08008301   Thumb Code    20  trot_state.o(i.register_trot_state)
    send_motors_target_pos                   0x08008325   Thumb Code    86  motor.o(i.send_motors_target_pos)
    sqrtf                                    0x08008381   Thumb Code    62  sqrtf.o(i.sqrtf)
    timer_init                               0x08008741   Thumb Code    22  timer.o(i.timer_init)
    AHBPrescTable                            0x0800887c   Data          16  system_stm32f7xx.o(.constdata)
    APBPrescTable                            0x0800888c   Data           8  system_stm32f7xx.o(.constdata)
    Region$$Table$$Base                      0x08008d2c   Number         0  anon$$obj.o(Region$$Table)
    Region$$Table$$Limit                     0x08008d4c   Number         0  anon$$obj.o(Region$$Table)
    uwTick                                   0x20000004   Data           4  stm32f7xx_hal.o(.data)
    uwTickPrio                               0x20000008   Data           4  stm32f7xx_hal.o(.data)
    uwTickFreq                               0x2000000c   Data           1  stm32f7xx_hal.o(.data)
    SystemCoreClock                          0x20000010   Data           4  system_stm32f7xx.o(.data)
    can_instances                            0x20000028   Data          12  j60.o(.data)
    __stdout                                 0x20000034   Data           4  stdout.o(.data)
    hcan1                                    0x2000003c   Data          40  can.o(.bss)
    hcan2                                    0x20000064   Data          40  can.o(.bss)
    hcan3                                    0x2000008c   Data          40  can.o(.bss)
    htim1                                    0x200000b4   Data          76  tim.o(.bss)
    htim2                                    0x20000100   Data          76  tim.o(.bss)
    htim3                                    0x2000014c   Data          76  tim.o(.bss)
    htim4                                    0x20000198   Data          76  tim.o(.bss)
    htim5                                    0x200001e4   Data          76  tim.o(.bss)
    htim6                                    0x20000230   Data          76  tim.o(.bss)
    htim7                                    0x2000027c   Data          76  tim.o(.bss)
    htim9                                    0x200002c8   Data          76  tim.o(.bss)
    htim10                                   0x20000314   Data          76  tim.o(.bss)
    huart4                                   0x20000360   Data         136  usart.o(.bss)
    huart1                                   0x200003e8   Data         136  usart.o(.bss)
    huart2                                   0x20000470   Data         136  usart.o(.bss)
    hdma_uart4_tx                            0x200004f8   Data          96  usart.o(.bss)
    hdma_usart1_rx                           0x20000558   Data          96  usart.o(.bss)
    hdma_usart2_rx                           0x200005b8   Data          96  usart.o(.bss)
    dog                                      0x20000618   Data         676  dog.o(.bss)
    body_vel                                 0x200008bc   Data          12  dog.o(.bss)
    motor_target_pos_test                    0x200008c8   Data          48  dog.o(.bss)
    foot_pos_test                            0x200008f8   Data          48  dog.o(.bss)
    joint_pos_test_inverse                   0x20000928   Data          48  dog.o(.bss)
    foot_neutral_points_test_now             0x20000958   Data          48  dog.o(.bss)
    foot_neutral_points_test_next            0x20000988   Data          48  dog.o(.bss)
    neutral_pos                              0x200009b8   Data          48  dog.o(.bss)
    foot_target_pos                          0x200009e8   Data          48  dog.o(.bss)
    trot_state                               0x20000aec   Data         120  trot_state.o(.bss)
    j60_motors                               0x20000b64   Data         512  j60.o(.bss)
    can_queues                               0x20000d64   Data        2316  j60.o(.bss)
    can_local_to_custom_map                  0x20001670   Data          48  j60.o(.bss)
    __initial_sp                             0x200036a0   Data           0  startup_stm32f767xx.o(STACK)



==============================================================================

Memory Map of the image

  Image Entry point : 0x080001f9

  Load Region LR_IROM1 (Base: 0x08000000, Size: 0x00008d88, Max: 0x00100000, ABSOLUTE)

    Execution Region ER_IROM1 (Exec base: 0x08000000, Load base: 0x08000000, Size: 0x00008d4c, Max: 0x00100000, ABSOLUTE)

    Exec Addr    Load Addr    Size         Type   Attr      Idx    E Section Name        Object

    0x08000000   0x08000000   0x000001f8   Data   RO            3    RESET               startup_stm32f767xx.o
    0x080001f8   0x080001f8   0x00000000   Code   RO         5041  * .ARM.Collect$$$$00000000  mc_w.l(entry.o)
    0x080001f8   0x080001f8   0x00000004   Code   RO         5360    .ARM.Collect$$$$00000001  mc_w.l(entry2.o)
    0x080001fc   0x080001fc   0x00000004   Code   RO         5363    .ARM.Collect$$$$00000004  mc_w.l(entry5.o)
    0x08000200   0x08000200   0x00000000   Code   RO         5365    .ARM.Collect$$$$00000008  mc_w.l(entry7b.o)
    0x08000200   0x08000200   0x00000000   Code   RO         5367    .ARM.Collect$$$$0000000A  mc_w.l(entry8b.o)
    0x08000200   0x08000200   0x00000008   Code   RO         5368    .ARM.Collect$$$$0000000B  mc_w.l(entry9a.o)
    0x08000208   0x08000208   0x00000000   Code   RO         5370    .ARM.Collect$$$$0000000D  mc_w.l(entry10a.o)
    0x08000208   0x08000208   0x00000000   Code   RO         5372    .ARM.Collect$$$$0000000F  mc_w.l(entry11a.o)
    0x08000208   0x08000208   0x00000004   Code   RO         5361    .ARM.Collect$$$$00002712  mc_w.l(entry2.o)
    0x0800020c   0x0800020c   0x00000024   Code   RO            4    .text               startup_stm32f767xx.o
    0x08000230   0x08000230   0x00000062   Code   RO         5044    .text               mc_w.l(uldiv.o)
    0x08000292   0x08000292   0x00000024   Code   RO         5046    .text               mc_w.l(memcpya.o)
    0x080002b6   0x080002b6   0x00000024   Code   RO         5048    .text               mc_w.l(memseta.o)
    0x080002da   0x080002da   0x0000002c   Code   RO         5375    .text               mc_w.l(uidiv.o)
    0x08000306   0x08000306   0x0000001e   Code   RO         5377    .text               mc_w.l(llshl.o)
    0x08000324   0x08000324   0x00000020   Code   RO         5379    .text               mc_w.l(llushr.o)
    0x08000344   0x08000344   0x00000000   Code   RO         5388    .text               mc_w.l(iusefp.o)
    0x08000344   0x08000344   0x0000014e   Code   RO         5389    .text               mf_w.l(dadd.o)
    0x08000492   0x08000492   0x000000e4   Code   RO         5391    .text               mf_w.l(dmul.o)
    0x08000576   0x08000576   0x000000de   Code   RO         5393    .text               mf_w.l(ddiv.o)
    0x08000654   0x08000654   0x00000086   Code   RO         5395    .text               mf_w.l(drem.o)
    0x080006da   0x080006da   0x00000030   Code   RO         5397    .text               mf_w.l(dfixul.o)
    0x0800070a   0x0800070a   0x00000002   PAD
    0x0800070c   0x0800070c   0x00000030   Code   RO         5399    .text               mf_w.l(cdrcmple.o)
    0x0800073c   0x0800073c   0x00000004   Code   RO         5401    .text               mf_w.l(fpstat.o)
    0x08000740   0x08000740   0x00000024   Code   RO         5413    .text               mc_w.l(init.o)
    0x08000764   0x08000764   0x00000024   Code   RO         5415    .text               mc_w.l(llsshr.o)
    0x08000788   0x08000788   0x000000ba   Code   RO         5417    .text               mf_w.l(depilogue.o)
    0x08000842   0x08000842   0x00000004   Code   RO          460    i.BusFault_Handler  stm32f7xx_it.o
    0x08000846   0x08000846   0x00000002   PAD
    0x08000848   0x08000848   0x00000010   Code   RO          461    i.CAN1_RX0_IRQHandler  stm32f7xx_it.o
    0x08000858   0x08000858   0x00000010   Code   RO          462    i.CAN2_RX0_IRQHandler  stm32f7xx_it.o
    0x08000868   0x08000868   0x00000010   Code   RO          463    i.CAN3_RX0_IRQHandler  stm32f7xx_it.o
    0x08000878   0x08000878   0x00000090   Code   RO         4744    i.CAN_Queue_Add     j60.o
    0x08000908   0x08000908   0x00000014   Code   RO         4745    i.CAN_Queue_Init    j60.o
    0x0800091c   0x0800091c   0x00000010   Code   RO          464    i.DMA1_Stream4_IRQHandler  stm32f7xx_it.o
    0x0800092c   0x0800092c   0x00000010   Code   RO          465    i.DMA1_Stream5_IRQHandler  stm32f7xx_it.o
    0x0800093c   0x0800093c   0x00000010   Code   RO          466    i.DMA2_Stream2_IRQHandler  stm32f7xx_it.o
    0x0800094c   0x0800094c   0x00000034   Code   RO         1351    i.DMA_CalcBaseAndBitshift  stm32f7xx_hal_dma.o
    0x08000980   0x08000980   0x000000aa   Code   RO         1352    i.DMA_CheckFifoParam  stm32f7xx_hal_dma.o
    0x08000a2a   0x08000a2a   0x00000002   Code   RO          467    i.DebugMon_Handler  stm32f7xx_it.o
    0x08000a2c   0x08000a2c   0x00000006   Code   RO           13    i.Error_Handler     main.o
    0x08000a32   0x08000a32   0x0000002a   Code   RO          663    i.HAL_CAN_ActivateNotification  stm32f7xx_hal_can.o
    0x08000a5c   0x08000a5c   0x0000014a   Code   RO          664    i.HAL_CAN_AddTxMessage  stm32f7xx_hal_can.o
    0x08000ba6   0x08000ba6   0x00000002   PAD
    0x08000ba8   0x08000ba8   0x00000140   Code   RO          665    i.HAL_CAN_ConfigFilter  stm32f7xx_hal_can.o
    0x08000ce8   0x08000ce8   0x00000002   Code   RO          668    i.HAL_CAN_ErrorCallback  stm32f7xx_hal_can.o
    0x08000cea   0x08000cea   0x00000194   Code   RO          671    i.HAL_CAN_GetRxMessage  stm32f7xx_hal_can.o
    0x08000e7e   0x08000e7e   0x00000036   Code   RO          673    i.HAL_CAN_GetTxMailboxesFreeLevel  stm32f7xx_hal_can.o
    0x08000eb4   0x08000eb4   0x0000024e   Code   RO          675    i.HAL_CAN_IRQHandler  stm32f7xx_hal_can.o
    0x08001102   0x08001102   0x00000174   Code   RO          676    i.HAL_CAN_Init      stm32f7xx_hal_can.o
    0x08001276   0x08001276   0x00000002   PAD
    0x08001278   0x08001278   0x000001c0   Code   RO          228    i.HAL_CAN_MspInit   can.o
    0x08001438   0x08001438   0x00000002   Code   RO          683    i.HAL_CAN_RxFifo0FullCallback  stm32f7xx_hal_can.o
    0x0800143a   0x0800143a   0x00000022   Code   RO         4746    i.HAL_CAN_RxFifo0MsgPendingCallback  j60.o
    0x0800145c   0x0800145c   0x00000002   Code   RO          685    i.HAL_CAN_RxFifo1FullCallback  stm32f7xx_hal_can.o
    0x0800145e   0x0800145e   0x00000002   Code   RO          686    i.HAL_CAN_RxFifo1MsgPendingCallback  stm32f7xx_hal_can.o
    0x08001460   0x08001460   0x00000002   Code   RO          687    i.HAL_CAN_SleepCallback  stm32f7xx_hal_can.o
    0x08001462   0x08001462   0x0000005e   Code   RO          688    i.HAL_CAN_Start     stm32f7xx_hal_can.o
    0x080014c0   0x080014c0   0x00000002   Code   RO          690    i.HAL_CAN_TxMailbox0AbortCallback  stm32f7xx_hal_can.o
    0x080014c2   0x080014c2   0x00000002   Code   RO          691    i.HAL_CAN_TxMailbox0CompleteCallback  stm32f7xx_hal_can.o
    0x080014c4   0x080014c4   0x00000002   Code   RO          692    i.HAL_CAN_TxMailbox1AbortCallback  stm32f7xx_hal_can.o
    0x080014c6   0x080014c6   0x00000002   Code   RO          693    i.HAL_CAN_TxMailbox1CompleteCallback  stm32f7xx_hal_can.o
    0x080014c8   0x080014c8   0x00000002   Code   RO          694    i.HAL_CAN_TxMailbox2AbortCallback  stm32f7xx_hal_can.o
    0x080014ca   0x080014ca   0x00000002   Code   RO          695    i.HAL_CAN_TxMailbox2CompleteCallback  stm32f7xx_hal_can.o
    0x080014cc   0x080014cc   0x00000002   Code   RO          697    i.HAL_CAN_WakeUpFromRxMsgCallback  stm32f7xx_hal_can.o
    0x080014ce   0x080014ce   0x000000ac   Code   RO         1354    i.HAL_DMA_Abort     stm32f7xx_hal_dma.o
    0x0800157a   0x0800157a   0x00000028   Code   RO         1355    i.HAL_DMA_Abort_IT  stm32f7xx_hal_dma.o
    0x080015a2   0x080015a2   0x00000002   PAD
    0x080015a4   0x080015a4   0x00000240   Code   RO         1359    i.HAL_DMA_IRQHandler  stm32f7xx_hal_dma.o
    0x080017e4   0x080017e4   0x000000f0   Code   RO         1360    i.HAL_DMA_Init      stm32f7xx_hal_dma.o
    0x080018d4   0x080018d4   0x0000020c   Code   RO         1288    i.HAL_GPIO_Init     stm32f7xx_hal_gpio.o
    0x08001ae0   0x08001ae0   0x0000000c   Code   RO         1883    i.HAL_GetTick       stm32f7xx_hal.o
    0x08001aec   0x08001aec   0x00000018   Code   RO         1889    i.HAL_IncTick       stm32f7xx_hal.o
    0x08001b04   0x08001b04   0x00000016   Code   RO         1890    i.HAL_Init          stm32f7xx_hal.o
    0x08001b1a   0x08001b1a   0x00000002   PAD
    0x08001b1c   0x08001b1c   0x0000004c   Code   RO         1891    i.HAL_InitTick      stm32f7xx_hal.o
    0x08001b68   0x08001b68   0x0000005c   Code   RO         1714    i.HAL_MPU_ConfigRegion  stm32f7xx_hal_cortex.o
    0x08001bc4   0x08001bc4   0x0000002c   Code   RO         1715    i.HAL_MPU_Disable   stm32f7xx_hal_cortex.o
    0x08001bf0   0x08001bf0   0x00000040   Code   RO         1717    i.HAL_MPU_Enable    stm32f7xx_hal_cortex.o
    0x08001c30   0x08001c30   0x00000040   Code   RO          638    i.HAL_MspInit       stm32f7xx_hal_msp.o
    0x08001c70   0x08001c70   0x00000020   Code   RO         1721    i.HAL_NVIC_EnableIRQ  stm32f7xx_hal_cortex.o
    0x08001c90   0x08001c90   0x0000007c   Code   RO         1727    i.HAL_NVIC_SetPriority  stm32f7xx_hal_cortex.o
    0x08001d0c   0x08001d0c   0x00000028   Code   RO         1728    i.HAL_NVIC_SetPriorityGrouping  stm32f7xx_hal_cortex.o
    0x08001d34   0x08001d34   0x00000090   Code   RO         1628    i.HAL_PWREx_EnableOverDrive  stm32f7xx_hal_pwr_ex.o
    0x08001dc4   0x08001dc4   0x00000014   Code   RO         1505    i.HAL_PWR_EnableBkUpAccess  stm32f7xx_hal_pwr.o
    0x08001dd8   0x08001dd8   0x0000075c   Code   RO         1004    i.HAL_RCCEx_PeriphCLKConfig  stm32f7xx_hal_rcc_ex.o
    0x08002534   0x08002534   0x00000194   Code   RO          897    i.HAL_RCC_ClockConfig  stm32f7xx_hal_rcc.o
    0x080026c8   0x080026c8   0x0000000c   Code   RO          902    i.HAL_RCC_GetHCLKFreq  stm32f7xx_hal_rcc.o
    0x080026d4   0x080026d4   0x00000020   Code   RO          904    i.HAL_RCC_GetPCLK1Freq  stm32f7xx_hal_rcc.o
    0x080026f4   0x080026f4   0x00000020   Code   RO          905    i.HAL_RCC_GetPCLK2Freq  stm32f7xx_hal_rcc.o
    0x08002714   0x08002714   0x000000b0   Code   RO          906    i.HAL_RCC_GetSysClockFreq  stm32f7xx_hal_rcc.o
    0x080027c4   0x080027c4   0x00000514   Code   RO          909    i.HAL_RCC_OscConfig  stm32f7xx_hal_rcc.o
    0x08002cd8   0x08002cd8   0x00000034   Code   RO         1732    i.HAL_SYSTICK_Config  stm32f7xx_hal_cortex.o
    0x08002d0c   0x08002d0c   0x00000002   Code   RO         3389    i.HAL_TIMEx_Break2Callback  stm32f7xx_hal_tim_ex.o
    0x08002d0e   0x08002d0e   0x00000002   Code   RO         3390    i.HAL_TIMEx_BreakCallback  stm32f7xx_hal_tim_ex.o
    0x08002d10   0x08002d10   0x00000002   Code   RO         3391    i.HAL_TIMEx_CommutCallback  stm32f7xx_hal_tim_ex.o
    0x08002d12   0x08002d12   0x00000002   PAD
    0x08002d14   0x08002d14   0x000000cc   Code   RO         3411    i.HAL_TIMEx_MasterConfigSynchronization  stm32f7xx_hal_tim_ex.o
    0x08002de0   0x08002de0   0x0000006e   Code   RO         2664    i.HAL_TIM_Base_Init  stm32f7xx_hal_tim.o
    0x08002e4e   0x08002e4e   0x00000002   PAD
    0x08002e50   0x08002e50   0x00000238   Code   RO          307    i.HAL_TIM_Base_MspInit  tim.o
    0x08003088   0x08003088   0x000000b4   Code   RO         2669    i.HAL_TIM_Base_Start_IT  stm32f7xx_hal_tim.o
    0x0800313c   0x0800313c   0x00000110   Code   RO         2673    i.HAL_TIM_ConfigClockSource  stm32f7xx_hal_tim.o
    0x0800324c   0x0800324c   0x00000002   Code   RO         2698    i.HAL_TIM_IC_CaptureCallback  stm32f7xx_hal_tim.o
    0x0800324e   0x0800324e   0x00000198   Code   RO         2712    i.HAL_TIM_IRQHandler  stm32f7xx_hal_tim.o
    0x080033e6   0x080033e6   0x00000002   Code   RO         2715    i.HAL_TIM_OC_DelayElapsedCallback  stm32f7xx_hal_tim.o
    0x080033e8   0x080033e8   0x00000002   Code   RO         2742    i.HAL_TIM_PWM_PulseFinishedCallback  stm32f7xx_hal_tim.o
    0x080033ea   0x080033ea   0x00000002   PAD
    0x080033ec   0x080033ec   0x00000034   Code   RO         4449    i.HAL_TIM_PeriodElapsedCallback  timer.o
    0x08003420   0x08003420   0x00000002   Code   RO         2755    i.HAL_TIM_TriggerCallback  stm32f7xx_hal_tim.o
    0x08003422   0x08003422   0x00000002   Code   RO         3683    i.HAL_UARTEx_RxEventCallback  stm32f7xx_hal_uart.o
    0x08003424   0x08003424   0x00000002   Code   RO         3684    i.HAL_UARTEx_WakeupCallback  stm32f7xx_hal_uart.o
    0x08003426   0x08003426   0x00000002   Code   RO         3700    i.HAL_UART_ErrorCallback  stm32f7xx_hal_uart.o
    0x08003428   0x08003428   0x00000350   Code   RO         3703    i.HAL_UART_IRQHandler  stm32f7xx_hal_uart.o
    0x08003778   0x08003778   0x00000074   Code   RO         3704    i.HAL_UART_Init     stm32f7xx_hal_uart.o
    0x080037ec   0x080037ec   0x00000294   Code   RO          397    i.HAL_UART_MspInit  usart.o
    0x08003a80   0x08003a80   0x00000002   Code   RO         3716    i.HAL_UART_TxCpltCallback  stm32f7xx_hal_uart.o
    0x08003a82   0x08003a82   0x00000004   Code   RO          468    i.HardFault_Handler  stm32f7xx_it.o
    0x08003a86   0x08003a86   0x00000002   PAD
    0x08003a88   0x08003a88   0x00000080   Code   RO         4747    i.J60_ConfigMotor   j60.o
    0x08003b08   0x08003b08   0x00000012   Code   RO         4750    i.J60_EnableMotor   j60.o
    0x08003b1a   0x08003b1a   0x00000002   PAD
    0x08003b1c   0x08003b1c   0x00000024   Code   RO         4751    i.J60_GetMotor      j60.o
    0x08003b40   0x08003b40   0x000000bc   Code   RO         4752    i.J60_Init          j60.o
    0x08003bfc   0x08003bfc   0x0000001a   Code   RO         4753    i.J60_MakeCanId     j60.o
    0x08003c16   0x08003c16   0x00000002   PAD
    0x08003c18   0x08003c18   0x00000050   Code   RO         4754    i.J60_MapKdToUint8  j60.o
    0x08003c68   0x08003c68   0x0000003c   Code   RO         4755    i.J60_MapKpToUint10  j60.o
    0x08003ca4   0x08003ca4   0x00000060   Code   RO         4756    i.J60_MapPositionToUint16  j60.o
    0x08003d04   0x08003d04   0x00000060   Code   RO         4757    i.J60_MapTorqueToUint16  j60.o
    0x08003d64   0x08003d64   0x00000030   Code   RO         4758    i.J60_MapUint16ToTorque  j60.o
    0x08003d94   0x08003d94   0x0000003c   Code   RO         4759    i.J60_MapUint20ToPosition  j60.o
    0x08003dd0   0x08003dd0   0x0000003c   Code   RO         4760    i.J60_MapUint20ToVelocity  j60.o
    0x08003e0c   0x08003e0c   0x00000030   Code   RO         4761    i.J60_MapUint7ToTemperature  j60.o
    0x08003e3c   0x08003e3c   0x00000060   Code   RO         4762    i.J60_MapVelocityToUint14  j60.o
    0x08003e9c   0x08003e9c   0x000000c8   Code   RO         4763    i.J60_MotorControl  j60.o
    0x08003f64   0x08003f64   0x000000b4   Code   RO         4764    i.J60_ProcessCanQueues  j60.o
    0x08004018   0x08004018   0x0000012c   Code   RO         4765    i.J60_ProcessReceivedData  j60.o
    0x08004144   0x08004144   0x00000054   Code   RO         4766    i.J60_SendCanMessage  j60.o
    0x08004198   0x08004198   0x00000088   Code   RO         4767    i.J60_SendCanMessage_NonBlocking  j60.o
    0x08004220   0x08004220   0x00000056   Code   RO           14    i.MPU_Config        main.o
    0x08004276   0x08004276   0x00000002   PAD
    0x08004278   0x08004278   0x00000044   Code   RO          229    i.MX_CAN1_Init      can.o
    0x080042bc   0x080042bc   0x00000044   Code   RO          230    i.MX_CAN2_Init      can.o
    0x08004300   0x08004300   0x00000044   Code   RO          231    i.MX_CAN3_Init      can.o
    0x08004344   0x08004344   0x00000070   Code   RO          282    i.MX_DMA_Init       dma.o
    0x080043b4   0x080043b4   0x0000008c   Code   RO          203    i.MX_GPIO_Init      gpio.o
    0x08004440   0x08004440   0x00000034   Code   RO          308    i.MX_TIM10_Init     tim.o
    0x08004474   0x08004474   0x00000074   Code   RO          309    i.MX_TIM1_Init      tim.o
    0x080044e8   0x080044e8   0x00000070   Code   RO          310    i.MX_TIM2_Init      tim.o
    0x08004558   0x08004558   0x00000070   Code   RO          311    i.MX_TIM3_Init      tim.o
    0x080045c8   0x080045c8   0x00000070   Code   RO          312    i.MX_TIM4_Init      tim.o
    0x08004638   0x08004638   0x00000070   Code   RO          313    i.MX_TIM5_Init      tim.o
    0x080046a8   0x080046a8   0x0000004c   Code   RO          314    i.MX_TIM6_Init      tim.o
    0x080046f4   0x080046f4   0x0000004c   Code   RO          315    i.MX_TIM7_Init      tim.o
    0x08004740   0x08004740   0x00000054   Code   RO          316    i.MX_TIM9_Init      tim.o
    0x08004794   0x08004794   0x00000040   Code   RO          398    i.MX_UART4_Init     usart.o
    0x080047d4   0x080047d4   0x00000040   Code   RO          399    i.MX_USART1_UART_Init  usart.o
    0x08004814   0x08004814   0x00000048   Code   RO          400    i.MX_USART2_UART_Init  usart.o
    0x0800485c   0x0800485c   0x00000004   Code   RO          469    i.MemManage_Handler  stm32f7xx_it.o
    0x08004860   0x08004860   0x00000004   Code   RO          470    i.NMI_Handler       stm32f7xx_it.o
    0x08004864   0x08004864   0x00000002   Code   RO          471    i.PendSV_Handler    stm32f7xx_it.o
    0x08004866   0x08004866   0x00000002   Code   RO          472    i.SVC_Handler       stm32f7xx_it.o
    0x08004868   0x08004868   0x00000008   Code   RO          473    i.SysTick_Handler   stm32f7xx_it.o
    0x08004870   0x08004870   0x000000bc   Code   RO           15    i.SystemClock_Config  main.o
    0x0800492c   0x0800492c   0x00000014   Code   RO         4167    i.SystemInit        system_stm32f7xx.o
    0x08004940   0x08004940   0x00000018   Code   RO          474    i.TIM1_BRK_TIM9_IRQHandler  stm32f7xx_it.o
    0x08004958   0x08004958   0x00000018   Code   RO          475    i.TIM1_UP_TIM10_IRQHandler  stm32f7xx_it.o
    0x08004970   0x08004970   0x00000010   Code   RO          476    i.TIM2_IRQHandler   stm32f7xx_it.o
    0x08004980   0x08004980   0x00000010   Code   RO          477    i.TIM3_IRQHandler   stm32f7xx_it.o
    0x08004990   0x08004990   0x00000010   Code   RO          478    i.TIM4_IRQHandler   stm32f7xx_it.o
    0x080049a0   0x080049a0   0x00000010   Code   RO          479    i.TIM5_IRQHandler   stm32f7xx_it.o
    0x080049b0   0x080049b0   0x00000010   Code   RO          480    i.TIM6_DAC_IRQHandler  stm32f7xx_it.o
    0x080049c0   0x080049c0   0x00000010   Code   RO          481    i.TIM7_IRQHandler   stm32f7xx_it.o
    0x080049d0   0x080049d0   0x000000e8   Code   RO         2757    i.TIM_Base_SetConfig  stm32f7xx_hal_tim.o
    0x08004ab8   0x08004ab8   0x00000016   Code   RO         2768    i.TIM_ETR_SetConfig  stm32f7xx_hal_tim.o
    0x08004ace   0x08004ace   0x00000012   Code   RO         2769    i.TIM_ITRx_SetConfig  stm32f7xx_hal_tim.o
    0x08004ae0   0x08004ae0   0x00000026   Code   RO         2777    i.TIM_TI1_ConfigInputStage  stm32f7xx_hal_tim.o
    0x08004b06   0x08004b06   0x00000028   Code   RO         2779    i.TIM_TI2_ConfigInputStage  stm32f7xx_hal_tim.o
    0x08004b2e   0x08004b2e   0x00000002   PAD
    0x08004b30   0x08004b30   0x00000010   Code   RO          482    i.UART4_IRQHandler  stm32f7xx_it.o
    0x08004b40   0x08004b40   0x000000f8   Code   RO         3718    i.UART_AdvFeatureConfig  stm32f7xx_hal_uart.o
    0x08004c38   0x08004c38   0x000000e6   Code   RO         3719    i.UART_CheckIdleState  stm32f7xx_hal_uart.o
    0x08004d1e   0x08004d1e   0x00000018   Code   RO         3720    i.UART_DMAAbortOnError  stm32f7xx_hal_uart.o
    0x08004d36   0x08004d36   0x00000066   Code   RO         3730    i.UART_EndRxTransfer  stm32f7xx_hal_uart.o
    0x08004d9c   0x08004d9c   0x0000002e   Code   RO         3731    i.UART_EndTransmit_IT  stm32f7xx_hal_uart.o
    0x08004dca   0x08004dca   0x00000002   PAD
    0x08004dcc   0x08004dcc   0x0000033c   Code   RO         3735    i.UART_SetConfig    stm32f7xx_hal_uart.o
    0x08005108   0x08005108   0x000000ac   Code   RO         3740    i.UART_WaitOnFlagUntilTimeout  stm32f7xx_hal_uart.o
    0x080051b4   0x080051b4   0x00000010   Code   RO          483    i.USART1_IRQHandler  stm32f7xx_it.o
    0x080051c4   0x080051c4   0x00000010   Code   RO          484    i.USART2_IRQHandler  stm32f7xx_it.o
    0x080051d4   0x080051d4   0x00000004   Code   RO          485    i.UsageFault_Handler  stm32f7xx_it.o
    0x080051d8   0x080051d8   0x00000020   Code   RO         5285    i.__0printf         mc_w.l(printfa.o)
    0x080051f8   0x080051f8   0x00000030   Code   RO         5409    i.__ARM_fpclassify  m_wv.l(fpclassify.o)
    0x08005228   0x08005228   0x00000026   Code   RO         5330    i.__ARM_fpclassifyf  m_wv.l(fpclassifyf.o)
    0x0800524e   0x0800524e   0x00000002   PAD
    0x08005250   0x08005250   0x00000010   Code   RO         1734    i.__NVIC_GetPriorityGrouping  stm32f7xx_hal_cortex.o
    0x08005260   0x08005260   0x00000028   Code   RO         1735    i.__NVIC_SetPriority  stm32f7xx_hal_cortex.o
    0x08005288   0x08005288   0x00000124   Code   RO         4931    i.__hardfp_acosf    m_wv.l(acosf.o)
    0x080053ac   0x080053ac   0x00000258   Code   RO         4943    i.__hardfp_atan2f   m_wv.l(atan2f.o)
    0x08005604   0x08005604   0x00000004   PAD
    0x08005608   0x08005608   0x000000b0   Code   RO         4955    i.__hardfp_cos      m_wv.l(cos.o)
    0x080056b8   0x080056b8   0x00000150   Code   RO         4967    i.__hardfp_cosf     m_wv.l(cosf.o)
    0x08005808   0x08005808   0x000000fc   Code   RO         4979    i.__hardfp_fmod     m_wv.l(fmod.o)
    0x08005904   0x08005904   0x00000658   Code   RO         4991    i.__hardfp_powf     m_wv.l(powf.o)
    0x08005f5c   0x08005f5c   0x00000004   PAD
    0x08005f60   0x08005f60   0x000000b0   Code   RO         5005    i.__hardfp_sin      m_wv.l(sin.o)
    0x08006010   0x08006010   0x00000194   Code   RO         5017    i.__hardfp_sinf     m_wv.l(sinf.o)
    0x080061a4   0x080061a4   0x0000003a   Code   RO         5029    i.__hardfp_sqrtf    m_wv.l(sqrtf.o)
    0x080061de   0x080061de   0x00000002   PAD
    0x080061e0   0x080061e0   0x00000310   Code   RO         5346    i.__ieee754_rem_pio2  m_wv.l(rred.o)
    0x080064f0   0x080064f0   0x000000e0   Code   RO         5313    i.__kernel_cos      m_wv.l(cos_i.o)
    0x080065d0   0x080065d0   0x00000070   Code   RO         5411    i.__kernel_poly     m_wv.l(poly.o)
    0x08006640   0x08006640   0x000000a8   Code   RO         5354    i.__kernel_sin      m_wv.l(sin_i.o)
    0x080066e8   0x080066e8   0x00000018   Code   RO         5319    i.__mathlib_dbl_invalid  m_wv.l(dunder.o)
    0x08006700   0x08006700   0x00000018   Code   RO         5322    i.__mathlib_dbl_underflow  m_wv.l(dunder.o)
    0x08006718   0x08006718   0x00000018   Code   RO         5332    i.__mathlib_flt_divzero  m_wv.l(funder.o)
    0x08006730   0x08006730   0x00000006   Code   RO         5333    i.__mathlib_flt_infnan  m_wv.l(funder.o)
    0x08006736   0x08006736   0x00000006   Code   RO         5334    i.__mathlib_flt_infnan2  m_wv.l(funder.o)
    0x0800673c   0x0800673c   0x00000010   Code   RO         5335    i.__mathlib_flt_invalid  m_wv.l(funder.o)
    0x0800674c   0x0800674c   0x00000010   Code   RO         5336    i.__mathlib_flt_overflow  m_wv.l(funder.o)
    0x0800675c   0x0800675c   0x00000010   Code   RO         5338    i.__mathlib_flt_underflow  m_wv.l(funder.o)
    0x0800676c   0x0800676c   0x00000154   Code   RO         5351    i.__mathlib_rredf2  m_wv.l(rredf.o)
    0x080068c0   0x080068c0   0x0000000e   Code   RO         5421    i.__scatterload_copy  mc_w.l(handlers.o)
    0x080068ce   0x080068ce   0x00000002   Code   RO         5422    i.__scatterload_null  mc_w.l(handlers.o)
    0x080068d0   0x080068d0   0x0000000e   Code   RO         5423    i.__scatterload_zeroinit  mc_w.l(handlers.o)
    0x080068de   0x080068de   0x00000002   PAD
    0x080068e0   0x080068e0   0x0000000c   Code   RO         5383    i.__set_errno       mc_w.l(errno.o)
    0x080068ec   0x080068ec   0x00000184   Code   RO         5292    i._fp_digits        mc_w.l(printfa.o)
    0x08006a70   0x08006a70   0x000006dc   Code   RO         5293    i._printf_core      mc_w.l(printfa.o)
    0x0800714c   0x0800714c   0x00000024   Code   RO         5294    i._printf_post_padding  mc_w.l(printfa.o)
    0x08007170   0x08007170   0x0000002e   Code   RO         5295    i._printf_pre_padding  mc_w.l(printfa.o)
    0x0800719e   0x0800719e   0x00000002   PAD
    0x080071a0   0x080071a0   0x000000f4   Code   RO         4406    i.cal_foot_end_pos  gait.o
    0x08007294   0x08007294   0x0000018c   Code   RO         4700    i.check_motor_limit  motor.o
    0x08007420   0x08007420   0x00000006   Code   RO         4485    i.default_checker   fsm.o
    0x08007426   0x08007426   0x00000002   Code   RO         4486    i.default_handler   fsm.o
    0x08007428   0x08007428   0x000000f4   Code   RO         4203    i.dog_cog_to_foot   dog.o
    0x0800751c   0x0800751c   0x00000012   Code   RO         4487    i.dog_fsm_init      fsm.o
    0x0800752e   0x0800752e   0x00000002   PAD
    0x08007530   0x08007530   0x00000010   Code   RO         4205    i.dog_get_body_vel  dog.o
    0x08007540   0x08007540   0x0000000c   Code   RO         4206    i.dog_get_stand_height  dog.o
    0x0800754c   0x0800754c   0x000000c4   Code   RO         4207    i.dog_init          dog.o
    0x08007610   0x08007610   0x0000003c   Code   RO         4208    i.dog_send_motors   dog.o
    0x0800764c   0x0800764c   0x00000018   Code   RO         5405    i.fabs              m_wv.l(fabs.o)
    0x08007664   0x08007664   0x00000002   Code   RO          401    i.fputc             usart.o
    0x08007666   0x08007666   0x00000002   PAD
    0x08007668   0x08007668   0x0000001c   Code   RO         4488    i.fsm_change_to     fsm.o
    0x08007684   0x08007684   0x0000000c   Code   RO         4491    i.fsm_get_previous_state  fsm.o
    0x08007690   0x08007690   0x00000064   Code   RO         4492    i.fsm_init          fsm.o
    0x080076f4   0x080076f4   0x0000003c   Code   RO         4493    i.fsm_register_state  fsm.o
    0x08007730   0x08007730   0x0000006c   Code   RO         4494    i.fsm_update        fsm.o
    0x0800779c   0x0800779c   0x00000264   Code   RO         4407    i.gait_generator    gait.o
    0x08007a00   0x08007a00   0x00000020   Code   RO         4450    i.getTime           timer.o
    0x08007a20   0x08007a20   0x00000008   Code   RO         4908    i.get_robot_params  robot_params.o
    0x08007a28   0x08007a28   0x0000000c   Code   RO         4408    i.get_trot_params   gait.o
    0x08007a34   0x08007a34   0x0000001e   Code   RO         4213    i.leg_foot_to_motor  dog.o
    0x08007a52   0x08007a52   0x00000002   PAD
    0x08007a54   0x08007a54   0x00000150   Code   RO         4214    i.leg_forward_kinematics  dog.o
    0x08007ba4   0x08007ba4   0x0000001a   Code   RO         4215    i.leg_get_current_foot_pos  dog.o
    0x08007bbe   0x08007bbe   0x0000001a   Code   RO         4216    i.leg_get_current_joints  dog.o
    0x08007bd8   0x08007bd8   0x0000002a   Code   RO         4701    i.leg_get_motors_current_pos  motor.o
    0x08007c02   0x08007c02   0x00000002   PAD
    0x08007c04   0x08007c04   0x00000020   Code   RO         4218    i.leg_get_neutral_pos  dog.o
    0x08007c24   0x08007c24   0x00000020   Code   RO         4219    i.leg_get_target_foot_pos  dog.o
    0x08007c44   0x08007c44   0x000001b8   Code   RO         4220    i.leg_inverse_kinematics  dog.o
    0x08007dfc   0x08007dfc   0x00000016   Code   RO         4221    i.leg_joint_to_motor  dog.o
    0x08007e12   0x08007e12   0x00000016   Code   RO         4222    i.leg_motor_to_joint  dog.o
    0x08007e28   0x08007e28   0x00000020   Code   RO         4224    i.leg_set_motor_pos  dog.o
    0x08007e48   0x08007e48   0x00000020   Code   RO         4225    i.leg_set_target_foot_pos  dog.o
    0x08007e68   0x08007e68   0x00000044   Code   RO         4226    i.leg_thigh_to_hip  dog.o
    0x08007eac   0x08007eac   0x000000bc   Code   RO         4227    i.leg_transform     dog.o
    0x08007f68   0x08007f68   0x0000006c   Code   RO           16    i.main              main.o
    0x08007fd4   0x08007fd4   0x000001e0   Code   RO         4702    i.motor_init        motor.o
    0x080081b4   0x080081b4   0x00000126   Code   RO         4409    i.phase_wave_generator  gait.o
    0x080082da   0x080082da   0x00000002   PAD
    0x080082dc   0x080082dc   0x00000024   Code   RO         4576    i.register_stand_state  stand_state.o
    0x08008300   0x08008300   0x00000024   Code   RO         4623    i.register_trot_state  trot_state.o
    0x08008324   0x08008324   0x0000005c   Code   RO         4703    i.send_motors_target_pos  motor.o
    0x08008380   0x08008380   0x0000003e   Code   RO         5031    i.sqrtf             m_wv.l(sqrtf.o)
    0x080083be   0x080083be   0x00000002   PAD
    0x080083c0   0x080083c0   0x0000002c   Code   RO         4577    i.stand_check_transition  stand_state.o
    0x080083ec   0x080083ec   0x000000d0   Code   RO         4578    i.stand_enter       stand_state.o
    0x080084bc   0x080084bc   0x0000001c   Code   RO         4579    i.stand_exit        stand_state.o
    0x080084d8   0x080084d8   0x00000268   Code   RO         4580    i.stand_run         stand_state.o
    0x08008740   0x08008740   0x00000024   Code   RO         4451    i.timer_init        timer.o
    0x08008764   0x08008764   0x00000030   Code   RO         4624    i.trot_check_transition  trot_state.o
    0x08008794   0x08008794   0x00000030   Code   RO         4625    i.trot_enter        trot_state.o
    0x080087c4   0x080087c4   0x00000020   Code   RO         4626    i.trot_exit         trot_state.o
    0x080087e4   0x080087e4   0x00000090   Code   RO         4627    i.trot_run          trot_state.o
    0x08008874   0x08008874   0x00000008   Data   RO         1366    .constdata          stm32f7xx_hal_dma.o
    0x0800887c   0x0800887c   0x00000018   Data   RO         4168    .constdata          system_stm32f7xx.o
    0x08008894   0x08008894   0x00000020   Data   RO         4410    .constdata          gait.o
    0x080088b4   0x080088b4   0x0000000c   Data   RO         4704    .constdata          motor.o
    0x080088c0   0x080088c0   0x000001d4   Data   RO         4909    .constdata          robot_params.o
    0x08008a94   0x08008a94   0x00000140   Data   RO         4994    .constdata          m_wv.l(powf.o)
    0x08008bd4   0x08008bd4   0x00000004   PAD
    0x08008bd8   0x08008bd8   0x00000030   Data   RO         5314    .constdata          m_wv.l(cos_i.o)
    0x08008c08   0x08008c08   0x000000c8   Data   RO         5348    .constdata          m_wv.l(rred.o)
    0x08008cd0   0x08008cd0   0x00000020   Data   RO         5352    .constdata          m_wv.l(rredf.o)
    0x08008cf0   0x08008cf0   0x00000028   Data   RO         5355    .constdata          m_wv.l(sin_i.o)
    0x08008d18   0x08008d18   0x00000014   Data   RO         4705    .conststring        motor.o
    0x08008d2c   0x08008d2c   0x00000020   Data   RO         5419    Region$$Table       anon$$obj.o


    Execution Region RW_IRAM1 (Exec base: 0x20000000, Load base: 0x08008d4c, Size: 0x000036a0, Max: 0x00080000, ABSOLUTE)

    Exec Addr    Load Addr    Size         Type   Attr      Idx    E Section Name        Object

    0x20000000   0x08008d4c   0x00000004   Data   RW          233    .data               can.o
    0x20000004   0x08008d50   0x00000009   Data   RW         1897    .data               stm32f7xx_hal.o
    0x2000000d   0x08008d59   0x00000003   PAD
    0x20000010   0x08008d5c   0x00000004   Data   RW         4169    .data               system_stm32f7xx.o
    0x20000014   0x08008d60   0x00000014   Data   RW         4582    .data               stand_state.o
    0x20000028   0x08008d74   0x0000000c   Data   RW         4769    .data               j60.o
    0x20000034   0x08008d80   0x00000004   Data   RW         5374    .data               mc_w.l(stdout.o)
    0x20000038   0x08008d84   0x00000004   Data   RW         5384    .data               mc_w.l(errno.o)
    0x2000003c        -       0x00000078   Zero   RW          232    .bss                can.o
    0x200000b4        -       0x000002ac   Zero   RW          317    .bss                tim.o
    0x20000360        -       0x000002b8   Zero   RW          402    .bss                usart.o
    0x20000618        -       0x00000400   Zero   RW         4230    .bss                dog.o
    0x20000a18        -       0x00000074   Zero   RW         4495    .bss                fsm.o
    0x20000a8c        -       0x00000060   Zero   RW         4581    .bss                stand_state.o
    0x20000aec        -       0x00000078   Zero   RW         4628    .bss                trot_state.o
    0x20000b64        -       0x00000b3c   Zero   RW         4768    .bss                j60.o
    0x200016a0        -       0x00002000   Zero   RW            1    STACK               startup_stm32f767xx.o


==============================================================================

Image component sizes


      Code (inc. data)   RO Data    RW Data    ZI Data      Debug   Object Name

       652         54          0          4        120       3011   can.o
       112          6          0          0          0        790   dma.o
      1814        102          0          0       1024      14816   dog.o
       334         36          0          0        116       4797   fsm.o
      1162         30         32          0          0       4293   gait.o
       140          4          0          0          0        887   gpio.o
      2138        218          0         12       2876      15831   j60.o
       388         10          0          0          0     905844   main.o
      1010        182         32          0          0       3527   motor.o
         8          4        468          0          0        983   robot_params.o
       932        132          0         20         96       3919   stand_state.o
        36          8        504          0       8192        824   startup_stm32f767xx.o
       134         26          0          9          0       8457   stm32f7xx_hal.o
      2230          8          0          0          0      14837   stm32f7xx_hal_can.o
       504         40          0          0          0      41445   stm32f7xx_hal_cortex.o
      1250         18          8          0          0       5303   stm32f7xx_hal_dma.o
       524         52          0          0          0       1456   stm32f7xx_hal_gpio.o
        64          4          0          0          0        830   stm32f7xx_hal_msp.o
        20          6          0          0          0        535   stm32f7xx_hal_pwr.o
       144          8          0          0          0       1248   stm32f7xx_hal_pwr_ex.o
      1956         74          0          0          0       5516   stm32f7xx_hal_rcc.o
      1884         16          0          0          0       2212   stm32f7xx_hal_rcc_ex.o
      1328         84          0          0          0       9723   stm32f7xx_hal_tim.o
       210         30          0          0          0       3084   stm32f7xx_hal_tim_ex.o
      2622         76          0          0          0      11167   stm32f7xx_hal_uart.o
       322        106          0          0          0      12439   stm32f7xx_it.o
        20          6         24          4          0       1091   system_stm32f7xx.o
      1420        110          0          0        684       6880   tim.o
       120         32          0          0          0       1823   timer.o
       308         70          0          0        120       2715   trot_state.o
       862         76          0          0        696       5250   usart.o

    ----------------------------------------------------------------------
     24686       1628       1100         52      13924    1095533   Object Totals
         0          0         32          0          0          0   (incl. Generated)
        38          0          0          3          0          0   (incl. Padding)

    ----------------------------------------------------------------------

      Code (inc. data)   RO Data    RW Data    ZI Data      Debug   Library Member Name

       292         58          0          0          0        176   acosf.o
       600         98          0          0          0        184   atan2f.o
       176         18          0          0          0        156   cos.o
       224         42         48          0          0        184   cos_i.o
       336         60          0          0          0        136   cosf.o
        48         28          0          0          0        232   dunder.o
        24          0          0          0          0        124   fabs.o
       252          6          0          0          0        144   fmod.o
        48          0          0          0          0        124   fpclassify.o
        38          0          0          0          0        116   fpclassifyf.o
        84         28          0          0          0        696   funder.o
       112          0          0          0          0        116   poly.o
      1624        130        320          0          0        400   powf.o
       784        138        200          0          0        172   rred.o
       340         24         32          0          0        160   rredf.o
       176         18          0          0          0        160   sin.o
       168         24         40          0          0        196   sin_i.o
       404         60          0          0          0        212   sinf.o
       120          0          0          0          0        272   sqrtf.o
         0          0          0          0          0          0   entry.o
         0          0          0          0          0          0   entry10a.o
         0          0          0          0          0          0   entry11a.o
         8          4          0          0          0          0   entry2.o
         4          0          0          0          0          0   entry5.o
         0          0          0          0          0          0   entry7b.o
         0          0          0          0          0          0   entry8b.o
         8          4          0          0          0          0   entry9a.o
        12          6          0          4          0         68   errno.o
        30          0          0          0          0          0   handlers.o
        36          8          0          0          0         68   init.o
         0          0          0          0          0          0   iusefp.o
        30          0          0          0          0         68   llshl.o
        36          0          0          0          0         68   llsshr.o
        32          0          0          0          0         68   llushr.o
        36          0          0          0          0         68   memcpya.o
        36          0          0          0          0        108   memseta.o
      2258         90          0          0          0        452   printfa.o
         0          0          0          4          0          0   stdout.o
        44          0          0          0          0         80   uidiv.o
        98          0          0          0          0         92   uldiv.o
        48          0          0          0          0         68   cdrcmple.o
       334          0          0          0          0        148   dadd.o
       222          0          0          0          0        100   ddiv.o
       186          0          0          0          0        176   depilogue.o
        48          0          0          0          0         68   dfixul.o
       228          0          0          0          0         96   dmul.o
       134          0          0          0          0         96   drem.o
         4          0          0          0          0         68   fpstat.o

    ----------------------------------------------------------------------
      9742        852        644          8          0       5920   Library Totals
        20          8          4          0          0          0   (incl. Padding)

    ----------------------------------------------------------------------

      Code (inc. data)   RO Data    RW Data    ZI Data      Debug   Library Name

      5850        732        640          0          0       3960   m_wv.l
      2668        112          0          8          0       1140   mc_w.l
      1204          0          0          0          0        820   mf_w.l

    ----------------------------------------------------------------------
      9742        852        644          8          0       5920   Library Totals

    ----------------------------------------------------------------------

==============================================================================


      Code (inc. data)   RO Data    RW Data    ZI Data      Debug   

     34428       2480       1744         60      13924    1079269   Grand Totals
     34428       2480       1744         60      13924    1079269   ELF Image Totals
     34428       2480       1744         60          0          0   ROM Totals

==============================================================================

    Total RO  Size (Code + RO Data)                36172 (  35.32kB)
    Total RW  Size (RW Data + ZI Data)             13984 (  13.66kB)
    Total ROM Size (Code + RO Data + RW Data)      36232 (  35.38kB)

==============================================================================

